Component: ARM Compiler 6.14.1 Tool: armlink [5db06d00]

==============================================================================

Section Cross References

    main.o(.text) refers (Special) to _printf_d.o(.ARM.Collect$$_printf_percent$$00000009) for _printf_d
    main.o(.text) refers (Special) to _printf_f.o(.ARM.Collect$$_printf_percent$$00000003) for _printf_f
    main.o(.text) refers (Special) to printf1.o(x$fpl$printf1) for _printf_fp_dec
    main.o(.text) refers (Special) to _printf_dec.o(.text) for _printf_int_dec
    main.o(.text) refers (Special) to _printf_percent.o(.ARM.Collect$$_printf_percent$$00000000) for _printf_percent
    main.o(.text) refers (Special) to _printf_u.o(.ARM.Collect$$_printf_percent$$0000000A) for _printf_u
    main.o(.text.UART_SendChar) refers (Special) to _printf_d.o(.ARM.Collect$$_printf_percent$$00000009) for _printf_d
    main.o(.text.UART_SendChar) refers (Special) to _printf_f.o(.ARM.Collect$$_printf_percent$$00000003) for _printf_f
    main.o(.text.UART_SendChar) refers (Special) to printf1.o(x$fpl$printf1) for _printf_fp_dec
    main.o(.text.UART_SendChar) refers (Special) to _printf_dec.o(.text) for _printf_int_dec
    main.o(.text.UART_SendChar) refers (Special) to _printf_percent.o(.ARM.Collect$$_printf_percent$$00000000) for _printf_percent
    main.o(.text.UART_SendChar) refers (Special) to _printf_u.o(.ARM.Collect$$_printf_percent$$0000000A) for _printf_u
    main.o(.ARM.exidx.text.UART_SendChar) refers (Special) to _printf_d.o(.ARM.Collect$$_printf_percent$$00000009) for _printf_d
    main.o(.ARM.exidx.text.UART_SendChar) refers (Special) to _printf_f.o(.ARM.Collect$$_printf_percent$$00000003) for _printf_f
    main.o(.ARM.exidx.text.UART_SendChar) refers (Special) to printf1.o(x$fpl$printf1) for _printf_fp_dec
    main.o(.ARM.exidx.text.UART_SendChar) refers (Special) to _printf_dec.o(.text) for _printf_int_dec
    main.o(.ARM.exidx.text.UART_SendChar) refers (Special) to _printf_percent.o(.ARM.Collect$$_printf_percent$$00000000) for _printf_percent
    main.o(.ARM.exidx.text.UART_SendChar) refers (Special) to _printf_u.o(.ARM.Collect$$_printf_percent$$0000000A) for _printf_u
    main.o(.ARM.exidx.text.UART_SendChar) refers to main.o(.text.UART_SendChar) for [Anonymous Symbol]
    main.o(.text.UART_SendString) refers (Special) to _printf_d.o(.ARM.Collect$$_printf_percent$$00000009) for _printf_d
    main.o(.text.UART_SendString) refers (Special) to _printf_f.o(.ARM.Collect$$_printf_percent$$00000003) for _printf_f
    main.o(.text.UART_SendString) refers (Special) to printf1.o(x$fpl$printf1) for _printf_fp_dec
    main.o(.text.UART_SendString) refers (Special) to _printf_dec.o(.text) for _printf_int_dec
    main.o(.text.UART_SendString) refers (Special) to _printf_percent.o(.ARM.Collect$$_printf_percent$$00000000) for _printf_percent
    main.o(.text.UART_SendString) refers (Special) to _printf_u.o(.ARM.Collect$$_printf_percent$$0000000A) for _printf_u
    main.o(.text.UART_SendString) refers to main.o(.text.UART_SendChar) for UART_SendChar
    main.o(.ARM.exidx.text.UART_SendString) refers (Special) to _printf_d.o(.ARM.Collect$$_printf_percent$$00000009) for _printf_d
    main.o(.ARM.exidx.text.UART_SendString) refers (Special) to _printf_f.o(.ARM.Collect$$_printf_percent$$00000003) for _printf_f
    main.o(.ARM.exidx.text.UART_SendString) refers (Special) to printf1.o(x$fpl$printf1) for _printf_fp_dec
    main.o(.ARM.exidx.text.UART_SendString) refers (Special) to _printf_dec.o(.text) for _printf_int_dec
    main.o(.ARM.exidx.text.UART_SendString) refers (Special) to _printf_percent.o(.ARM.Collect$$_printf_percent$$00000000) for _printf_percent
    main.o(.ARM.exidx.text.UART_SendString) refers (Special) to _printf_u.o(.ARM.Collect$$_printf_percent$$0000000A) for _printf_u
    main.o(.ARM.exidx.text.UART_SendString) refers to main.o(.text.UART_SendString) for [Anonymous Symbol]
    main.o(.text.UART_Init) refers (Special) to _printf_d.o(.ARM.Collect$$_printf_percent$$00000009) for _printf_d
    main.o(.text.UART_Init) refers (Special) to _printf_f.o(.ARM.Collect$$_printf_percent$$00000003) for _printf_f
    main.o(.text.UART_Init) refers (Special) to printf1.o(x$fpl$printf1) for _printf_fp_dec
    main.o(.text.UART_Init) refers (Special) to _printf_dec.o(.text) for _printf_int_dec
    main.o(.text.UART_Init) refers (Special) to _printf_percent.o(.ARM.Collect$$_printf_percent$$00000000) for _printf_percent
    main.o(.text.UART_Init) refers (Special) to _printf_u.o(.ARM.Collect$$_printf_percent$$0000000A) for _printf_u
    main.o(.ARM.exidx.text.UART_Init) refers (Special) to _printf_d.o(.ARM.Collect$$_printf_percent$$00000009) for _printf_d
    main.o(.ARM.exidx.text.UART_Init) refers (Special) to _printf_f.o(.ARM.Collect$$_printf_percent$$00000003) for _printf_f
    main.o(.ARM.exidx.text.UART_Init) refers (Special) to printf1.o(x$fpl$printf1) for _printf_fp_dec
[...]
    prvProcessTimerOrBlockTask               0x00001c65   Thumb Code   128  timers.o(.text.prvProcessTimerOrBlockTask)
    [Anonymous Symbol]                       0x00001c64   Section        0  timers.o(.text.prvProcessTimerOrBlockTask)
    prvReloadTimer                           0x00001ce5   Thumb Code    58  timers.o(.text.prvReloadTimer)
    [Anonymous Symbol]                       0x00001ce4   Section        0  timers.o(.text.prvReloadTimer)
    prvResetNextTaskUnblockTime              0x00001d21   Thumb Code    38  tasks.o(.text.prvResetNextTaskUnblockTime)
    [Anonymous Symbol]                       0x00001d20   Section        0  tasks.o(.text.prvResetNextTaskUnblockTime)
    prvSampleTimeNow                         0x00001d49   Thumb Code    42  timers.o(.text.prvSampleTimeNow)
    [Anonymous Symbol]                       0x00001d48   Section        0  timers.o(.text.prvSampleTimeNow)
    prvSwitchTimerLists                      0x00001d75   Thumb Code    52  timers.o(.text.prvSwitchTimerLists)
    [Anonymous Symbol]                       0x00001d74   Section        0  timers.o(.text.prvSwitchTimerLists)
    prvTaskExitError                         0x00001da9   Thumb Code    50  port.o(.text.prvTaskExitError)
    [Anonymous Symbol]                       0x00001da8   Section        0  port.o(.text.prvTaskExitError)
    prvTimerTask                             0x00001ddd   Thumb Code    22  timers.o(.text.prvTimerTask)
    [Anonymous Symbol]                       0x00001ddc   Section        0  timers.o(.text.prvTimerTask)
    prvUnlockQueue                           0x00001df5   Thumb Code   134  queue.o(.text.prvUnlockQueue)
    [Anonymous Symbol]                       0x00001df4   Section        0  queue.o(.text.prvUnlockQueue)
    [Anonymous Symbol]                       0x00001e7c   Section        0  heap_2.o(.text.pvPortMalloc)
    [Anonymous Symbol]                       0x00001f6c   Section        0  port.o(.text.pxPortInitialiseStack)
    [Anonymous Symbol]                       0x00001f8c   Section        0  list.o(.text.uxListRemove)
    [Anonymous Symbol]                       0x00001fb4   Section        0  tasks.o(.text.uxTaskGetNumberOfTasks)
    [Anonymous Symbol]                       0x00001fc0   Section        0  main.o(.text.vCommunicationTask)
    [Anonymous Symbol]                       0x00002080   Section        0  main.o(.text.vDisplayTask)
    [Anonymous Symbol]                       0x000020e0   Section        0  main.o(.text.vHeartRateTask)
    [Anonymous Symbol]                       0x00002140   Section        0  list.o(.text.vListInitialise)
    [Anonymous Symbol]                       0x00002158   Section        0  list.o(.text.vListInitialiseItem)
    [Anonymous Symbol]                       0x00002160   Section        0  list.o(.text.vListInsert)
    [Anonymous Symbol]                       0x0000219c   Section        0  port.o(.text.vPortEnterCritical)
    [Anonymous Symbol]                       0x000021e4   Section        0  port.o(.text.vPortExitCritical)
    [Anonymous Symbol]                       0x00002214   Section        0  heap_2.o(.text.vPortFree)
    [Anonymous Symbol]                       0x00002294   Section        0  port.o(.text.vPortSetupTimerInterrupt)
    [Anonymous Symbol]                       0x000022f8   Section        0  port.o(.text.vPortSuppressTicksAndSleep)
    [Anonymous Symbol]                       0x00002410   Section        0  queue.o(.text.vQueueWaitForMessageRestricted)
    [Anonymous Symbol]                       0x00002454   Section        0  tasks.o(.text.vTaskDelay)
    [Anonymous Symbol]                       0x000024ac   Section        0  tasks.o(.text.vTaskInternalSetTimeOutState)
    [Anonymous Symbol]                       0x000024c8   Section        0  tasks.o(.text.vTaskMissedYield)
    [Anonymous Symbol]                       0x000024d8   Section        0  tasks.o(.text.vTaskPlaceOnEventList)
    [Anonymous Symbol]                       0x0000250c   Section        0  tasks.o(.text.vTaskPlaceOnEventListRestricted)
    [Anonymous Symbol]                       0x00002574   Section        0  tasks.o(.text.vTaskStartScheduler)
    [Anonymous Symbol]                       0x000025e4   Section        0  tasks.o(.text.vTaskStepTick)
    [Anonymous Symbol]                       0x00002674   Section        0  tasks.o(.text.vTaskSuspendAll)
    __tagsym$$used.0                         0x00002684   Number         0  tasks.o(.text.vTaskSwitchContext)
    [Anonymous Symbol]                       0x00002684   Section        0  tasks.o(.text.vTaskSwitchContext)
    [Anonymous Symbol]                       0x00002710   Section        0  main.o(.text.vTemperatureTask)
    [Anonymous Symbol]                       0x00002770   Section        0  port.o(.text.xPortStartScheduler)
    [Anonymous Symbol]                       0x000028a8   Section        0  queue.o(.text.xQueueCreateMutex)
    [Anonymous Symbol]                       0x000028c0   Section        0  queue.o(.text.xQueueGenericCreate)
    [Anonymous Symbol]                       0x00002914   Section        0  queue.o(.text.xQueueGenericReset)
    [Anonymous Symbol]                       0x000029c0   Section        0  queue.o(.text.xQueueGenericSend)
    [Anonymous Symbol]                       0x00002b90   Section        0  queue.o(.text.xQueueReceive)
    [Anonymous Symbol]                       0x00002d10   Section        0  tasks.o(.text.xTaskCheckForTimeOut)
    [Anonymous Symbol]                       0x00002db8   Section        0  tasks.o(.text.xTaskCreate)
    [Anonymous Symbol]                       0x00002ddc   Section        0  tasks.o(.text.xTaskGetSchedulerState)
    [Anonymous Symbol]                       0x00002e04   Section        0  tasks.o(.text.xTaskGetTickCount)
    [Anonymous Symbol]                       0x00002e10   Section        0  tasks.o(.text.xTaskIncrementTick)
    [Anonymous Symbol]                       0x00002fc0   Section        0  tasks.o(.text.xTaskPriorityDisinherit)
    [Anonymous Symbol]                       0x00003084   Section        0  tasks.o(.text.xTaskRemoveFromEventList)
    [Anonymous Symbol]                       0x0000317c   Section        0  tasks.o(.text.xTaskResumeAll)
    [Anonymous Symbol]                       0x000032f0   Section        0  timers.o(.text.xTimerCreateTimerTask)
    CL$$btod_d2e                             0x00003350   Section       62  btod.o(CL$$btod_d2e)
    CL$$btod_d2e_denorm_low                  0x0000338e   Section       70  btod.o(CL$$btod_d2e_denorm_low)
    CL$$btod_d2e_norm_op1                    0x000033d4   Section       96  btod.o(CL$$btod_d2e_norm_op1)
    CL$$btod_div_common                      0x00003434   Section      824  btod.o(CL$$btod_div_common)
    CL$$btod_e2e                             0x0000376c   Section      220  btod.o(CL$$btod_e2e)
    CL$$btod_ediv                            0x00003848   Section       42  btod.o(CL$$btod_ediv)
    CL$$btod_emul                            0x00003872   Section       42  btod.o(CL$$btod_emul)
    CL$$btod_mult_common                     0x0000389c   Section      580  btod.o(CL$$btod_mult_common)
    i.__ARM_fpclassify                       0x00003ae0   Section        0  fpclassify.o(i.__ARM_fpclassify)
    i._is_digit                              0x00003b08   Section        0  __printf_wp.o(i._is_digit)
    locale$$code                             0x00003b18   Section       44  lc_numeric_c.o(locale$$code)
    x$fpl$dretinf                            0x00003b44   Section       12  dretinf.o(x$fpl$dretinf)
    x$fpl$f2d                                0x00003b50   Section       86  f2d.o(x$fpl$f2d)
    x$fpl$fcmp                               0x00003ba6   Section       84  fcmp.o(x$fpl$fcmp)
    x$fpl$fcmpinf                            0x00003bfa   Section       24  fcmpi.o(x$fpl$fcmpinf)
    _fdiv1                                   0x00003c15   Thumb Code     0  fdiv.o(x$fpl$fdiv)
    x$fpl$fdiv                               0x00003c14   Section      388  fdiv.o(x$fpl$fdiv)
    x$fpl$feqf                               0x00003d98   Section      104  feqf.o(x$fpl$feqf)
    x$fpl$ffltu                              0x00003e00   Section       38  fflt_clz.o(x$fpl$ffltu)
    x$fpl$fgeqf                              0x00003e28   Section      104  fgeqf.o(x$fpl$fgeqf)
    x$fpl$fleqf                              0x00003e90   Section      104  fleqf.o(x$fpl$fleqf)
    x$fpl$fmul                               0x00003ef8   Section      258  fmul.o(x$fpl$fmul)
    x$fpl$fnaninf                            0x00003ffa   Section      140  fnaninf.o(x$fpl$fnaninf)
    x$fpl$fretinf                            0x00004086   Section       10  fretinf.o(x$fpl$fretinf)
    x$fpl$printf1                            0x00004090   Section        4  printf1.o(x$fpl$printf1)
    tenpwrs_x                                0x00004094   Data          60  bigflt0.o(.constdata)
    .constdata                               0x00004094   Section      148  bigflt0.o(.constdata)
    x$fpl$usenofp                            0x00004094   Section        0  usenofp.o(x$fpl$usenofp)
    tenpwrs_i                                0x000040d0   Data          64  bigflt0.o(.constdata)
    uxTopUsedPriority                        0x00004128   Data           4  tasks.o(.rodata.uxTopUsedPriority)
    [Anonymous Symbol]                       0x00004128   Section        0  tasks.o(.rodata.uxTopUsedPriority)
    locale$$data                             0x0000414c   Section       28  lc_numeric_c.o(locale$$data)
    __lcnum_c_name                           0x00004150   Data           2  lc_numeric_c.o(locale$$data)
    __lcnum_c_start                          0x00004158   Data           0  lc_numeric_c.o(locale$$data)
    __lcnum_c_point                          0x00004164   Data           0  lc_numeric_c.o(locale$$data)
    __lcnum_c_thousands                      0x00004166   Data           0  lc_numeric_c.o(locale$$data)
    __lcnum_c_grouping                       0x00004167   Data           0  lc_numeric_c.o(locale$$data)
    __lcnum_c_end                            0x00004168   Data           0  lc_numeric_c.o(locale$$data)
    uxCriticalNesting                        0x20000004   Data           4  port.o(.data.uxCriticalNesting)
    [Anonymous Symbol]                       0x20000004   Section        0  port.o(.data.uxCriticalNesting)
    xFreeBytesRemaining                      0x20000008   Data           4  heap_2.o(.data.xFreeBytesRemaining)
    [Anonymous Symbol]                       0x20000008   Section        0  heap_2.o(.data.xFreeBytesRemaining)
    .bss                                     0x20000010   Section       96  libspace.o(.bss)
    prvSampleTimeNow.xLastTime               0x20000070   Data           4  timers.o(.bss.prvSampleTimeNow.xLastTime)
    [Anonymous Symbol]                       0x20000070   Section        0  timers.o(.bss.prvSampleTimeNow.xLastTime)
    __tagsym$$used.1                         0x20000074   Number         0  tasks.o(.bss.pxCurrentTCB)
    pxCurrentTimerList                       0x20000078   Data           4  timers.o(.bss.pxCurrentTimerList)
    [Anonymous Symbol]                       0x20000078   Section        0  timers.o(.bss.pxCurrentTimerList)
    pxDelayedTaskList                        0x2000007c   Data           4  tasks.o(.bss.pxDelayedTaskList)
    [Anonymous Symbol]                       0x2000007c   Section        0  tasks.o(.bss.pxDelayedTaskList)
    pxOverflowDelayedTaskList                0x20000080   Data           4  tasks.o(.bss.pxOverflowDelayedTaskList)
    [Anonymous Symbol]                       0x20000080   Section        0  tasks.o(.bss.pxOverflowDelayedTaskList)
    pxOverflowTimerList                      0x20000084   Data           4  timers.o(.bss.pxOverflowTimerList)
    [Anonymous Symbol]                       0x20000084   Section        0  timers.o(.bss.pxOverflowTimerList)
    pxReadyTasksLists                        0x20000088   Data         400  tasks.o(.bss.pxReadyTasksLists)
    [Anonymous Symbol]                       0x20000088   Section        0  tasks.o(.bss.pxReadyTasksLists)
    ucHeap                                   0x20000218   Data       30000  heap_2.o(.bss.ucHeap)
    [Anonymous Symbol]                       0x20000218   Section        0  heap_2.o(.bss.ucHeap)
    ucMaxSysCallPriority                     0x20007748   Data           1  port.o(.bss.ucMaxSysCallPriority)
    [Anonymous Symbol]                       0x20007748   Section        0  port.o(.bss.ucMaxSysCallPriority)
    ulMaxPRIGROUPValue                       0x2000774c   Data           4  port.o(.bss.ulMaxPRIGROUPValue)
    [Anonymous Symbol]                       0x2000774c   Section        0  port.o(.bss.ulMaxPRIGROUPValue)
    ulStoppedTimerCompensation               0x20007750   Data           1  port.o(.bss.ulStoppedTimerCompensation)
    [Anonymous Symbol]                       0x20007750   Section        0  port.o(.bss.ulStoppedTimerCompensation)
    ulTimerCountsForOneTick                  0x20007754   Data           4  port.o(.bss.ulTimerCountsForOneTick)
    [Anonymous Symbol]                       0x20007754   Section        0  port.o(.bss.ulTimerCountsForOneTick)
    uxCurrentNumberOfTasks                   0x20007758   Data           4  tasks.o(.bss.uxCurrentNumberOfTasks)
    [Anonymous Symbol]                       0x20007758   Section        0  tasks.o(.bss.uxCurrentNumberOfTasks)
    uxDeletedTasksWaitingCleanUp             0x2000775c   Data           4  tasks.o(.bss.uxDeletedTasksWaitingCleanUp)
    [Anonymous Symbol]                       0x2000775c   Section        0  tasks.o(.bss.uxDeletedTasksWaitingCleanUp)
    uxSchedulerSuspended                     0x20007760   Data           4  tasks.o(.bss.uxSchedulerSuspended)
    [Anonymous Symbol]                       0x20007760   Section        0  tasks.o(.bss.uxSchedulerSuspended)
    uxTaskNumber                             0x20007764   Data           4  tasks.o(.bss.uxTaskNumber)
    [Anonymous Symbol]                       0x20007764   Section        0  tasks.o(.bss.uxTaskNumber)
    uxTopReadyPriority                       0x20007768   Data           4  tasks.o(.bss.uxTopReadyPriority)
    [Anonymous Symbol]                       0x20007768   Section        0  tasks.o(.bss.uxTopReadyPriority)
    xActiveTimerList1                        0x2000776c   Data          20  timers.o(.bss.xActiveTimerList1)
    [Anonymous Symbol]                       0x2000776c   Section        0  timers.o(.bss.xActiveTimerList1)
    xActiveTimerList2                        0x20007780   Data          20  timers.o(.bss.xActiveTimerList2)
    [Anonymous Symbol]                       0x20007780   Section        0  timers.o(.bss.xActiveTimerList2)
    xDelayedTaskList1                        0x2000779c   Data          20  tasks.o(.bss.xDelayedTaskList1)
    [Anonymous Symbol]                       0x2000779c   Section        0  tasks.o(.bss.xDelayedTaskList1)
    xDelayedTaskList2                        0x200077b0   Data          20  tasks.o(.bss.xDelayedTaskList2)
    [Anonymous Symbol]                       0x200077b0   Section        0  tasks.o(.bss.xDelayedTaskList2)
    xEnd                                     0x200077c8   Data           8  heap_2.o(.bss.xEnd)
    [Anonymous Symbol]                       0x200077c8   Section        0  heap_2.o(.bss.xEnd)
    xHeapHasBeenInitialised                  0x200077d0   Data           1  heap_2.o(.bss.xHeapHasBeenInitialised)
    [Anonymous Symbol]                       0x200077d0   Section        0  heap_2.o(.bss.xHeapHasBeenInitialised)
    xIdleTaskHandles                         0x200077dc   Data           4  tasks.o(.bss.xIdleTaskHandles)
    [Anonymous Symbol]                       0x200077dc   Section        0  tasks.o(.bss.xIdleTaskHandles)
    xMaximumPossibleSuppressedTicks          0x200077e0   Data           4  port.o(.bss.xMaximumPossibleSuppressedTicks)
    [Anonymous Symbol]                       0x200077e0   Section        0  port.o(.bss.xMaximumPossibleSuppressedTicks)
    xNextTaskUnblockTime                     0x200077e4   Data           4  tasks.o(.bss.xNextTaskUnblockTime)
    [Anonymous Symbol]                       0x200077e4   Section        0  tasks.o(.bss.xNextTaskUnblockTime)
    xNumOfOverflows                          0x200077e8   Data           4  tasks.o(.bss.xNumOfOverflows)
    [Anonymous Symbol]                       0x200077e8   Section        0  tasks.o(.bss.xNumOfOverflows)
    xPendedTicks                             0x200077ec   Data           4  tasks.o(.bss.xPendedTicks)
    [Anonymous Symbol]                       0x200077ec   Section        0  tasks.o(.bss.xPendedTicks)
    xPendingReadyList                        0x200077f0   Data          20  tasks.o(.bss.xPendingReadyList)
    [Anonymous Symbol]                       0x200077f0   Section        0  tasks.o(.bss.xPendingReadyList)
    xSchedulerRunning                        0x20007804   Data           4  tasks.o(.bss.xSchedulerRunning)
    [Anonymous Symbol]                       0x20007804   Section        0  tasks.o(.bss.xSchedulerRunning)
    xStart                                   0x2000780c   Data           8  heap_2.o(.bss.xStart)
    [Anonymous Symbol]                       0x2000780c   Section        0  heap_2.o(.bss.xStart)
    xSuspendedTaskList                       0x20007814   Data          20  tasks.o(.bss.xSuspendedTaskList)
    [Anonymous Symbol]                       0x20007814   Section        0  tasks.o(.bss.xSuspendedTaskList)
    xTasksWaitingTermination                 0x20007828   Data          20  tasks.o(.bss.xTasksWaitingTermination)
    [Anonymous Symbol]                       0x20007828   Section        0  tasks.o(.bss.xTasksWaitingTermination)
    xTickCount                               0x20007840   Data           4  tasks.o(.bss.xTickCount)
    [Anonymous Symbol]                       0x20007840   Section        0  tasks.o(.bss.xTickCount)
    xTimerQueue                              0x20007844   Data           4  timers.o(.bss.xTimerQueue)
    [Anonymous Symbol]                       0x20007844   Section        0  timers.o(.bss.xTimerQueue)
    xTimerTaskHandle                         0x20007848   Data           4  timers.o(.bss.xTimerTaskHandle)
    [Anonymous Symbol]                       0x20007848   Section        0  timers.o(.bss.xTimerTaskHandle)
    xYieldPendings                           0x2000784c   Data           4  tasks.o(.bss.xYieldPendings)
    [Anonymous Symbol]                       0x2000784c   Section        0  tasks.o(.bss.xYieldPendings)
    Heap_Mem                                 0x20007850   Data           0  startup_tm4c123.o(HEAP)
    Stack_Mem                                0x20007850   Data         512  startup_tm4c123.o(STACK)
    HEAP                                     0x20007850   Section        0  startup_tm4c123.o(HEAP)
    STACK                                    0x20007850   Section      512  startup_tm4c123.o(STACK)
    __initial_sp                             0x20007a50   Data           0  startup_tm4c123.o(STACK)

    Global Symbols

    Symbol Name                              Value     Ov Type        Size  Object(Section)

    BuildAttributes$$THM_ISAv4$E$P$D$K$B$S$7EM$PE$A:L22UL41UL21$X:L11$S22US41US21$IEEE1$IW$~IW$USESV6$~STKCKD$USESV7$~SHL$OTIME$ROPI$IEEEJ$EBA8$UX$STANDARDLIB$REQ8$PRES8$EABIv2 0x00000000   Number         0  anon$$obj.o ABSOLUTE
    __Vectors                                0x00000000   Data           4  startup_tm4c123.o(RESET)
    __fp_init_empty                          0x00000000   Number         0  fpinit_empty.o ABSOLUTE
    _printf_flags                            0x00000000   Number         0  printf_stubs.o ABSOLUTE
    _printf_return_value                     0x00000000   Number         0  printf_stubs.o ABSOLUTE
    _printf_sizespec                         0x00000000   Number         0  printf_stubs.o ABSOLUTE
    _printf_widthprec                        0x00000000   Number         0  printf_stubs.o ABSOLUTE
    __ARM_exceptions_init                     - Undefined Weak Reference
    __alloca_initialize                       - Undefined Weak Reference
    __arm_preinit_                            - Undefined Weak Reference
    __cpp_initialize__aeabi_                  - Undefined Weak Reference
    __cxa_finalize                            - Undefined Weak Reference
    __sigvec_lookup                           - Undefined Weak Reference
    _atexit_init                              - Undefined Weak Reference
    _call_atexit_fns                          - Undefined Weak Reference
    _clock_init                               - Undefined Weak Reference
    _fp_trap_init                             - Undefined Weak Reference
    _fp_trap_shutdown                         - Undefined Weak Reference
    _get_lc_collate                           - Undefined Weak Reference
    _get_lc_ctype                             - Undefined Weak Reference
    _get_lc_monetary                          - Undefined Weak Reference
    _get_lc_time                              - Undefined Weak Reference
    _getenv_init                              - Undefined Weak Reference
    _handle_redirection                       - Undefined Weak Reference
    _init_alloc                               - Undefined Weak Reference
    _init_user_alloc                          - Undefined Weak Reference
    _initio                                   - Undefined Weak Reference
    _printf_post_padding                      - Undefined Weak Reference
    _printf_pre_padding                       - Undefined Weak Reference
    _printf_truncate_signed                   - Undefined Weak Reference
    _printf_truncate_unsigned                 - Undefined Weak Reference
    _rand_init                                - Undefined Weak Reference
    _signal_finish                            - Undefined Weak Reference
    _signal_init                              - Undefined Weak Reference
    _terminate_alloc                          - Undefined Weak Reference
    _terminate_user_alloc                     - Undefined Weak Reference
    _terminateio                              - Undefined Weak Reference
    __Vectors_End                            0x0000026c   Data           0  startup_tm4c123.o(RESET)
    __Vectors_Size                           0x0000026c   Number         0  startup_tm4c123.o ABSOLUTE
    __main                                   0x0000026d   Thumb Code     8  __main.o(!!!main)
    __scatterload                            0x00000275   Thumb Code     0  __scatter.o(!!!scatter)
    __scatterload_rt2                        0x00000275   Thumb Code    44  __scatter.o(!!!scatter)
    __scatterload_rt2_thumb_only             0x00000275   Thumb Code     0  __scatter.o(!!!scatter)
    __scatterload_null                       0x00000283   Thumb Code     0  __scatter.o(!!!scatter)
    __scatterload_copy                       0x000002a9   Thumb Code    26  __scatter_copy.o(!!handler_copy)
    __scatterload_zeroinit                   0x000002c5   Thumb Code    28  __scatter_zi.o(!!handler_zi)
    _printf_f                                0x000002e1   Thumb Code     0  _printf_f.o(.ARM.Collect$$_printf_percent$$00000003)
    _printf_percent                          0x000002e1   Thumb Code     0  _printf_percent.o(.ARM.Collect$$_printf_percent$$00000000)
    _printf_d                                0x000002e7   Thumb Code     0  _printf_d.o(.ARM.Collect$$_printf_percent$$00000009)
    _printf_u                                0x000002ed   Thumb Code     0  _printf_u.o(.ARM.Collect$$_printf_percent$$0000000A)
    _printf_percent_end                      0x000002f3   Thumb Code     0  _printf_percent_end.o(.ARM.Collect$$_printf_percent$$00000017)
    __rt_lib_init                            0x000002f7   Thumb Code     0  libinit.o(.ARM.Collect$$libinit$$00000000)
    __rt_lib_init_fp_1                       0x000002f9   Thumb Code     0  libinit2.o(.ARM.Collect$$libinit$$00000002)
    __rt_lib_init_heap_1                     0x000002f9   Thumb Code     0  libinit2.o(.ARM.Collect$$libinit$$0000000A)
    __rt_lib_init_lc_common                  0x000002f9   Thumb Code     0  libinit2.o(.ARM.Collect$$libinit$$0000000F)
    __rt_lib_init_preinit_1                  0x000002f9   Thumb Code     0  libinit2.o(.ARM.Collect$$libinit$$00000004)
    __rt_lib_init_rand_1                     0x000002f9   Thumb Code     0  libinit2.o(.ARM.Collect$$libinit$$0000000E)
    __rt_lib_init_user_alloc_1               0x000002f9   Thumb Code     0  libinit2.o(.ARM.Collect$$libinit$$0000000C)
    __rt_lib_init_lc_collate_1               0x000002ff   Thumb Code     0  libinit2.o(.ARM.Collect$$libinit$$00000011)
    __rt_lib_init_lc_ctype_1                 0x000002ff   Thumb Code     0  libinit2.o(.ARM.Collect$$libinit$$00000013)
    __rt_lib_init_lc_monetary_1              0x000002ff   Thumb Code     0  libinit2.o(.ARM.Collect$$libinit$$00000015)
    __rt_lib_init_lc_numeric_2               0x000002ff   Thumb Code     0  libinit2.o(.ARM.Collect$$libinit$$00000016)
    __rt_lib_init_alloca_1                   0x00000309   Thumb Code     0  libinit2.o(.ARM.Collect$$libinit$$0000002E)
    __rt_lib_init_argv_1                     0x00000309   Thumb Code     0  libinit2.o(.ARM.Collect$$libinit$$0000002C)
    __rt_lib_init_atexit_1                   0x00000309   Thumb Code     0  libinit2.o(.ARM.Collect$$libinit$$0000001B)
    __rt_lib_init_clock_1                    0x00000309   Thumb Code     0  libinit2.o(.ARM.Collect$$libinit$$00000021)
    __rt_lib_init_cpp_1                      0x00000309   Thumb Code     0  libinit2.o(.ARM.Collect$$libinit$$00000032)
    __rt_lib_init_exceptions_1               0x00000309   Thumb Code     0  libinit2.o(.ARM.Collect$$libinit$$00000030)
    __rt_lib_init_fp_trap_1                  0x00000309   Thumb Code     0  libinit2.o(.ARM.Collect$$libinit$$0000001F)
    __rt_lib_init_getenv_1                   0x00000309   Thumb Code     0  libinit2.o(.ARM.Collect$$libinit$$00000023)
    __rt_lib_init_lc_numeric_1               0x00000309   Thumb Code     0  libinit2.o(.ARM.Collect$$libinit$$00000017)
    __rt_lib_init_lc_time_1                  0x00000309   Thumb Code     0  libinit2.o(.ARM.Collect$$libinit$$00000019)
    __rt_lib_init_return                     0x00000309   Thumb Code     0  libinit2.o(.ARM.Collect$$libinit$$00000033)
    __rt_lib_init_signal_1                   0x00000309   Thumb Code     0  libinit2.o(.ARM.Collect$$libinit$$0000001D)
    __rt_lib_init_stdio_1                    0x00000309   Thumb Code     0  libinit2.o(.ARM.Collect$$libinit$$00000025)
    __rt_lib_shutdown                        0x0000030b   Thumb Code     0  libshutdown.o(.ARM.Collect$$libshutdown$$00000000)
    __rt_lib_shutdown_cpp_1                  0x0000030d   Thumb Code     0  libshutdown2.o(.ARM.Collect$$libshutdown$$00000002)
    __rt_lib_shutdown_fp_trap_1              0x0000030d   Thumb Code     0  libshutdown2.o(.ARM.Collect$$libshutdown$$00000007)
    __rt_lib_shutdown_heap_1                 0x0000030d   Thumb Code     0  libshutdown2.o(.ARM.Collect$$libshutdown$$0000000F)
    __rt_lib_shutdown_return                 0x0000030d   Thumb Code     0  libshutdown2.o(.ARM.Collect$$libshutdown$$00000010)
    __rt_lib_shutdown_signal_1               0x0000030d   Thumb Code     0  libshutdown2.o(.ARM.Collect$$libshutdown$$0000000A)
    __rt_lib_shutdown_stdio_1                0x0000030d   Thumb Code     0  libshutdown2.o(.ARM.Collect$$libshutdown$$00000004)
    __rt_lib_shutdown_user_alloc_1           0x0000030d   Thumb Code     0  libshutdown2.o(.ARM.Collect$$libshutdown$$0000000C)
    __rt_entry                               0x0000030f   Thumb Code     0  __rtentry.o(.ARM.Collect$$rtentry$$00000000)
    __rt_entry_presh_1                       0x0000030f   Thumb Code     0  __rtentry2.o(.ARM.Collect$$rtentry$$00000002)
    __rt_entry_sh                            0x0000030f   Thumb Code     0  __rtentry4.o(.ARM.Collect$$rtentry$$00000004)
    __rt_entry_li                            0x00000315   Thumb Code     0  __rtentry2.o(.ARM.Collect$$rtentry$$0000000A)
    __rt_entry_postsh_1                      0x00000315   Thumb Code     0  __rtentry2.o(.ARM.Collect$$rtentry$$00000009)
    __rt_entry_main                          0x00000319   Thumb Code     0  __rtentry2.o(.ARM.Collect$$rtentry$$0000000D)
    __rt_entry_postli_1                      0x00000319   Thumb Code     0  __rtentry2.o(.ARM.Collect$$rtentry$$0000000C)
    __rt_exit                                0x00000321   Thumb Code     0  rtexit.o(.ARM.Collect$$rtexit$$00000000)
    __rt_exit_ls                             0x00000323   Thumb Code     0  rtexit2.o(.ARM.Collect$$rtexit$$00000003)
    __rt_exit_prels_1                        0x00000323   Thumb Code     0  rtexit2.o(.ARM.Collect$$rtexit$$00000002)
    __rt_exit_exit                           0x00000327   Thumb Code     0  rtexit2.o(.ARM.Collect$$rtexit$$00000004)
    Reset_Handler                            0x0000032d   Thumb Code     8  startup_tm4c123.o(.text)
    NMI_Handler                              0x00000335   Thumb Code     2  startup_tm4c123.o(.text)
    HardFault_Handler                        0x00000337   Thumb Code     2  startup_tm4c123.o(.text)
    MemManage_Handler                        0x00000339   Thumb Code     2  startup_tm4c123.o(.text)
    BusFault_Handler                         0x0000033b   Thumb Code     2  startup_tm4c123.o(.text)
    UsageFault_Handler                       0x0000033d   Thumb Code     2  startup_tm4c123.o(.text)
    DebugMon_Handler                         0x00000341   Thumb Code     2  startup_tm4c123.o(.text)
    GPIOA_Handler                            0x00000347   Thumb Code     2  startup_tm4c123.o(.text)
    GPIOB_Handler                            0x00000349   Thumb Code     2  startup_tm4c123.o(.text)
    GPIOC_Handler                            0x0000034b   Thumb Code     2  startup_tm4c123.o(.text)
    GPIOD_Handler                            0x0000034d   Thumb Code     2  startup_tm4c123.o(.text)
    GPIOE_Handler                            0x0000034f   Thumb Code     2  startup_tm4c123.o(.text)
    UART0_Handler                            0x00000351   Thumb Code     2  startup_tm4c123.o(.text)
    UART1_Handler                            0x00000353   Thumb Code     2  startup_tm4c123.o(.text)
    SSI0_Handler                             0x00000355   Thumb Code     2  startup_tm4c123.o(.text)
    I2C0_Handler                             0x00000357   Thumb Code     2  startup_tm4c123.o(.text)
    PMW0_FAULT_Handler                       0x00000359   Thumb Code     2  startup_tm4c123.o(.text)
    PWM0_0_Handler                           0x0000035b   Thumb Code     2  startup_tm4c123.o(.text)
    PWM0_1_Handler                           0x0000035d   Thumb Code     2  startup_tm4c123.o(.text)
    PWM0_2_Handler                           0x0000035f   Thumb Code     2  startup_tm4c123.o(.text)
    QEI0_Handler                             0x00000361   Thumb Code     2  startup_tm4c123.o(.text)
    ADC0SS0_Handler                          0x00000363   Thumb Code     2  startup_tm4c123.o(.text)
    ADC0SS1_Handler                          0x00000365   Thumb Code     2  startup_tm4c123.o(.text)
    ADC0SS2_Handler                          0x00000367   Thumb Code     2  startup_tm4c123.o(.text)
    ADC0SS3_Handler                          0x00000369   Thumb Code     2  startup_tm4c123.o(.text)
    WDT0_Handler                             0x0000036b   Thumb Code     2  startup_tm4c123.o(.text)
    TIMER0A_Handler                          0x0000036d   Thumb Code     2  startup_tm4c123.o(.text)
    TIMER0B_Handler                          0x0000036f   Thumb Code     2  startup_tm4c123.o(.text)
    TIMER1A_Handler                          0x00000371   Thumb Code     2  startup_tm4c123.o(.text)
    TIMER1B_Handler                          0x00000373   Thumb Code     2  startup_tm4c123.o(.text)
    TIMER2A_Handler                          0x00000375   Thumb Code     2  startup_tm4c123.o(.text)
    TIMER2B_Handler                          0x00000377   Thumb Code     2  startup_tm4c123.o(.text)
    COMP0_Handler                            0x00000379   Thumb Code     2  startup_tm4c123.o(.text)
    COMP1_Handler                            0x0000037b   Thumb Code     2  startup_tm4c123.o(.text)
    COMP2_Handler                            0x0000037d   Thumb Code     2  startup_tm4c123.o(.text)
    SYSCTL_Handler                           0x0000037f   Thumb Code     2  startup_tm4c123.o(.text)
    FLASH_Handler                            0x00000381   Thumb Code     2  startup_tm4c123.o(.text)
    GPIOF_Handler                            0x00000383   Thumb Code     2  startup_tm4c123.o(.text)
    GPIOG_Handler                            0x00000385   Thumb Code     2  startup_tm4c123.o(.text)
    GPIOH_Handler                            0x00000387   Thumb Code     2  startup_tm4c123.o(.text)
    UART2_Handler                            0x00000389   Thumb Code     2  startup_tm4c123.o(.text)
    SSI1_Handler                             0x0000038b   Thumb Code     2  startup_tm4c123.o(.text)
    TIMER3A_Handler                          0x0000038d   Thumb Code     2  startup_tm4c123.o(.text)
    TIMER3B_Handler                          0x0000038f   Thumb Code     2  startup_tm4c123.o(.text)
    I2C1_Handler                             0x00000391   Thumb Code     2  startup_tm4c123.o(.text)
    QEI1_Handler                             0x00000393   Thumb Code     2  startup_tm4c123.o(.text)
    CAN0_Handler                             0x00000395   Thumb Code     2  startup_tm4c123.o(.text)
    CAN1_Handler                             0x00000397   Thumb Code     2  startup_tm4c123.o(.text)
    CAN2_Handler                             0x00000399   Thumb Code     2  startup_tm4c123.o(.text)
    HIB_Handler                              0x0000039b   Thumb Code     2  startup_tm4c123.o(.text)
    USB0_Handler                             0x0000039d   Thumb Code     2  startup_tm4c123.o(.text)
    PWM0_3_Handler                           0x0000039f   Thumb Code     2  startup_tm4c123.o(.text)
    UDMA_Handler                             0x000003a1   Thumb Code     2  startup_tm4c123.o(.text)
    UDMAERR_Handler                          0x000003a3   Thumb Code     2  startup_tm4c123.o(.text)
    ADC1SS0_Handler                          0x000003a5   Thumb Code     2  startup_tm4c123.o(.text)
    ADC1SS1_Handler                          0x000003a7   Thumb Code     2  startup_tm4c123.o(.text)
    ADC1SS2_Handler                          0x000003a9   Thumb Code     2  startup_tm4c123.o(.text)
    ADC1SS3_Handler                          0x000003ab   Thumb Code     2  startup_tm4c123.o(.text)
    GPIOJ_Handler                            0x000003ad   Thumb Code     2  startup_tm4c123.o(.text)
    GPIOK_Handler                            0x000003af   Thumb Code     2  startup_tm4c123.o(.text)
    GPIOL_Handler                            0x000003b1   Thumb Code     2  startup_tm4c123.o(.text)
    SSI2_Handler                             0x000003b3   Thumb Code     2  startup_tm4c123.o(.text)
    SSI3_Handler                             0x000003b5   Thumb Code     2  startup_tm4c123.o(.text)
    UART3_Handler                            0x000003b7   Thumb Code     2  startup_tm4c123.o(.text)
    UART4_Handler                            0x000003b9   Thumb Code     2  startup_tm4c123.o(.text)
    UART5_Handler                            0x000003bb   Thumb Code     2  startup_tm4c123.o(.text)
    UART6_Handler                            0x000003bd   Thumb Code     2  startup_tm4c123.o(.text)
    UART7_Handler                            0x000003bf   Thumb Code     2  startup_tm4c123.o(.text)
    I2C2_Handler                             0x000003c1   Thumb Code     2  startup_tm4c123.o(.text)
    I2C3_Handler                             0x000003c3   Thumb Code     2  startup_tm4c123.o(.text)
    TIMER4A_Handler                          0x000003c5   Thumb Code     2  startup_tm4c123.o(.text)
    TIMER4B_Handler                          0x000003c7   Thumb Code     2  startup_tm4c123.o(.text)
    TIMER5A_Handler                          0x000003c9   Thumb Code     2  startup_tm4c123.o(.text)
    TIMER5B_Handler                          0x000003cb   Thumb Code     2  startup_tm4c123.o(.text)
    WTIMER0A_Handler                         0x000003cd   Thumb Code     2  startup_tm4c123.o(.text)
    WTIMER0B_Handler                         0x000003cf   Thumb Code     2  startup_tm4c123.o(.text)
    WTIMER1A_Handler                         0x000003d1   Thumb Code     2  startup_tm4c123.o(.text)
    WTIMER1B_Handler                         0x000003d3   Thumb Code     2  startup_tm4c123.o(.text)
    WTIMER2A_Handler                         0x000003d5   Thumb Code     2  startup_tm4c123.o(.text)
    WTIMER2B_Handler                         0x000003d7   Thumb Code     2  startup_tm4c123.o(.text)
    WTIMER3A_Handler                         0x000003d9   Thumb Code     2  startup_tm4c123.o(.text)
    WTIMER3B_Handler                         0x000003db   Thumb Code     2  startup_tm4c123.o(.text)
    WTIMER4A_Handler                         0x000003dd   Thumb Code     2  startup_tm4c123.o(.text)
    WTIMER4B_Handler                         0x000003df   Thumb Code     2  startup_tm4c123.o(.text)
    WTIMER5A_Handler                         0x000003e1   Thumb Code     2  startup_tm4c123.o(.text)
    WTIMER5B_Handler                         0x000003e3   Thumb Code     2  startup_tm4c123.o(.text)
    FPU_Handler                              0x000003e5   Thumb Code     2  startup_tm4c123.o(.text)
    I2C4_Handler                             0x000003e7   Thumb Code     2  startup_tm4c123.o(.text)
    I2C5_Handler                             0x000003e9   Thumb Code     2  startup_tm4c123.o(.text)
    GPIOM_Handler                            0x000003eb   Thumb Code     2  startup_tm4c123.o(.text)
    GPION_Handler                            0x000003ed   Thumb Code     2  startup_tm4c123.o(.text)
    QEI2_Handler                             0x000003ef   Thumb Code     2  startup_tm4c123.o(.text)
    GPIOP0_Handler                           0x000003f1   Thumb Code     2  startup_tm4c123.o(.text)
    GPIOP1_Handler                           0x000003f3   Thumb Code     2  startup_tm4c123.o(.text)
    GPIOP2_Handler                           0x000003f5   Thumb Code     2  startup_tm4c123.o(.text)
    GPIOP3_Handler                           0x000003f7   Thumb Code     2  startup_tm4c123.o(.text)
    GPIOP4_Handler                           0x000003f9   Thumb Code     2  startup_tm4c123.o(.text)
    GPIOP5_Handler                           0x000003fb   Thumb Code     2  startup_tm4c123.o(.text)
    GPIOP6_Handler                           0x000003fd   Thumb Code     2  startup_tm4c123.o(.text)
    GPIOP7_Handler                           0x000003ff   Thumb Code     2  startup_tm4c123.o(.text)
    GPIOQ0_Handler                           0x00000401   Thumb Code     2  startup_tm4c123.o(.text)
    GPIOQ1_Handler                           0x00000403   Thumb Code     2  startup_tm4c123.o(.text)
    GPIOQ2_Handler                           0x00000405   Thumb Code     2  startup_tm4c123.o(.text)
    GPIOQ3_Handler                           0x00000407   Thumb Code     2  startup_tm4c123.o(.text)
    GPIOQ4_Handler                           0x00000409   Thumb Code     2  startup_tm4c123.o(.text)
    GPIOQ5_Handler                           0x0000040b   Thumb Code     2  startup_tm4c123.o(.text)
    GPIOQ6_Handler                           0x0000040d   Thumb Code     2  startup_tm4c123.o(.text)
    GPIOQ7_Handler                           0x0000040f   Thumb Code     2  startup_tm4c123.o(.text)
    GPIOR_Handler                            0x00000411   Thumb Code     2  startup_tm4c123.o(.text)
    GPIOS_Handler                            0x00000413   Thumb Code     2  startup_tm4c123.o(.text)
    PMW1_0_Handler                           0x00000415   Thumb Code     2  startup_tm4c123.o(.text)
    PWM1_1_Handler                           0x00000417   Thumb Code     2  startup_tm4c123.o(.text)
    PWM1_2_Handler                           0x00000419   Thumb Code     2  startup_tm4c123.o(.text)
    PWM1_3_Handler                           0x0000041b   Thumb Code     2  startup_tm4c123.o(.text)
    PWM1_FAULT_Handler                       0x0000041d   Thumb Code     2  startup_tm4c123.o(.text)
    __user_initial_stackheap                 0x00000421   Thumb Code     0  startup_tm4c123.o(.text)
    __2snprintf                              0x00000441   Thumb Code    48  noretval__2snprintf.o(.text)
    _printf_int_dec                          0x00000475   Thumb Code   104  _printf_dec.o(.text)
    __printf                                 0x000004ed   Thumb Code   270  __printf_wp.o(.text)
    __aeabi_memcpy                           0x000005fb   Thumb Code     0  rt_memcpy_v6.o(.text)
    __rt_memcpy                              0x000005fb   Thumb Code   138  rt_memcpy_v6.o(.text)
    _memcpy_lastbytes                        0x00000661   Thumb Code     0  rt_memcpy_v6.o(.text)
    __aeabi_memset4                          0x00000685   Thumb Code    16  aeabi_memset4.o(.text)
    __aeabi_memset8                          0x00000685   Thumb Code     0  aeabi_memset4.o(.text)
    __aeabi_memclr                           0x00000695   Thumb Code     0  rt_memclr.o(.text)
    __rt_memclr                              0x00000695   Thumb Code    68  rt_memclr.o(.text)
    _memset                                  0x00000699   Thumb Code     0  rt_memclr.o(.text)
    __use_two_region_memory                  0x000006d9   Thumb Code     2  heapauxi.o(.text)
    __rt_heap_escrow$2region                 0x000006db   Thumb Code     2  heapauxi.o(.text)
    __rt_heap_expand$2region                 0x000006dd   Thumb Code     2  heapauxi.o(.text)
    _printf_int_common                       0x000006df   Thumb Code   178  _printf_intcommon.o(.text)
    _printf_fp_dec_real                      0x00000941   Thumb Code   620  _printf_fp_dec.o(.text)
    _printf_char_common                      0x00000bb7   Thumb Code    32  _printf_char_common.o(.text)
    _sputc                                   0x00000bdd   Thumb Code    10  _sputc.o(.text)
    _snputc                                  0x00000be7   Thumb Code    16  _snputc.o(.text)
    __aeabi_memcpy4                          0x00000bf7   Thumb Code     0  rt_memcpy_w.o(.text)
    __aeabi_memcpy8                          0x00000bf7   Thumb Code     0  rt_memcpy_w.o(.text)
    __rt_memcpy_w                            0x00000bf7   Thumb Code   100  rt_memcpy_w.o(.text)
    _memcpy_lastbytes_aligned                0x00000c3f   Thumb Code     0  rt_memcpy_w.o(.text)
    __aeabi_memclr4                          0x00000c5b   Thumb Code     0  rt_memclr_w.o(.text)
    __aeabi_memclr8                          0x00000c5b   Thumb Code     0  rt_memclr_w.o(.text)
    __rt_memclr_w                            0x00000c5b   Thumb Code    78  rt_memclr_w.o(.text)
    _memset_w                                0x00000c5f   Thumb Code     0  rt_memclr_w.o(.text)
    __rt_locale                              0x00000ca9   Thumb Code     8  rt_locale_intlibspace.o(.text)
    _ll_udiv10                               0x00000cb1   Thumb Code   138  lludiv10.o(.text)
    _printf_fp_infnan                        0x00000d3d   Thumb Code   112  _printf_fp_infnan.o(.text)
    _btod_etento                             0x00000dbd   Thumb Code   224  bigflt0.o(.text)
    __user_libspace                          0x00000ea1   Thumb Code     8  libspace.o(.text)
    __user_perproc_libspace                  0x00000ea1   Thumb Code     0  libspace.o(.text)
    __user_perthread_libspace                0x00000ea1   Thumb Code     0  libspace.o(.text)
    __user_setup_stackheap                   0x00000ea9   Thumb Code    74  sys_stackheap_outer.o(.text)
    exit                                     0x00000ef3   Thumb Code    18  exit.o(.text)
    strcmp                                   0x00000f09   Thumb Code   124  strcmpv7em.o(.text)
    _sys_exit                                0x00000f85   Thumb Code     8  sys_exit.o(.text)
    __I$use$semihosting                      0x00000f91   Thumb Code     0  use_no_semi.o(.text)
    __use_no_semihosting_swi                 0x00000f91   Thumb Code     2  use_no_semi.o(.text)
    __semihosting_library_function           0x00000f93   Thumb Code     0  indicate_semi.o(.text)
    ADC_Init                                 0x00000f95   Thumb Code   116  main.o(.text.ADC_Init)
    ADC_Read                                 0x00001009   Thumb Code    36  main.o(.text.ADC_Read)
    ESP8266_Init                             0x0000102d   Thumb Code   108  main.o(.text.ESP8266_Init)
    GPIO_Init                                0x00001099   Thumb Code    58  main.o(.text.GPIO_Init)
    PendSV_Handler                           0x000010e1   Thumb Code    68  port.o(.text.PendSV_Handler)
    SVC_Handler                              0x00001131   Thumb Code    36  port.o(.text.SVC_Handler)
    SysTick_Handler                          0x00001155   Thumb Code    46  port.o(.text.SysTick_Handler)
    SystemInit                               0x00001185   Thumb Code    96  system_tm4c123.o(.text.SystemInit)
    UART_Init                                0x000011e5   Thumb Code   128  main.o(.text.UART_Init)
    UART_SendChar                            0x00001265   Thumb Code    18  main.o(.text.UART_SendChar)
    UART_SendString                          0x00001279   Thumb Code    28  main.o(.text.UART_SendString)
    eTaskConfirmSleepModeStatus              0x00001295   Thumb Code    72  tasks.o(.text.eTaskConfirmSleepModeStatus)
    main                                     0x000012dd   Thumb Code   260  main.o(.text.main)
    pvPortMalloc                             0x00001e7d   Thumb Code   240  heap_2.o(.text.pvPortMalloc)
    pxPortInitialiseStack                    0x00001f6d   Thumb Code    32  port.o(.text.pxPortInitialiseStack)
    uxListRemove                             0x00001f8d   Thumb Code    38  list.o(.text.uxListRemove)
    uxTaskGetNumberOfTasks                   0x00001fb5   Thumb Code    12  tasks.o(.text.uxTaskGetNumberOfTasks)
    vCommunicationTask                       0x00001fc1   Thumb Code   192  main.o(.text.vCommunicationTask)
    vDisplayTask                             0x00002081   Thumb Code    96  main.o(.text.vDisplayTask)
    vHeartRateTask                           0x000020e1   Thumb Code    94  main.o(.text.vHeartRateTask)
    vListInitialise                          0x00002141   Thumb Code    22  list.o(.text.vListInitialise)
    vListInitialiseItem                      0x00002159   Thumb Code     6  list.o(.text.vListInitialiseItem)
    vListInsert                              0x00002161   Thumb Code    58  list.o(.text.vListInsert)
    vPortEnterCritical                       0x0000219d   Thumb Code    70  port.o(.text.vPortEnterCritical)
    vPortExitCritical                        0x000021e5   Thumb Code    46  port.o(.text.vPortExitCritical)
    vPortFree                                0x00002215   Thumb Code   126  heap_2.o(.text.vPortFree)
    vPortSetupTimerInterrupt                 0x00002295   Thumb Code   100  port.o(.text.vPortSetupTimerInterrupt)
    vPortSuppressTicksAndSleep               0x000022f9   Thumb Code   280  port.o(.text.vPortSuppressTicksAndSleep)
    vQueueWaitForMessageRestricted           0x00002411   Thumb Code    68  queue.o(.text.vQueueWaitForMessageRestricted)
    vTaskDelay                               0x00002455   Thumb Code    86  tasks.o(.text.vTaskDelay)
    vTaskInternalSetTimeOutState             0x000024ad   Thumb Code    26  tasks.o(.text.vTaskInternalSetTimeOutState)
    vTaskMissedYield                         0x000024c9   Thumb Code    14  tasks.o(.text.vTaskMissedYield)
    vTaskPlaceOnEventList                    0x000024d9   Thumb Code    50  tasks.o(.text.vTaskPlaceOnEventList)
    vTaskPlaceOnEventListRestricted          0x0000250d   Thumb Code   102  tasks.o(.text.vTaskPlaceOnEventListRestricted)
    vTaskStartScheduler                      0x00002575   Thumb Code   110  tasks.o(.text.vTaskStartScheduler)
    vTaskStepTick                            0x000025e5   Thumb Code   142  tasks.o(.text.vTaskStepTick)
    vTaskSuspendAll                          0x00002675   Thumb Code    16  tasks.o(.text.vTaskSuspendAll)
    vTaskSwitchContext                       0x00002685   Thumb Code   138  tasks.o(.text.vTaskSwitchContext)
    vTemperatureTask                         0x00002711   Thumb Code    96  main.o(.text.vTemperatureTask)
    xPortStartScheduler                      0x00002771   Thumb Code   310  port.o(.text.xPortStartScheduler)
    xQueueCreateMutex                        0x000028a9   Thumb Code    22  queue.o(.text.xQueueCreateMutex)
    xQueueGenericCreate                      0x000028c1   Thumb Code    82  queue.o(.text.xQueueGenericCreate)
    xQueueGenericReset                       0x00002915   Thumb Code   170  queue.o(.text.xQueueGenericReset)
    xQueueGenericSend                        0x000029c1   Thumb Code   464  queue.o(.text.xQueueGenericSend)
    xQueueReceive                            0x00002b91   Thumb Code   384  queue.o(.text.xQueueReceive)
    xTaskCheckForTimeOut                     0x00002d11   Thumb Code   166  tasks.o(.text.xTaskCheckForTimeOut)
    xTaskCreate                              0x00002db9   Thumb Code    36  tasks.o(.text.xTaskCreate)
    xTaskGetSchedulerState                   0x00002ddd   Thumb Code    38  tasks.o(.text.xTaskGetSchedulerState)
    xTaskGetTickCount                        0x00002e05   Thumb Code    12  tasks.o(.text.xTaskGetTickCount)
    xTaskIncrementTick                       0x00002e11   Thumb Code   430  tasks.o(.text.xTaskIncrementTick)
    xTaskPriorityDisinherit                  0x00002fc1   Thumb Code   194  tasks.o(.text.xTaskPriorityDisinherit)
    xTaskRemoveFromEventList                 0x00003085   Thumb Code   248  tasks.o(.text.xTaskRemoveFromEventList)
    xTaskResumeAll                           0x0000317d   Thumb Code   372  tasks.o(.text.xTaskResumeAll)
    xTimerCreateTimerTask                    0x000032f1   Thumb Code    96  timers.o(.text.xTimerCreateTimerTask)
    _btod_d2e                                0x00003351   Thumb Code    62  btod.o(CL$$btod_d2e)
    _d2e_denorm_low                          0x0000338f   Thumb Code    70  btod.o(CL$$btod_d2e_denorm_low)
    _d2e_norm_op1                            0x000033d5   Thumb Code    96  btod.o(CL$$btod_d2e_norm_op1)
    __btod_div_common                        0x00003435   Thumb Code   696  btod.o(CL$$btod_div_common)
    _e2e                                     0x0000376d   Thumb Code   220  btod.o(CL$$btod_e2e)
    _btod_ediv                               0x00003849   Thumb Code    42  btod.o(CL$$btod_ediv)
    _btod_emul                               0x00003873   Thumb Code    42  btod.o(CL$$btod_emul)
    __btod_mult_common                       0x0000389d   Thumb Code   580  btod.o(CL$$btod_mult_common)
    __ARM_fpclassify                         0x00003ae1   Thumb Code    40  fpclassify.o(i.__ARM_fpclassify)
    _is_digit                                0x00003b09   Thumb Code    14  __printf_wp.o(i._is_digit)
    _get_lc_numeric                          0x00003b19   Thumb Code    44  lc_numeric_c.o(locale$$code)
    __fpl_dretinf                            0x00003b45   Thumb Code    12  dretinf.o(x$fpl$dretinf)
    __aeabi_f2d                              0x00003b51   Thumb Code     0  f2d.o(x$fpl$f2d)
    _f2d                                     0x00003b51   Thumb Code    86  f2d.o(x$fpl$f2d)
    __aeabi_fcmpeq                           0x00003ba7   Thumb Code     0  fcmp.o(x$fpl$fcmp)
    _feq                                     0x00003ba7   Thumb Code    14  fcmp.o(x$fpl$fcmp)
    _fneq                                    0x00003bb5   Thumb Code    14  fcmp.o(x$fpl$fcmp)
    __aeabi_fcmpgt                           0x00003bc3   Thumb Code     0  fcmp.o(x$fpl$fcmp)
    _fgr                                     0x00003bc3   Thumb Code    14  fcmp.o(x$fpl$fcmp)
    __aeabi_fcmpge                           0x00003bd1   Thumb Code     0  fcmp.o(x$fpl$fcmp)
    _fgeq                                    0x00003bd1   Thumb Code    14  fcmp.o(x$fpl$fcmp)
    __aeabi_fcmple                           0x00003bdf   Thumb Code     0  fcmp.o(x$fpl$fcmp)
    _fleq                                    0x00003bdf   Thumb Code    14  fcmp.o(x$fpl$fcmp)
    __aeabi_fcmplt                           0x00003bed   Thumb Code     0  fcmp.o(x$fpl$fcmp)
    _fls                                     0x00003bed   Thumb Code    14  fcmp.o(x$fpl$fcmp)
    __fpl_fcmp_Inf                           0x00003bfb   Thumb Code    24  fcmpi.o(x$fpl$fcmpinf)
    __aeabi_fdiv                             0x00003c15   Thumb Code     0  fdiv.o(x$fpl$fdiv)
    _fdiv                                    0x00003c15   Thumb Code   384  fdiv.o(x$fpl$fdiv)
    __aeabi_cfcmpeq                          0x00003d99   Thumb Code     0  feqf.o(x$fpl$feqf)
    _fcmpeq                                  0x00003d99   Thumb Code   104  feqf.o(x$fpl$feqf)
    __aeabi_ui2f                             0x00003e01   Thumb Code     0  fflt_clz.o(x$fpl$ffltu)
    _ffltu                                   0x00003e01   Thumb Code    38  fflt_clz.o(x$fpl$ffltu)
    _fcmpge                                  0x00003e29   Thumb Code   104  fgeqf.o(x$fpl$fgeqf)
    __aeabi_cfcmple                          0x00003e91   Thumb Code     0  fleqf.o(x$fpl$fleqf)
    _fcmple                                  0x00003e91   Thumb Code   104  fleqf.o(x$fpl$fleqf)
    __fpl_fcmple_InfNaN                      0x00003ee3   Thumb Code     0  fleqf.o(x$fpl$fleqf)
    __aeabi_fmul                             0x00003ef9   Thumb Code     0  fmul.o(x$fpl$fmul)
    _fmul                                    0x00003ef9   Thumb Code   258  fmul.o(x$fpl$fmul)
    __fpl_fnaninf                            0x00003ffb   Thumb Code   140  fnaninf.o(x$fpl$fnaninf)
    __fpl_fretinf                            0x00004087   Thumb Code    10  fretinf.o(x$fpl$fretinf)
    _printf_fp_dec                           0x00004091   Thumb Code     4  printf1.o(x$fpl$printf1)
    __I$use$fp                               0x00004094   Number         0  usenofp.o(x$fpl$usenofp)
    Region$$Table$$Base                      0x0000412c   Number         0  anon$$obj.o(Region$$Table)
    Region$$Table$$Limit                     0x0000414c   Number         0  anon$$obj.o(Region$$Table)
    SystemCoreClock                          0x20000000   Data           4  system_tm4c123.o(.data.SystemCoreClock)
    __libspace_start                         0x20000010   Data          96  libspace.o(.bss)
    __temporary_stack_top$libspace           0x20000070   Data           0  libspace.o(.bss)
    pxCurrentTCB                             0x20000074   Data           4  tasks.o(.bss.pxCurrentTCB)
    xCommQueue                               0x20007794   Data           4  main.o(.bss.xCommQueue)
    xCommTaskHandle                          0x20007798   Data           4  main.o(.bss.xCommTaskHandle)
    xDisplayTaskHandle                       0x200077c4   Data           4  main.o(.bss.xDisplayTaskHandle)
    xHeartRateTaskHandle                     0x200077d4   Data           4  main.o(.bss.xHeartRateTaskHandle)
    xI2CSemaphore                            0x200077d8   Data           4  main.o(.bss.xI2CSemaphore)
    xSensorDataQueue                         0x20007808   Data           4  main.o(.bss.xSensorDataQueue)
    xTempTaskHandle                          0x2000783c   Data           4  main.o(.bss.xTempTaskHandle)



==============================================================================

Memory Map of the image

  Image Entry point : 0x0000032d

  Load Region LR_1 (Base: 0x00000000, Size: 0x00004174, Max: 0xffffffff, ABSOLUTE)

    Execution Region ER_RO (Exec base: 0x00000000, Load base: 0x00000000, Size: 0x00004168, Max: 0xffffffff, ABSOLUTE)

    Exec Addr    Load Addr    Size         Type   Attr      Idx    E Section Name        Object

    0x00000000   0x00000000   0x0000026c   Data   RO           43    RESET               startup_tm4c123.o
    0x0000026c   0x0000026c   0x00000008   Code   RO          546  * !!!main             c_w.l(__main.o)
    0x00000274   0x00000274   0x00000034   Code   RO          810    !!!scatter          c_w.l(__scatter.o)
    0x000002a8   0x000002a8   0x0000001a   Code   RO          812    !!handler_copy      c_w.l(__scatter_copy.o)
    0x000002c2   0x000002c2   0x00000002   PAD
    0x000002c4   0x000002c4   0x0000001c   Code   RO          814    !!handler_zi        c_w.l(__scatter_zi.o)
    0x000002e0   0x000002e0   0x00000000   Code   RO          535    .ARM.Collect$$_printf_percent$$00000000  c_w.l(_printf_percent.o)
    0x000002e0   0x000002e0   0x00000006   Code   RO          534    .ARM.Collect$$_printf_percent$$00000003  c_w.l(_printf_f.o)
    0x000002e6   0x000002e6   0x00000006   Code   RO          532    .ARM.Collect$$_printf_percent$$00000009  c_w.l(_printf_d.o)
    0x000002ec   0x000002ec   0x00000006   Code   RO          533    .ARM.Collect$$_printf_percent$$0000000A  c_w.l(_printf_u.o)
    0x000002f2   0x000002f2   0x00000004   Code   RO          579    .ARM.Collect$$_printf_percent$$00000017  c_w.l(_printf_percent_end.o)
    0x000002f6   0x000002f6   0x00000002   Code   RO          675    .ARM.Collect$$libinit$$00000000  c_w.l(libinit.o)
    0x000002f8   0x000002f8   0x00000000   Code   RO          677    .ARM.Collect$$libinit$$00000002  c_w.l(libinit2.o)
    0x000002f8   0x000002f8   0x00000000   Code   RO          679    .ARM.Collect$$libinit$$00000004  c_w.l(libinit2.o)
    0x000002f8   0x000002f8   0x00000000   Code   RO          682    .ARM.Collect$$libinit$$0000000A  c_w.l(libinit2.o)
    0x000002f8   0x000002f8   0x00000000   Code   RO          684    .ARM.Collect$$libinit$$0000000C  c_w.l(libinit2.o)
    0x000002f8   0x000002f8   0x00000000   Code   RO          686    .ARM.Collect$$libinit$$0000000E  c_w.l(libinit2.o)
    0x000002f8   0x000002f8   0x00000006   Code   RO          687    .ARM.Collect$$libinit$$0000000F  c_w.l(libinit2.o)
    0x000002fe   0x000002fe   0x00000000   Code   RO          689    .ARM.Collect$$libinit$$00000011  c_w.l(libinit2.o)
    0x000002fe   0x000002fe   0x00000000   Code   RO          691    .ARM.Collect$$libinit$$00000013  c_w.l(libinit2.o)
    0x000002fe   0x000002fe   0x00000000   Code   RO          693    .ARM.Collect$$libinit$$00000015  c_w.l(libinit2.o)
    0x000002fe   0x000002fe   0x0000000a   Code   RO          694    .ARM.Collect$$libinit$$00000016  c_w.l(libinit2.o)
    0x00000308   0x00000308   0x00000000   Code   RO          695    .ARM.Collect$$libinit$$00000017  c_w.l(libinit2.o)
    0x00000308   0x00000308   0x00000000   Code   RO          697    .ARM.Collect$$libinit$$00000019  c_w.l(libinit2.o)
    0x00000308   0x00000308   0x00000000   Code   RO          699    .ARM.Collect$$libinit$$0000001B  c_w.l(libinit2.o)
    0x00000308   0x00000308   0x00000000   Code   RO          701    .ARM.Collect$$libinit$$0000001D  c_w.l(libinit2.o)
    0x00000308   0x00000308   0x00000000   Code   RO          703    .ARM.Collect$$libinit$$0000001F  c_w.l(libinit2.o)
    0x00000308   0x00000308   0x00000000   Code   RO          705    .ARM.Collect$$libinit$$00000021  c_w.l(libinit2.o)
    0x00000308   0x00000308   0x00000000   Code   RO          707    .ARM.Collect$$libinit$$00000023  c_w.l(libinit2.o)
    0x00000308   0x00000308   0x00000000   Code   RO          709    .ARM.Collect$$libinit$$00000025  c_w.l(libinit2.o)
    0x00000308   0x00000308   0x00000000   Code   RO          713    .ARM.Collect$$libinit$$0000002C  c_w.l(libinit2.o)
    0x00000308   0x00000308   0x00000000   Code   RO          715    .ARM.Collect$$libinit$$0000002E  c_w.l(libinit2.o)
    0x00000308   0x00000308   0x00000000   Code   RO          717    .ARM.Collect$$libinit$$00000030  c_w.l(libinit2.o)
    0x00000308   0x00000308   0x00000000   Code   RO          719    .ARM.Collect$$libinit$$00000032  c_w.l(libinit2.o)
    0x00000308   0x00000308   0x00000002   Code   RO          720    .ARM.Collect$$libinit$$00000033  c_w.l(libinit2.o)
    0x0000030a   0x0000030a   0x00000002   Code   RO          756    .ARM.Collect$$libshutdown$$00000000  c_w.l(libshutdown.o)
    0x0000030c   0x0000030c   0x00000000   Code   RO          767    .ARM.Collect$$libshutdown$$00000002  c_w.l(libshutdown2.o)
    0x0000030c   0x0000030c   0x00000000   Code   RO          769    .ARM.Collect$$libshutdown$$00000004  c_w.l(libshutdown2.o)
    0x0000030c   0x0000030c   0x00000000   Code   RO          772    .ARM.Collect$$libshutdown$$00000007  c_w.l(libshutdown2.o)
    0x0000030c   0x0000030c   0x00000000   Code   RO          775    .ARM.Collect$$libshutdown$$0000000A  c_w.l(libshutdown2.o)
    0x0000030c   0x0000030c   0x00000000   Code   RO          777    .ARM.Collect$$libshutdown$$0000000C  c_w.l(libshutdown2.o)
    0x0000030c   0x0000030c   0x00000000   Code   RO          780    .ARM.Collect$$libshutdown$$0000000F  c_w.l(libshutdown2.o)
    0x0000030c   0x0000030c   0x00000002   Code   RO          781    .ARM.Collect$$libshutdown$$00000010  c_w.l(libshutdown2.o)
    0x0000030e   0x0000030e   0x00000000   Code   RO          566    .ARM.Collect$$rtentry$$00000000  c_w.l(__rtentry.o)
    0x0000030e   0x0000030e   0x00000000   Code   RO          598    .ARM.Collect$$rtentry$$00000002  c_w.l(__rtentry2.o)
    0x0000030e   0x0000030e   0x00000006   Code   RO          610    .ARM.Collect$$rtentry$$00000004  c_w.l(__rtentry4.o)
    0x00000314   0x00000314   0x00000000   Code   RO          600    .ARM.Collect$$rtentry$$00000009  c_w.l(__rtentry2.o)
    0x00000314   0x00000314   0x00000004   Code   RO          601    .ARM.Collect$$rtentry$$0000000A  c_w.l(__rtentry2.o)
    0x00000318   0x00000318   0x00000000   Code   RO          603    .ARM.Collect$$rtentry$$0000000C  c_w.l(__rtentry2.o)
    0x00000318   0x00000318   0x00000008   Code   RO          604    .ARM.Collect$$rtentry$$0000000D  c_w.l(__rtentry2.o)
    0x00000320   0x00000320   0x00000002   Code   RO          721    .ARM.Collect$$rtexit$$00000000  c_w.l(rtexit.o)
    0x00000322   0x00000322   0x00000000   Code   RO          730    .ARM.Collect$$rtexit$$00000002  c_w.l(rtexit2.o)
    0x00000322   0x00000322   0x00000004   Code   RO          731    .ARM.Collect$$rtexit$$00000003  c_w.l(rtexit2.o)
    0x00000326   0x00000326   0x00000006   Code   RO          732    .ARM.Collect$$rtexit$$00000004  c_w.l(rtexit2.o)
    0x0000032c   0x0000032c   0x00000114   Code   RO           44  * .text               startup_tm4c123.o
    0x00000440   0x00000440   0x00000034   Code   RO          506    .text               c_w.l(noretval__2snprintf.o)
    0x00000474   0x00000474   0x00000078   Code   RO          510    .text               c_w.l(_printf_dec.o)
    0x000004ec   0x000004ec   0x0000010e   Code   RO          520    .text               c_w.l(__printf_wp.o)
    0x000005fa   0x000005fa   0x0000008a   Code   RO          538    .text               c_w.l(rt_memcpy_v6.o)
    0x00000684   0x00000684   0x00000010   Code   RO          540    .text               c_w.l(aeabi_memset4.o)
    0x00000694   0x00000694   0x00000044   Code   RO          542    .text               c_w.l(rt_memclr.o)
    0x000006d8   0x000006d8   0x00000006   Code   RO          544    .text               c_w.l(heapauxi.o)
    0x000006de   0x000006de   0x000000b2   Code   RO          567    .text               c_w.l(_printf_intcommon.o)
    0x00000790   0x00000790   0x0000041c   Code   RO          569    .text               c_w.l(_printf_fp_dec.o)
    0x00000bac   0x00000bac   0x00000030   Code   RO          573    .text               c_w.l(_printf_char_common.o)
    0x00000bdc   0x00000bdc   0x0000000a   Code   RO          575    .text               c_w.l(_sputc.o)
    0x00000be6   0x00000be6   0x00000010   Code   RO          577    .text               c_w.l(_snputc.o)
    0x00000bf6   0x00000bf6   0x00000064   Code   RO          580    .text               c_w.l(rt_memcpy_w.o)
    0x00000c5a   0x00000c5a   0x0000004e   Code   RO          582    .text               c_w.l(rt_memclr_w.o)
    0x00000ca8   0x00000ca8   0x00000008   Code   RO          615    .text               c_w.l(rt_locale_intlibspace.o)
    0x00000cb0   0x00000cb0   0x0000008a   Code   RO          617    .text               c_w.l(lludiv10.o)
    0x00000d3a   0x00000d3a   0x00000002   PAD
    0x00000d3c   0x00000d3c   0x00000080   Code   RO          619    .text               c_w.l(_printf_fp_infnan.o)
    0x00000dbc   0x00000dbc   0x000000e4   Code   RO          623    .text               c_w.l(bigflt0.o)
    0x00000ea0   0x00000ea0   0x00000008   Code   RO          659    .text               c_w.l(libspace.o)
    0x00000ea8   0x00000ea8   0x0000004a   Code   RO          662    .text               c_w.l(sys_stackheap_outer.o)
    0x00000ef2   0x00000ef2   0x00000012   Code   RO          666    .text               c_w.l(exit.o)
    0x00000f04   0x00000f04   0x00000004   PAD
    0x00000f08   0x00000f08   0x0000007c   Code   RO          668    .text               c_w.l(strcmpv7em.o)
    0x00000f84   0x00000f84   0x0000000c   Code   RO          742    .text               c_w.l(sys_exit.o)
    0x00000f90   0x00000f90   0x00000002   Code   RO          757    .text               c_w.l(use_no_semi.o)
    0x00000f92   0x00000f92   0x00000000   Code   RO          759    .text               c_w.l(indicate_semi.o)
    0x00000f92   0x00000f92   0x00000002   PAD
    0x00000f94   0x00000f94   0x00000074   Code   RO           10    .text.ADC_Init      main.o
    0x00001008   0x00001008   0x00000024   Code   RO           12    .text.ADC_Read      main.o
    0x0000102c   0x0000102c   0x0000006c   Code   RO           22    .text.ESP8266_Init  main.o
    0x00001098   0x00001098   0x0000003a   Code   RO            8    .text.GPIO_Init     main.o
    0x000010d2   0x000010d2   0x0000000e   PAD
    0x000010e0   0x000010e0   0x00000044   Code   RO           94    .text.PendSV_Handler  port.o
    0x00001124   0x00001124   0x0000000c   PAD
    0x00001130   0x00001130   0x00000024   Code   RO           90    .text.SVC_Handler   port.o
    0x00001154   0x00001154   0x0000002e   Code   RO          106    .text.SysTick_Handler  port.o
    0x00001182   0x00001182   0x00000002   PAD
    0x00001184   0x00001184   0x00000060   Code   RO           55    .text.SystemInit    system_tm4c123.o
    0x000011e4   0x000011e4   0x00000080   Code   RO            6    .text.UART_Init     main.o
    0x00001264   0x00001264   0x00000012   Code   RO            2    .text.UART_SendChar  main.o
    0x00001276   0x00001276   0x00000002   PAD
    0x00001278   0x00001278   0x0000001c   Code   RO            4    .text.UART_SendString  main.o
    0x00001294   0x00001294   0x00000048   Code   RO          347    .text.eTaskConfirmSleepModeStatus  tasks.o
    0x000012dc   0x000012dc   0x00000104   Code   RO           24    .text.main          main.o
    0x000013e0   0x000013e0   0x000000d4   Code   RO          261    .text.prvAddCurrentTaskToDelayedList  tasks.o
    0x000014b4   0x000014b4   0x000000ce   Code   RO          249    .text.prvAddNewTaskToReadyList  tasks.o
    0x00001582   0x00001582   0x00000002   PAD
    0x00001584   0x00001584   0x0000005a   Code   RO          430    .text.prvCheckForValidListAndQueue  timers.o
    0x000015de   0x000015de   0x00000002   PAD
    0x000015e0   0x000015e0   0x0000004e   Code   RO          295    .text.prvCheckTasksWaitingTermination  tasks.o
    0x0000162e   0x0000162e   0x00000002   PAD
    0x00001630   0x00001630   0x00000026   Code   RO          191    .text.prvCopyDataFromQueue  queue.o
    0x00001656   0x00001656   0x00000002   PAD
    0x00001658   0x00001658   0x0000007a   Code   RO          177    .text.prvCopyDataToQueue  queue.o
    0x000016d2   0x000016d2   0x00000002   PAD
    0x000016d4   0x000016d4   0x0000003a   Code   RO          291    .text.prvCreateIdleTasks  tasks.o
    0x0000170e   0x0000170e   0x00000002   PAD
    0x00001710   0x00001710   0x00000056   Code   RO          247    .text.prvCreateTask  tasks.o
    0x00001766   0x00001766   0x00000002   PAD
    0x00001768   0x00001768   0x00000012   Code   RO          255    .text.prvDeleteTCB  tasks.o
    0x0000177a   0x0000177a   0x00000002   PAD
    0x0000177c   0x0000177c   0x00000048   Code   RO          395    .text.prvGetExpectedIdleTime  tasks.o
    0x000017c4   0x000017c4   0x00000020   Code   RO          472    .text.prvGetNextExpireTime  timers.o
    0x000017e4   0x000017e4   0x00000032   Code   RO          128    .text.prvHeapInit   heap_2.o
    0x00001816   0x00001816   0x00000002   PAD
    0x00001818   0x00001818   0x00000072   Code   RO          393    .text.prvIdleTask   tasks.o
    0x0000188a   0x0000188a   0x00000002   PAD
    0x0000188c   0x0000188c   0x00000020   Code   RO          161    .text.prvInitialiseMutex  queue.o
    0x000018ac   0x000018ac   0x00000024   Code   RO          157    .text.prvInitialiseNewQueue  queue.o
    0x000018d0   0x000018d0   0x00000096   Code   RO          389    .text.prvInitialiseNewTask  tasks.o
    0x00001966   0x00001966   0x00000002   PAD
    0x00001968   0x00001968   0x00000070   Code   RO          391    .text.prvInitialiseTaskLists  tasks.o
    0x000019d8   0x000019d8   0x00000040   Code   RO          486    .text.prvInsertTimerInActiveList  timers.o
    0x00001a18   0x00001a18   0x00000018   Code   RO          193    .text.prvIsQueueEmpty  queue.o
    0x00001a30   0x00001a30   0x0000001c   Code   RO          181    .text.prvIsQueueFull  queue.o
    0x00001a4c   0x00001a4c   0x0000009c   Code   RO          179    .text.prvNotifyQueueSetContainer  queue.o
    0x00001ae8   0x00001ae8   0x00000020   Code   RO           98    .text.prvPortStartFirstTask  port.o
    0x00001b08   0x00001b08   0x0000003e   Code   RO          480    .text.prvProcessExpiredTimer  timers.o
    0x00001b46   0x00001b46   0x00000002   PAD
    0x00001b48   0x00001b48   0x0000011a   Code   RO          476    .text.prvProcessReceivedCommands  timers.o
    0x00001c62   0x00001c62   0x00000002   PAD
    0x00001c64   0x00001c64   0x00000080   Code   RO          474    .text.prvProcessTimerOrBlockTask  timers.o
    0x00001ce4   0x00001ce4   0x0000003a   Code   RO          484    .text.prvReloadTimer  timers.o
    0x00001d1e   0x00001d1e   0x00000002   PAD
    0x00001d20   0x00001d20   0x00000026   Code   RO          253    .text.prvResetNextTaskUnblockTime  tasks.o
    0x00001d46   0x00001d46   0x00000002   PAD
    0x00001d48   0x00001d48   0x0000002a   Code   RO          478    .text.prvSampleTimeNow  timers.o
    0x00001d72   0x00001d72   0x00000002   PAD
    0x00001d74   0x00001d74   0x00000034   Code   RO          482    .text.prvSwitchTimerLists  timers.o
    0x00001da8   0x00001da8   0x00000032   Code   RO           88    .text.prvTaskExitError  port.o
    0x00001dda   0x00001dda   0x00000002   PAD
    0x00001ddc   0x00001ddc   0x00000016   Code   RO          432    .text.prvTimerTask  timers.o
    0x00001df2   0x00001df2   0x00000002   PAD
    0x00001df4   0x00001df4   0x00000086   Code   RO          183    .text.prvUnlockQueue  queue.o
    0x00001e7a   0x00001e7a   0x00000002   PAD
    0x00001e7c   0x00001e7c   0x000000f0   Code   RO          126    .text.pvPortMalloc  heap_2.o
    0x00001f6c   0x00001f6c   0x00000020   Code   RO           86    .text.pxPortInitialiseStack  port.o
    0x00001f8c   0x00001f8c   0x00000026   Code   RO           76    .text.uxListRemove  list.o
    0x00001fb2   0x00001fb2   0x00000002   PAD
    0x00001fb4   0x00001fb4   0x0000000c   Code   RO          303    .text.uxTaskGetNumberOfTasks  tasks.o
    0x00001fc0   0x00001fc0   0x000000c0   Code   RO           18    .text.vCommunicationTask  main.o
    0x00002080   0x00002080   0x00000060   Code   RO           20    .text.vDisplayTask  main.o
    0x000020e0   0x000020e0   0x0000005e   Code   RO           16    .text.vHeartRateTask  main.o
    0x0000213e   0x0000213e   0x00000002   PAD
    0x00002140   0x00002140   0x00000016   Code   RO           68    .text.vListInitialise  list.o
    0x00002156   0x00002156   0x00000002   PAD
    0x00002158   0x00002158   0x00000006   Code   RO           70    .text.vListInitialiseItem  list.o
    0x0000215e   0x0000215e   0x00000002   PAD
    0x00002160   0x00002160   0x0000003a   Code   RO           74    .text.vListInsert   list.o
    0x0000219a   0x0000219a   0x00000002   PAD
    0x0000219c   0x0000219c   0x00000046   Code   RO          102    .text.vPortEnterCritical  port.o
    0x000021e2   0x000021e2   0x00000002   PAD
    0x000021e4   0x000021e4   0x0000002e   Code   RO          104    .text.vPortExitCritical  port.o
    0x00002212   0x00002212   0x00000002   PAD
    0x00002214   0x00002214   0x0000007e   Code   RO          130    .text.vPortFree     heap_2.o
    0x00002292   0x00002292   0x00000002   PAD
    0x00002294   0x00002294   0x00000064   Code   RO           96    .text.vPortSetupTimerInterrupt  port.o
    0x000022f8   0x000022f8   0x00000118   Code   RO          108    .text.vPortSuppressTicksAndSleep  port.o
    0x00002410   0x00002410   0x00000044   Code   RO          225    .text.vQueueWaitForMessageRestricted  queue.o
    0x00002454   0x00002454   0x00000056   Code   RO          265    .text.vTaskDelay    tasks.o
    0x000024aa   0x000024aa   0x00000002   PAD
    0x000024ac   0x000024ac   0x0000001a   Code   RO          337    .text.vTaskInternalSetTimeOutState  tasks.o
    0x000024c6   0x000024c6   0x00000002   PAD
    0x000024c8   0x000024c8   0x0000000e   Code   RO          341    .text.vTaskMissedYield  tasks.o
    0x000024d6   0x000024d6   0x00000002   PAD
    0x000024d8   0x000024d8   0x00000032   Code   RO          325    .text.vTaskPlaceOnEventList  tasks.o
    0x0000250a   0x0000250a   0x00000002   PAD
    0x0000250c   0x0000250c   0x00000066   Code   RO          329    .text.vTaskPlaceOnEventListRestricted  tasks.o
    0x00002572   0x00002572   0x00000002   PAD
    0x00002574   0x00002574   0x0000006e   Code   RO          289    .text.vTaskStartScheduler  tasks.o
    0x000025e2   0x000025e2   0x00000002   PAD
    0x000025e4   0x000025e4   0x0000008e   Code   RO          319    .text.vTaskStepTick  tasks.o
    0x00002672   0x00002672   0x00000002   PAD
    0x00002674   0x00002674   0x00000010   Code   RO          259    .text.vTaskSuspendAll  tasks.o
    0x00002684   0x00002684   0x0000008a   Code   RO          281    .text.vTaskSwitchContext  tasks.o
    0x0000270e   0x0000270e   0x00000002   PAD
    0x00002710   0x00002710   0x00000060   Code   RO           14    .text.vTemperatureTask  main.o
    0x00002770   0x00002770   0x00000136   Code   RO           92    .text.xPortStartScheduler  port.o
    0x000028a6   0x000028a6   0x00000002   PAD
    0x000028a8   0x000028a8   0x00000016   Code   RO          159    .text.xQueueCreateMutex  queue.o
    0x000028be   0x000028be   0x00000002   PAD
    0x000028c0   0x000028c0   0x00000052   Code   RO          155    .text.xQueueGenericCreate  queue.o
    0x00002912   0x00002912   0x00000002   PAD
    0x00002914   0x00002914   0x000000aa   Code   RO          153    .text.xQueueGenericReset  queue.o
    0x000029be   0x000029be   0x00000002   PAD
    0x000029c0   0x000029c0   0x000001d0   Code   RO          169    .text.xQueueGenericSend  queue.o
    0x00002b90   0x00002b90   0x00000180   Code   RO          189    .text.xQueueReceive  queue.o
    0x00002d10   0x00002d10   0x000000a6   Code   RO          339    .text.xTaskCheckForTimeOut  tasks.o
    0x00002db6   0x00002db6   0x00000002   PAD
    0x00002db8   0x00002db8   0x00000024   Code   RO          245    .text.xTaskCreate   tasks.o
    0x00002ddc   0x00002ddc   0x00000026   Code   RO          361    .text.xTaskGetSchedulerState  tasks.o
    0x00002e02   0x00002e02   0x00000002   PAD
    0x00002e04   0x00002e04   0x0000000c   Code   RO          299    .text.xTaskGetTickCount  tasks.o
    0x00002e10   0x00002e10   0x000001ae   Code   RO          297    .text.xTaskIncrementTick  tasks.o
    0x00002fbe   0x00002fbe   0x00000002   PAD
    0x00002fc0   0x00002fc0   0x000000c2   Code   RO          365    .text.xTaskPriorityDisinherit  tasks.o
    0x00003082   0x00003082   0x00000002   PAD
    0x00003084   0x00003084   0x000000f8   Code   RO          331    .text.xTaskRemoveFromEventList  tasks.o
    0x0000317c   0x0000317c   0x00000174   Code   RO          263    .text.xTaskResumeAll  tasks.o
    0x000032f0   0x000032f0   0x00000060   Code   RO          428    .text.xTimerCreateTimerTask  timers.o
    0x00003350   0x00003350   0x0000003e   Code   RO          626    CL$$btod_d2e        c_w.l(btod.o)
    0x0000338e   0x0000338e   0x00000046   Code   RO          628    CL$$btod_d2e_denorm_low  c_w.l(btod.o)
    0x000033d4   0x000033d4   0x00000060   Code   RO          627    CL$$btod_d2e_norm_op1  c_w.l(btod.o)
    0x00003434   0x00003434   0x00000338   Code   RO          636    CL$$btod_div_common  c_w.l(btod.o)
    0x0000376c   0x0000376c   0x000000dc   Code   RO          633    CL$$btod_e2e        c_w.l(btod.o)
    0x00003848   0x00003848   0x0000002a   Code   RO          630    CL$$btod_ediv       c_w.l(btod.o)
    0x00003872   0x00003872   0x0000002a   Code   RO          629    CL$$btod_emul       c_w.l(btod.o)
    0x0000389c   0x0000389c   0x00000244   Code   RO          635    CL$$btod_mult_common  c_w.l(btod.o)
    0x00003ae0   0x00003ae0   0x00000028   Code   RO          657    i.__ARM_fpclassify  m_ws.l(fpclassify.o)
    0x00003b08   0x00003b08   0x0000000e   Code   RO          522    i._is_digit         c_w.l(__printf_wp.o)
    0x00003b16   0x00003b16   0x00000002   PAD
    0x00003b18   0x00003b18   0x0000002c   Code   RO          651    locale$$code        c_w.l(lc_numeric_c.o)
    0x00003b44   0x00003b44   0x0000000c   Code   RO          584    x$fpl$dretinf       fz_ws.l(dretinf.o)
    0x00003b50   0x00003b50   0x00000056   Code   RO          548    x$fpl$f2d           fz_ws.l(f2d.o)
    0x00003ba6   0x00003ba6   0x00000054   Code   RO          550    x$fpl$fcmp          fz_ws.l(fcmp.o)
    0x00003bfa   0x00003bfa   0x00000018   Code   RO          653    x$fpl$fcmpinf       fz_ws.l(fcmpi.o)
    0x00003c12   0x00003c12   0x00000002   PAD
    0x00003c14   0x00003c14   0x00000184   Code   RO          553    x$fpl$fdiv          fz_ws.l(fdiv.o)
    0x00003d98   0x00003d98   0x00000068   Code   RO          586    x$fpl$feqf          fz_ws.l(feqf.o)
    0x00003e00   0x00003e00   0x00000026   Code   RO          556    x$fpl$ffltu         fz_ws.l(fflt_clz.o)
    0x00003e26   0x00003e26   0x00000002   PAD
    0x00003e28   0x00003e28   0x00000068   Code   RO          588    x$fpl$fgeqf         fz_ws.l(fgeqf.o)
    0x00003e90   0x00003e90   0x00000068   Code   RO          590    x$fpl$fleqf         fz_ws.l(fleqf.o)
    0x00003ef8   0x00003ef8   0x00000102   Code   RO          562    x$fpl$fmul          fz_ws.l(fmul.o)
    0x00003ffa   0x00003ffa   0x0000008c   Code   RO          592    x$fpl$fnaninf       fz_ws.l(fnaninf.o)
    0x00004086   0x00004086   0x0000000a   Code   RO          594    x$fpl$fretinf       fz_ws.l(fretinf.o)
    0x00004090   0x00004090   0x00000004   Code   RO          564    x$fpl$printf1       fz_ws.l(printf1.o)
    0x00004094   0x00004094   0x00000000   Code   RO          596    x$fpl$usenofp       fz_ws.l(usenofp.o)
    0x00004094   0x00004094   0x00000094   Data   RO          624    .constdata          c_w.l(bigflt0.o)
    0x00004128   0x00004128   0x00000004   Data   RO          414    .rodata.uxTopUsedPriority  tasks.o
    0x0000412c   0x0000412c   0x00000020   Data   RO          809    Region$$Table       anon$$obj.o
    0x0000414c   0x0000414c   0x0000001c   Data   RO          650    locale$$data        c_w.l(lc_numeric_c.o)


    Execution Region ER_RW (Exec base: 0x20000000, Load base: 0x00004168, Size: 0x0000000c, Max: 0xffffffff, ABSOLUTE)

    Exec Addr    Load Addr    Size         Type   Attr      Idx    E Section Name        Object

    0x20000000   0x00004168   0x00000004   Data   RW           57    .data.SystemCoreClock  system_tm4c123.o
    0x20000004   0x0000416c   0x00000004   Data   RW          114    .data.uxCriticalNesting  port.o
    0x20000008   0x00004170   0x00000004   Data   RW          141    .data.xFreeBytesRemaining  heap_2.o


    Execution Region ER_ZI (Exec base: 0x20000010, Load base: 0x00004174, Size: 0x00007a40, Max: 0xffffffff, ABSOLUTE)

    Exec Addr    Load Addr    Size         Type   Attr      Idx    E Section Name        Object

    0x20000010        -       0x00000060   Zero   RW          660    .bss                c_w.l(libspace.o)
    0x20000070        -       0x00000004   Zero   RW          492    .bss.prvSampleTimeNow.xLastTime  timers.o
    0x20000074        -       0x00000004   Zero   RW          397    .bss.pxCurrentTCB   tasks.o
    0x20000078        -       0x00000004   Zero   RW          490    .bss.pxCurrentTimerList  timers.o
    0x2000007c        -       0x00000004   Zero   RW          407    .bss.pxDelayedTaskList  tasks.o
    0x20000080        -       0x00000004   Zero   RW          408    .bss.pxOverflowDelayedTaskList  tasks.o
    0x20000084        -       0x00000004   Zero   RW          491    .bss.pxOverflowTimerList  timers.o
    0x20000088        -       0x00000190   Zero   RW          398    .bss.pxReadyTasksLists  tasks.o
    0x20000218        -       0x00007530   Zero   RW          144    .bss.ucHeap         heap_2.o
    0x20007748        -       0x00000001   Zero   RW          112    .bss.ucMaxSysCallPriority  port.o
    0x20007749   0x00004174   0x00000003   PAD
    0x2000774c        -       0x00000004   Zero   RW          113    .bss.ulMaxPRIGROUPValue  port.o
    0x20007750        -       0x00000001   Zero   RW          117    .bss.ulStoppedTimerCompensation  port.o
    0x20007751   0x00004174   0x00000003   PAD
    0x20007754        -       0x00000004   Zero   RW          116    .bss.ulTimerCountsForOneTick  port.o
    0x20007758        -       0x00000004   Zero   RW          404    .bss.uxCurrentNumberOfTasks  tasks.o
    0x2000775c        -       0x00000004   Zero   RW          403    .bss.uxDeletedTasksWaitingCleanUp  tasks.o
    0x20007760        -       0x00000004   Zero   RW          405    .bss.uxSchedulerSuspended  tasks.o
    0x20007764        -       0x00000004   Zero   RW          400    .bss.uxTaskNumber   tasks.o
    0x20007768        -       0x00000004   Zero   RW          399    .bss.uxTopReadyPriority  tasks.o
    0x2000776c        -       0x00000014   Zero   RW          493    .bss.xActiveTimerList1  timers.o
    0x20007780        -       0x00000014   Zero   RW          494    .bss.xActiveTimerList2  timers.o
    0x20007794        -       0x00000004   Zero   RW           27    .bss.xCommQueue     main.o
    0x20007798        -       0x00000004   Zero   RW           31    .bss.xCommTaskHandle  main.o
    0x2000779c        -       0x00000014   Zero   RW          417    .bss.xDelayedTaskList1  tasks.o
    0x200077b0        -       0x00000014   Zero   RW          418    .bss.xDelayedTaskList2  tasks.o
    0x200077c4        -       0x00000004   Zero   RW           32    .bss.xDisplayTaskHandle  main.o
    0x200077c8        -       0x00000008   Zero   RW          143    .bss.xEnd           heap_2.o
    0x200077d0        -       0x00000001   Zero   RW          140    .bss.xHeapHasBeenInitialised  heap_2.o
    0x200077d1   0x00004174   0x00000003   PAD
    0x200077d4        -       0x00000004   Zero   RW           30    .bss.xHeartRateTaskHandle  main.o
    0x200077d8        -       0x00000004   Zero   RW           28    .bss.xI2CSemaphore  main.o
    0x200077dc        -       0x00000004   Zero   RW          413    .bss.xIdleTaskHandles  tasks.o
    0x200077e0        -       0x00000004   Zero   RW          115    .bss.xMaximumPossibleSuppressedTicks  port.o
    0x200077e4        -       0x00000004   Zero   RW          412    .bss.xNextTaskUnblockTime  tasks.o
    0x200077e8        -       0x00000004   Zero   RW          416    .bss.xNumOfOverflows  tasks.o
    0x200077ec        -       0x00000004   Zero   RW          415    .bss.xPendedTicks   tasks.o
    0x200077f0        -       0x00000014   Zero   RW          409    .bss.xPendingReadyList  tasks.o
    0x20007804        -       0x00000004   Zero   RW          401    .bss.xSchedulerRunning  tasks.o
    0x20007808        -       0x00000004   Zero   RW           26    .bss.xSensorDataQueue  main.o
    0x2000780c        -       0x00000008   Zero   RW          142    .bss.xStart         heap_2.o
    0x20007814        -       0x00000014   Zero   RW          410    .bss.xSuspendedTaskList  tasks.o
    0x20007828        -       0x00000014   Zero   RW          402    .bss.xTasksWaitingTermination  tasks.o
    0x2000783c        -       0x00000004   Zero   RW           29    .bss.xTempTaskHandle  main.o
    0x20007840        -       0x00000004   Zero   RW          406    .bss.xTickCount     tasks.o
    0x20007844        -       0x00000004   Zero   RW          488    .bss.xTimerQueue    timers.o
    0x20007848        -       0x00000004   Zero   RW          489    .bss.xTimerTaskHandle  timers.o
    0x2000784c        -       0x00000004   Zero   RW          411    .bss.xYieldPendings  tasks.o
    0x20007850        -       0x00000000   Zero   RW           42    HEAP                startup_tm4c123.o
    0x20007850        -       0x00000200   Zero   RW           41    STACK               startup_tm4c123.o


==============================================================================

Image component sizes


      Code (inc. data)   RO Data    RW Data    ZI Data      Debug   Object Name

       416          0          0          4      30017       3611   heap_2.o
       124          0          0          0          0       2173   list.o
      1230        168          0          0         28       3447   main.o
      1070         12          0          4         14       5307   port.o
      1760          0          0          0          0      22954   queue.o
       276         24        620          0        512       5424   startup_tm4c123.o
        96          0          0          4          0       5912   system_tm4c123.o
      3408          0          4          0        560      37690   tasks.o
       928         18          0          0         60      12881   timers.o

    ----------------------------------------------------------------------
      9424        234        656         12      31200      99399   Object Totals
         0          0         32          0          0          0   (incl. Generated)
       116         12          0          0          9          0   (incl. Padding)

    ----------------------------------------------------------------------

      Code (inc. data)   RO Data    RW Data    ZI Data      Debug   Library Member Name

         8          0          0          0          0         68   __main.o
       284          0          0          0          0        156   __printf_wp.o
         0          0          0          0          0          0   __rtentry.o
        12          0          0          0          0          0   __rtentry2.o
         6          0          0          0          0          0   __rtentry4.o
        52          8          0          0          0          0   __scatter.o
        26          0          0          0          0          0   __scatter_copy.o
        28          0          0          0          0          0   __scatter_zi.o
        48          6          0          0          0         96   _printf_char_common.o
         6          0          0          0          0          0   _printf_d.o
       120         16          0          0          0         92   _printf_dec.o
         6          0          0          0          0          0   _printf_f.o
      1052          0          0          0          0        148   _printf_fp_dec.o
       128         16          0          0          0         84   _printf_fp_infnan.o
       178          0          0          0          0         88   _printf_intcommon.o
         0          0          0          0          0          0   _printf_percent.o
         4          0          0          0          0          0   _printf_percent_end.o
         6          0          0          0          0          0   _printf_u.o
        16          0          0          0          0         68   _snputc.o
        10          0          0          0          0         68   _sputc.o
        16          0          0          0          0         68   aeabi_memset4.o
       228          4        148          0          0         96   bigflt0.o
      1936        128          0          0          0        672   btod.o
        18          0          0          0          0         80   exit.o
         6          0          0          0          0        152   heapauxi.o
         0          0          0          0          0          0   indicate_semi.o
        44         10         28          0          0         76   lc_numeric_c.o
         2          0          0          0          0          0   libinit.o
        18          0          0          0          0          0   libinit2.o
         2          0          0          0          0          0   libshutdown.o
         2          0          0          0          0          0   libshutdown2.o
         8          4          0          0         96         68   libspace.o
       138          0          0          0          0         80   lludiv10.o
        52          4          0          0          0         84   noretval__2snprintf.o
         8          4          0          0          0         68   rt_locale_intlibspace.o
        68          0          0          0          0         68   rt_memclr.o
        78          0          0          0          0         80   rt_memclr_w.o
       138          0          0          0          0         68   rt_memcpy_v6.o
       100          0          0          0          0         80   rt_memcpy_w.o
         2          0          0          0          0          0   rtexit.o
        10          0          0          0          0          0   rtexit2.o
       124          0          0          0          0         88   strcmpv7em.o
        12          4          0          0          0         68   sys_exit.o
        74          0          0          0          0         80   sys_stackheap_outer.o
         2          0          0          0          0         68   use_no_semi.o
        12          0          0          0          0         68   dretinf.o
        86          4          0          0          0         84   f2d.o
        84          0          0          0          0        196   fcmp.o
        24          0          0          0          0         68   fcmpi.o
       388         76          0          0          0         96   fdiv.o
       104          4          0          0          0         84   feqf.o
        38          0          0          0          0         68   fflt_clz.o
       104          4          0          0          0         84   fgeqf.o
       104          4          0          0          0         84   fleqf.o
       258          4          0          0          0         84   fmul.o
       140          4          0          0          0         84   fnaninf.o
        10          0          0          0          0         68   fretinf.o
         4          0          0          0          0         68   printf1.o
         0          0          0          0          0          0   usenofp.o
        40          0          0          0          0         68   fpclassify.o

    ----------------------------------------------------------------------
      6488        304        176          0         96       4116   Library Totals
        16          0          0          0          0          0   (incl. Padding)

    ----------------------------------------------------------------------

      Code (inc. data)   RO Data    RW Data    ZI Data      Debug   Library Name

      5076        204        176          0         96       2912   c_w.l
      1356        100          0          0          0       1136   fz_ws.l
        40          0          0          0          0         68   m_ws.l

    ----------------------------------------------------------------------
      6488        304        176          0         96       4116   Library Totals

    ----------------------------------------------------------------------

==============================================================================


      Code (inc. data)   RO Data    RW Data    ZI Data      Debug   

     15912        538        832         12      31296     101111   Grand Totals
     15912        538        832         12      31296     101111   ELF Image Totals
     15912        538        832         12          0          0   ROM Totals

==============================================================================

    Total RO  Size (Code + RO Data)                16744 (  16.35kB)
    Total RW  Size (RW Data + ZI Data)             31308 (  30.57kB)
    Total ROM Size (Code + RO Data + RW Data)      16756 (  16.36kB)

==============================================================================

