Component: ARM Compiler 6.14.1 Tool: armlink [5db06d00]

==============================================================================

Section Cross References

    project.o(.text) refers (Special) to _printf_d.o(.ARM.Collect$$_printf_percent$$00000009) for _printf_d
    project.o(.text) refers (Special) to _printf_dec.o(.text) for _printf_int_dec
    project.o(.text) refers (Special) to _printf_percent.o(.ARM.Collect$$_printf_percent$$00000000) for _printf_percent
    project.o(.text.UART3_Init) refers (Special) to _printf_d.o(.ARM.Collect$$_printf_percent$$00000009) for _printf_d
    project.o(.text.UART3_Init) refers (Special) to _printf_dec.o(.text) for _printf_int_dec
    project.o(.text.UART3_Init) refers (Special) to _printf_percent.o(.ARM.Collect$$_printf_percent$$00000000) for _printf_percent
    project.o(.text.UART3_Init) refers to sysctl.o(i.SysCtlPeripheralEnable) for SysCtlPeripheralEnable
    project.o(.text.UART3_Init) refers to sysctl.o(i.SysCtlPeripheralReady) for SysCtlPeripheralReady
    project.o(.text.UART3_Init) refers to gpio.o(i.GPIOPinConfigure) for GPIOPinConfigure
    project.o(.text.UART3_Init) refers to gpio.o(i.GPIOPinTypeUART) for GPIOPinTypeUART
    project.o(.text.UART3_Init) refers to sysctl.o(i.SysCtlClockGet) for SysCtlClockGet
    project.o(.text.UART3_Init) refers to uart.o(i.UARTConfigSetExpClk) for UARTConfigSetExpClk
    project.o(.ARM.exidx.text.UART3_Init) refers (Special) to _printf_d.o(.ARM.Collect$$_printf_percent$$00000009) for _printf_d
    project.o(.ARM.exidx.text.UART3_Init) refers (Special) to _printf_dec.o(.text) for _printf_int_dec
    project.o(.ARM.exidx.text.UART3_Init) refers (Special) to _printf_percent.o(.ARM.Collect$$_printf_percent$$00000000) for _printf_percent
    project.o(.ARM.exidx.text.UART3_Init) refers to project.o(.text.UART3_Init) for [Anonymous Symbol]
    project.o(.text.UART3_OutChar) refers (Special) to _printf_d.o(.ARM.Collect$$_printf_percent$$00000009) for _printf_d
    project.o(.text.UART3_OutChar) refers (Special) to _printf_dec.o(.text) for _printf_int_dec
    project.o(.text.UART3_OutChar) refers (Special) to _printf_percent.o(.ARM.Collect$$_printf_percent$$00000000) for _printf_percent
    project.o(.ARM.exidx.text.UART3_OutChar) refers (Special) to _printf_d.o(.ARM.Collect$$_printf_percent$$00000009) for _printf_d
    project.o(.ARM.exidx.text.UART3_OutChar) refers (Special) to _printf_dec.o(.text) for _printf_int_dec
    project.o(.ARM.exidx.text.UART3_OutChar) refers (Special) to _printf_percent.o(.ARM.Collect$$_printf_percent$$00000000) for _printf_percent
    project.o(.ARM.exidx.text.UART3_OutChar) refers to project.o(.text.UART3_OutChar) for [Anonymous Symbol]
    project.o(.text.UART3_OutString) refers (Special) to _printf_d.o(.ARM.Collect$$_printf_percent$$00000009) for _printf_d
    project.o(.text.UART3_OutString) refers (Special) to _printf_dec.o(.text) for _printf_int_dec
    project.o(.text.UART3_OutString) refers (Special) to _printf_percent.o(.ARM.Collect$$_printf_percent$$00000000) for _printf_percent
    project.o(.text.UART3_OutString) refers to project.o(.text.UART3_OutChar) for UART3_OutChar
    project.o(.ARM.exidx.text.UART3_OutString) refers (Special) to _printf_d.o(.ARM.Collect$$_printf_percent$$00000009) for _printf_d
    project.o(.ARM.exidx.text.UART3_OutString) refers (Special) to _printf_dec.o(.text) for _printf_int_dec
    project.o(.ARM.exidx.text.UART3_OutString) refers (Special) to _printf_percent.o(.ARM.Collect$$_printf_percent$$00000000) for _printf_percent
    project.o(.ARM.exidx.text.UART3_OutString) refers to project.o(.text.UART3_OutString) for [Anonymous Symbol]
    project.o(.text.PortF_Init) refers (Special) to _printf_d.o(.ARM.Collect$$_printf_percent$$00000009) for _printf_d
    project.o(.text.PortF_Init) refers (Special) to _printf_dec.o(.text) for _printf_int_dec
    project.o(.text.PortF_Init) refers (Special) to _printf_percent.o(.ARM.Collect$$_printf_percent$$00000000) for _printf_percent
    project.o(.ARM.exidx.text.PortF_Init) refers (Special) to _printf_d.o(.ARM.Collect$$_printf_percent$$00000009) for _printf_d
    project.o(.ARM.exidx.text.PortF_Init) refers (Special) to _printf_dec.o(.text) for _printf_int_dec
    project.o(.ARM.exidx.text.PortF_Init) refers (Special) to _printf_percent.o(.ARM.Collect$$_printf_percent$$00000000) for _printf_percent
    project.o(.ARM.exidx.text.PortF_Init) refers to project.o(.text.PortF_Init) for [Anonymous Symbol]
    project.o(.text.ADC0_Init) refers (Special) to _printf_d.o(.ARM.Collect$$_printf_percent$$00000009) for _printf_d
    project.o(.text.ADC0_Init) refers (Special) to _printf_dec.o(.text) for _printf_int_dec
    project.o(.text.ADC0_Init) refers (Special) to _printf_percent.o(.ARM.Collect$$_printf_percent$$00000000) for _printf_percent
    project.o(.ARM.exidx.text.ADC0_Init) refers (Special) to _printf_d.o(.ARM.Collect$$_printf_percent$$00000009) for _printf_d
[...]
    gpio.o(i.GPIOPinTypePECIRx) refers to gpio.o(i.GPIODirModeSet) for GPIODirModeSet
    gpio.o(i.GPIOPinTypePECIRx) refers to gpio.o(i.GPIOPadConfigSet) for GPIOPadConfigSet
    gpio.o(i.GPIOPinTypePECITx) refers to gpio.o(i.GPIODirModeSet) for GPIODirModeSet
    gpio.o(i.GPIOPinTypePECITx) refers to gpio.o(i.GPIOPadConfigSet) for GPIOPadConfigSet
    gpio.o(i.GPIOPinTypePWM) refers to gpio.o(i.GPIODirModeSet) for GPIODirModeSet
    gpio.o(i.GPIOPinTypePWM) refers to gpio.o(i.GPIOPadConfigSet) for GPIOPadConfigSet
    gpio.o(i.GPIOPinTypeQEI) refers to gpio.o(i.GPIODirModeSet) for GPIODirModeSet
    gpio.o(i.GPIOPinTypeQEI) refers to gpio.o(i.GPIOPadConfigSet) for GPIOPadConfigSet
    gpio.o(i.GPIOPinTypeSSI) refers to gpio.o(i.GPIODirModeSet) for GPIODirModeSet
    gpio.o(i.GPIOPinTypeSSI) refers to gpio.o(i.GPIOPadConfigSet) for GPIOPadConfigSet
    gpio.o(i.GPIOPinTypeTimer) refers to gpio.o(i.GPIODirModeSet) for GPIODirModeSet
    gpio.o(i.GPIOPinTypeTimer) refers to gpio.o(i.GPIOPadConfigSet) for GPIOPadConfigSet
    gpio.o(i.GPIOPinTypeUART) refers to gpio.o(i.GPIODirModeSet) for GPIODirModeSet
    gpio.o(i.GPIOPinTypeUART) refers to gpio.o(i.GPIOPadConfigSet) for GPIOPadConfigSet
    gpio.o(i.GPIOPinTypeUSBAnalog) refers to gpio.o(i.GPIODirModeSet) for GPIODirModeSet
    gpio.o(i.GPIOPinTypeUSBAnalog) refers to gpio.o(i.GPIOPadConfigSet) for GPIOPadConfigSet
    gpio.o(i.GPIOPinTypeUSBDigital) refers to gpio.o(i.GPIODirModeSet) for GPIODirModeSet
    gpio.o(i.GPIOPinTypeUSBDigital) refers to gpio.o(i.GPIOPadConfigSet) for GPIOPadConfigSet
    gpio.o(i.GPIOPinTypeWakeHigh) refers to gpio.o(i.GPIODirModeSet) for GPIODirModeSet
    gpio.o(i.GPIOPinTypeWakeHigh) refers to gpio.o(i.GPIOPadConfigSet) for GPIOPadConfigSet
    gpio.o(i.GPIOPinTypeWakeLow) refers to gpio.o(i.GPIODirModeSet) for GPIODirModeSet
    gpio.o(i.GPIOPinTypeWakeLow) refers to gpio.o(i.GPIOPadConfigSet) for GPIOPadConfigSet
    sysctl.o(i.SysCtlClockFreqSet) refers to sysctl.o(.constdata) for .constdata
    sysctl.o(i.SysCtlClockGet) refers to sysctl.o(.constdata) for .constdata
    sysctl.o(i.SysCtlClockSet) refers to sysctl.o(.emb_text) for SysCtlDelay
    sysctl.o(i.SysCtlDeepSleep) refers to cpu.o(.emb_text) for CPUwfi
    sysctl.o(i.SysCtlIntRegister) refers to interrupt.o(i.IntRegister) for IntRegister
    sysctl.o(i.SysCtlIntRegister) refers to interrupt.o(i.IntEnable) for IntEnable
    sysctl.o(i.SysCtlIntUnregister) refers to interrupt.o(i.IntDisable) for IntDisable
    sysctl.o(i.SysCtlIntUnregister) refers to interrupt.o(i.IntUnregister) for IntUnregister
    sysctl.o(i.SysCtlSleep) refers to cpu.o(.emb_text) for CPUwfi
    uart.o(i.UARTIntRegister) refers to interrupt.o(i.IntRegister) for IntRegister
    uart.o(i.UARTIntRegister) refers to interrupt.o(i.IntEnable) for IntEnable
    uart.o(i.UARTIntRegister) refers to uart.o(.constdata) for .constdata
    uart.o(i.UARTIntUnregister) refers to interrupt.o(i.IntDisable) for IntDisable
    uart.o(i.UARTIntUnregister) refers to interrupt.o(i.IntUnregister) for IntUnregister
    uart.o(i.UARTIntUnregister) refers to uart.o(.constdata) for .constdata
    interrupt.o(i.IntDisable) refers to interrupt.o(.constdata) for .constdata
    interrupt.o(i.IntEnable) refers to interrupt.o(.constdata) for .constdata
    interrupt.o(i.IntIsEnabled) refers to interrupt.o(.constdata) for .constdata
    interrupt.o(i.IntMasterDisable) refers to cpu.o(.emb_text) for CPUcpsid
    interrupt.o(i.IntMasterEnable) refers to cpu.o(.emb_text) for CPUcpsie
    interrupt.o(i.IntPendClear) refers to interrupt.o(.constdata) for .constdata
    interrupt.o(i.IntPendSet) refers to interrupt.o(.constdata) for .constdata
    interrupt.o(i.IntPriorityGet) refers to interrupt.o(.constdata) for .constdata
    interrupt.o(i.IntPriorityGroupingGet) refers to interrupt.o(.constdata) for .constdata
    interrupt.o(i.IntPriorityGroupingSet) refers to interrupt.o(.constdata) for .constdata
    interrupt.o(i.IntPriorityMaskGet) refers to cpu.o(.emb_text) for CPUbasepriGet
    interrupt.o(i.IntPriorityMaskSet) refers to cpu.o(.emb_text) for CPUbasepriSet
    interrupt.o(i.IntPrioritySet) refers to interrupt.o(.constdata) for .constdata
    interrupt.o(i.IntRegister) refers to interrupt.o(vtable) for vtable
    interrupt.o(i.IntUnregister) refers to interrupt.o(i._IntDefaultHandler) for _IntDefaultHandler
    interrupt.o(i.IntUnregister) refers to interrupt.o(vtable) for vtable
    __2sprintf.o(.text) refers to _printf_char_common.o(.text) for _printf_char_common
    __2sprintf.o(.text) refers to _sputc.o(.text) for _sputc
    noretval__2sprintf.o(.text) refers to _printf_char_common.o(.text) for _printf_char_common
    noretval__2sprintf.o(.text) refers to _sputc.o(.text) for _sputc
    __printf.o(.text) refers to _printf_percent.o(.ARM.Collect$$_printf_percent$$00000000) for _printf_percent
    _printf_dec.o(.text) refers to _printf_intcommon.o(.text) for _printf_int_common
    __printf_flags.o(.text) refers to _printf_percent.o(.ARM.Collect$$_printf_percent$$00000000) for _printf_percent
    __printf_flags.o(.text) refers to __printf_flags.o(.constdata) for .constdata
    __printf_ss.o(.text) refers to _printf_percent.o(.ARM.Collect$$_printf_percent$$00000000) for _printf_percent
    __printf_flags_ss.o(.text) refers to _printf_percent.o(.ARM.Collect$$_printf_percent$$00000000) for _printf_percent
    __printf_flags_ss.o(.text) refers to __printf_flags_ss.o(.constdata) for .constdata
    __printf_wp.o(.text) refers to __printf_wp.o(i._is_digit) for _is_digit
    __printf_wp.o(.text) refers to _printf_percent.o(.ARM.Collect$$_printf_percent$$00000000) for _printf_percent
    __printf_flags_wp.o(.text) refers to __printf_wp.o(i._is_digit) for _is_digit
    __printf_flags_wp.o(.text) refers to _printf_percent.o(.ARM.Collect$$_printf_percent$$00000000) for _printf_percent
    __printf_flags_wp.o(.text) refers to __printf_flags_wp.o(.constdata) for .constdata
    __printf_ss_wp.o(.text) refers to __printf_wp.o(i._is_digit) for _is_digit
    __printf_ss_wp.o(.text) refers to _printf_percent.o(.ARM.Collect$$_printf_percent$$00000000) for _printf_percent
    __printf_flags_ss_wp.o(.text) refers to __printf_wp.o(i._is_digit) for _is_digit
    __printf_flags_ss_wp.o(.text) refers to _printf_percent.o(.ARM.Collect$$_printf_percent$$00000000) for _printf_percent
    __printf_flags_ss_wp.o(.text) refers to __printf_flags_ss_wp.o(.constdata) for .constdata
    _printf_d.o(.ARM.Collect$$_printf_percent$$00000009) refers (Weak) to _printf_dec.o(.text) for _printf_int_dec
    _printf_percent.o(.ARM.Collect$$_printf_percent$$00000000) refers (Special) to _printf_percent_end.o(.ARM.Collect$$_printf_percent$$00000017) for _printf_percent_end
    __main.o(!!!main) refers to __rtentry.o(.ARM.Collect$$rtentry$$00000000) for __rt_entry
    __rtentry.o(.ARM.Collect$$rtentry$$00000000) refers (Special) to __rtentry2.o(.ARM.Collect$$rtentry$$0000000A) for __rt_entry_li
    __rtentry.o(.ARM.Collect$$rtentry$$00000000) refers (Special) to __rtentry2.o(.ARM.Collect$$rtentry$$0000000D) for __rt_entry_main
    __rtentry.o(.ARM.Collect$$rtentry$$00000000) refers (Special) to __rtentry2.o(.ARM.Collect$$rtentry$$0000000C) for __rt_entry_postli_1
    __rtentry.o(.ARM.Collect$$rtentry$$00000000) refers (Special) to __rtentry2.o(.ARM.Collect$$rtentry$$00000009) for __rt_entry_postsh_1
    __rtentry.o(.ARM.Collect$$rtentry$$00000000) refers (Special) to __rtentry2.o(.ARM.Collect$$rtentry$$00000002) for __rt_entry_presh_1
    __rtentry.o(.ARM.Collect$$rtentry$$00000000) refers (Special) to __rtentry4.o(.ARM.Collect$$rtentry$$00000004) for __rt_entry_sh
    _printf_char_common.o(.text) refers to __printf.o(.text) for __printf
    __rtentry2.o(.ARM.Collect$$rtentry$$00000008) refers to boardinit2.o(.text) for _platform_post_stackheap_init
    __rtentry2.o(.ARM.Collect$$rtentry$$0000000A) refers to libinit.o(.ARM.Collect$$libinit$$00000000) for __rt_lib_init
    __rtentry2.o(.ARM.Collect$$rtentry$$0000000B) refers to boardinit3.o(.text) for _platform_post_lib_init
    __rtentry2.o(.ARM.Collect$$rtentry$$0000000D) refers to project.o(.text.main) for main
    __rtentry2.o(.ARM.Collect$$rtentry$$0000000D) refers to exit.o(.text) for exit
    __rtentry2.o(.ARM.exidx) refers to __rtentry2.o(.ARM.Collect$$rtentry$$00000001) for .ARM.Collect$$rtentry$$00000001
    __rtentry2.o(.ARM.exidx) refers to __rtentry2.o(.ARM.Collect$$rtentry$$00000008) for .ARM.Collect$$rtentry$$00000008
    __rtentry2.o(.ARM.exidx) refers to __rtentry2.o(.ARM.Collect$$rtentry$$0000000A) for .ARM.Collect$$rtentry$$0000000A
    __rtentry2.o(.ARM.exidx) refers to __rtentry2.o(.ARM.Collect$$rtentry$$0000000B) for .ARM.Collect$$rtentry$$0000000B
    __rtentry2.o(.ARM.exidx) refers to __rtentry2.o(.ARM.Collect$$rtentry$$0000000D) for .ARM.Collect$$rtentry$$0000000D
    __rtentry4.o(.ARM.Collect$$rtentry$$00000004) refers to sys_stackheap_outer.o(.text) for __user_setup_stackheap
    __rtentry4.o(.ARM.exidx) refers to __rtentry4.o(.ARM.Collect$$rtentry$$00000004) for .ARM.Collect$$rtentry$$00000004
    sys_stackheap_outer.o(.text) refers to libspace.o(.text) for __user_perproc_libspace
    sys_stackheap_outer.o(.text) refers to startup_tm4c123.o(.text) for __user_initial_stackheap
    exit.o(.text) refers to rtexit.o(.ARM.Collect$$rtexit$$00000000) for __rt_exit
    libinit.o(.ARM.Collect$$libinit$$00000000) refers (Special) to libinit2.o(.ARM.Collect$$libinit$$0000002E) for __rt_lib_init_alloca_1
    libinit.o(.ARM.Collect$$libinit$$00000000) refers (Special) to libinit2.o(.ARM.Collect$$libinit$$0000002C) for __rt_lib_init_argv_1
    libinit.o(.ARM.Collect$$libinit$$00000000) refers (Special) to libinit2.o(.ARM.Collect$$libinit$$0000001B) for __rt_lib_init_atexit_1
    libinit.o(.ARM.Collect$$libinit$$00000000) refers (Special) to libinit2.o(.ARM.Collect$$libinit$$00000021) for __rt_lib_init_clock_1
    libinit.o(.ARM.Collect$$libinit$$00000000) refers (Special) to libinit2.o(.ARM.Collect$$libinit$$00000032) for __rt_lib_init_cpp_1
    libinit.o(.ARM.Collect$$libinit$$00000000) refers (Special) to libinit2.o(.ARM.Collect$$libinit$$00000030) for __rt_lib_init_exceptions_1
    libinit.o(.ARM.Collect$$libinit$$00000000) refers (Special) to libinit2.o(.ARM.Collect$$libinit$$00000001) for __rt_lib_init_fp_1
    libinit.o(.ARM.Collect$$libinit$$00000000) refers (Special) to libinit2.o(.ARM.Collect$$libinit$$0000001F) for __rt_lib_init_fp_trap_1
    libinit.o(.ARM.Collect$$libinit$$00000000) refers (Special) to libinit2.o(.ARM.Collect$$libinit$$00000023) for __rt_lib_init_getenv_1
    libinit.o(.ARM.Collect$$libinit$$00000000) refers (Special) to libinit2.o(.ARM.Collect$$libinit$$0000000A) for __rt_lib_init_heap_1
    libinit.o(.ARM.Collect$$libinit$$00000000) refers (Special) to libinit2.o(.ARM.Collect$$libinit$$00000011) for __rt_lib_init_lc_collate_1
    libinit.o(.ARM.Collect$$libinit$$00000000) refers (Special) to libinit2.o(.ARM.Collect$$libinit$$00000013) for __rt_lib_init_lc_ctype_1
    libinit.o(.ARM.Collect$$libinit$$00000000) refers (Special) to libinit2.o(.ARM.Collect$$libinit$$00000015) for __rt_lib_init_lc_monetary_1
    libinit.o(.ARM.Collect$$libinit$$00000000) refers (Special) to libinit2.o(.ARM.Collect$$libinit$$00000017) for __rt_lib_init_lc_numeric_1
    libinit.o(.ARM.Collect$$libinit$$00000000) refers (Special) to libinit2.o(.ARM.Collect$$libinit$$00000019) for __rt_lib_init_lc_time_1
    libinit.o(.ARM.Collect$$libinit$$00000000) refers (Special) to libinit2.o(.ARM.Collect$$libinit$$00000004) for __rt_lib_init_preinit_1
    libinit.o(.ARM.Collect$$libinit$$00000000) refers (Special) to libinit2.o(.ARM.Collect$$libinit$$0000000E) for __rt_lib_init_rand_1
    libinit.o(.ARM.Collect$$libinit$$00000000) refers (Special) to libinit2.o(.ARM.Collect$$libinit$$00000033) for __rt_lib_init_return
    libinit.o(.ARM.Collect$$libinit$$00000000) refers (Special) to libinit2.o(.ARM.Collect$$libinit$$0000001D) for __rt_lib_init_signal_1
    libinit.o(.ARM.Collect$$libinit$$00000000) refers (Special) to libinit2.o(.ARM.Collect$$libinit$$00000025) for __rt_lib_init_stdio_1
    libinit.o(.ARM.Collect$$libinit$$00000000) refers (Special) to libinit2.o(.ARM.Collect$$libinit$$0000000C) for __rt_lib_init_user_alloc_1
    libspace.o(.text) refers to libspace.o(.bss) for __libspace_start
    rtexit.o(.ARM.Collect$$rtexit$$00000000) refers (Special) to rtexit2.o(.ARM.Collect$$rtexit$$00000004) for __rt_exit_exit
    rtexit.o(.ARM.Collect$$rtexit$$00000000) refers (Special) to rtexit2.o(.ARM.Collect$$rtexit$$00000003) for __rt_exit_ls
    rtexit.o(.ARM.Collect$$rtexit$$00000000) refers (Special) to rtexit2.o(.ARM.Collect$$rtexit$$00000002) for __rt_exit_prels_1
    rtexit.o(.ARM.exidx) refers (Special) to rtexit2.o(.ARM.Collect$$rtexit$$00000004) for __rt_exit_exit
    rtexit.o(.ARM.exidx) refers (Special) to rtexit2.o(.ARM.Collect$$rtexit$$00000003) for __rt_exit_ls
    rtexit.o(.ARM.exidx) refers (Special) to rtexit2.o(.ARM.Collect$$rtexit$$00000002) for __rt_exit_prels_1
    rtexit.o(.ARM.exidx) refers to rtexit.o(.ARM.Collect$$rtexit$$00000000) for .ARM.Collect$$rtexit$$00000000
    libinit2.o(.ARM.Collect$$libinit$$00000001) refers to fpinit.o(x$fpl$fpinit) for _fp_init
    libinit2.o(.ARM.Collect$$libinit$$00000010) refers to libinit2.o(.ARM.Collect$$libinit$$0000000F) for .ARM.Collect$$libinit$$0000000F
    libinit2.o(.ARM.Collect$$libinit$$00000012) refers to libinit2.o(.ARM.Collect$$libinit$$0000000F) for .ARM.Collect$$libinit$$0000000F
    libinit2.o(.ARM.Collect$$libinit$$00000014) refers to libinit2.o(.ARM.Collect$$libinit$$0000000F) for .ARM.Collect$$libinit$$0000000F
    libinit2.o(.ARM.Collect$$libinit$$00000016) refers to libinit2.o(.ARM.Collect$$libinit$$0000000F) for .ARM.Collect$$libinit$$0000000F
    libinit2.o(.ARM.Collect$$libinit$$00000018) refers to libinit2.o(.ARM.Collect$$libinit$$0000000F) for .ARM.Collect$$libinit$$0000000F
    libinit2.o(.ARM.Collect$$libinit$$00000026) refers to argv_veneer.o(.emb_text) for __ARM_argv_veneer
    libinit2.o(.ARM.Collect$$libinit$$00000027) refers to argv_veneer.o(.emb_text) for __ARM_argv_veneer
    rtexit2.o(.ARM.Collect$$rtexit$$00000003) refers to libshutdown.o(.ARM.Collect$$libshutdown$$00000000) for __rt_lib_shutdown
    rtexit2.o(.ARM.Collect$$rtexit$$00000004) refers to sys_exit.o(.text) for _sys_exit
    rtexit2.o(.ARM.exidx) refers to rtexit2.o(.ARM.Collect$$rtexit$$00000001) for .ARM.Collect$$rtexit$$00000001
    rtexit2.o(.ARM.exidx) refers to rtexit2.o(.ARM.Collect$$rtexit$$00000003) for .ARM.Collect$$rtexit$$00000003
    rtexit2.o(.ARM.exidx) refers to rtexit2.o(.ARM.Collect$$rtexit$$00000004) for .ARM.Collect$$rtexit$$00000004
    argv_veneer.o(.emb_text) refers to no_argv.o(.text) for __ARM_get_argv
    sys_exit.o(.text) refers (Special) to use_no_semi.o(.text) for __I$use$semihosting
    sys_exit.o(.text) refers (Special) to indicate_semi.o(.text) for __semihosting_library_function
    sys_exit_hlt.o(.text) refers (Special) to use_no_semi.o(.text) for __I$use$semihosting
    sys_exit_hlt.o(.text) refers (Special) to indicate_semi.o(.text) for __semihosting_library_function
    _get_argv_nomalloc.o(.text) refers (Special) to hrguard.o(.text) for __heap_region$guard
    _get_argv_nomalloc.o(.text) refers to defsig_rtmem_outer.o(.text) for __rt_SIGRTMEM
    _get_argv_nomalloc.o(.text) refers to sys_command.o(.text) for _sys_command_string
    libshutdown.o(.ARM.Collect$$libshutdown$$00000000) refers (Special) to libshutdown2.o(.ARM.Collect$$libshutdown$$00000002) for __rt_lib_shutdown_cpp_1
    libshutdown.o(.ARM.Collect$$libshutdown$$00000000) refers (Special) to libshutdown2.o(.ARM.Collect$$libshutdown$$00000007) for __rt_lib_shutdown_fp_trap_1
    libshutdown.o(.ARM.Collect$$libshutdown$$00000000) refers (Special) to libshutdown2.o(.ARM.Collect$$libshutdown$$0000000F) for __rt_lib_shutdown_heap_1
    libshutdown.o(.ARM.Collect$$libshutdown$$00000000) refers (Special) to libshutdown2.o(.ARM.Collect$$libshutdown$$00000010) for __rt_lib_shutdown_return
    libshutdown.o(.ARM.Collect$$libshutdown$$00000000) refers (Special) to libshutdown2.o(.ARM.Collect$$libshutdown$$0000000A) for __rt_lib_shutdown_signal_1
    libshutdown.o(.ARM.Collect$$libshutdown$$00000000) refers (Special) to libshutdown2.o(.ARM.Collect$$libshutdown$$00000004) for __rt_lib_shutdown_stdio_1
    libshutdown.o(.ARM.Collect$$libshutdown$$00000000) refers (Special) to libshutdown2.o(.ARM.Collect$$libshutdown$$0000000C) for __rt_lib_shutdown_user_alloc_1
    sys_command.o(.text) refers (Special) to use_no_semi.o(.text) for __I$use$semihosting
    sys_command.o(.text) refers (Special) to indicate_semi.o(.text) for __semihosting_library_function
    sys_command_hlt.o(.text) refers (Special) to use_no_semi.o(.text) for __I$use$semihosting
    sys_command_hlt.o(.text) refers (Special) to indicate_semi.o(.text) for __semihosting_library_function
    defsig_rtmem_outer.o(.text) refers to defsig_rtmem_inner.o(.text) for __rt_SIGRTMEM_inner
    defsig_rtmem_outer.o(.text) refers to defsig_exit.o(.text) for __sig_exit
    defsig_rtmem_formal.o(.text) refers to rt_raise.o(.text) for __rt_raise
    rt_raise.o(.text) refers to __raise.o(.text) for __raise
    rt_raise.o(.text) refers to sys_exit.o(.text) for _sys_exit
    defsig_exit.o(.text) refers to sys_exit.o(.text) for _sys_exit
    defsig_rtmem_inner.o(.text) refers to defsig_general.o(.text) for __default_signal_display
    __raise.o(.text) refers to defsig.o(CL$$defsig) for __default_signal_handler
    defsig_general.o(.text) refers to sys_wrch.o(.text) for _ttywrch
    sys_wrch.o(.text) refers (Special) to use_no_semi.o(.text) for __I$use$semihosting
    sys_wrch.o(.text) refers (Special) to indicate_semi.o(.text) for __semihosting_library_function
    sys_wrch_hlt.o(.text) refers (Special) to use_no_semi.o(.text) for __I$use$semihosting
    sys_wrch_hlt.o(.text) refers (Special) to indicate_semi.o(.text) for __semihosting_library_function
    defsig.o(CL$$defsig) refers to defsig_rtmem_inner.o(.text) for __rt_SIGRTMEM_inner
    defsig_abrt_inner.o(.text) refers to defsig_general.o(.text) for __default_signal_display
    defsig_fpe_inner.o(.text) refers to defsig_general.o(.text) for __default_signal_display
    defsig_rtred_inner.o(.text) refers to defsig_general.o(.text) for __default_signal_display
    defsig_stak_inner.o(.text) refers to defsig_general.o(.text) for __default_signal_display
    defsig_pvfn_inner.o(.text) refers to defsig_general.o(.text) for __default_signal_display
    defsig_cppl_inner.o(.text) refers to defsig_general.o(.text) for __default_signal_display
    defsig_segv_inner.o(.text) refers to defsig_general.o(.text) for __default_signal_display
    defsig_other.o(.text) refers to defsig_general.o(.text) for __default_signal_display


==============================================================================

Removing Unused input sections from the image.

    Removing project.o(.text), (0 bytes).
    Removing project.o(.ARM.exidx.text.UART3_Init), (8 bytes).
    Removing project.o(.ARM.exidx.text.UART3_OutChar), (8 bytes).
    Removing project.o(.ARM.exidx.text.UART3_OutString), (8 bytes).
    Removing project.o(.ARM.exidx.text.PortF_Init), (8 bytes).
    Removing project.o(.text.ADC0_Init), (110 bytes).
    Removing project.o(.ARM.exidx.text.ADC0_Init), (8 bytes).
    Removing project.o(.text.ADC0_Read), (36 bytes).
    Removing project.o(.ARM.exidx.text.ADC0_Read), (8 bytes).
    Removing project.o(.ARM.exidx.text.InitADC), (8 bytes).
    Removing project.o(.ARM.exidx.text.ADCRead), (8 bytes).
    Removing project.o(.ARM.exidx.text.main), (8 bytes).
    Removing project.o(.ARM.use_no_argv), (4 bytes).
    Removing system_tm4c123.o(.text), (0 bytes).
    Removing system_tm4c123.o(.text.SystemCoreClockUpdate), (148 bytes).
    Removing system_tm4c123.o(.ARM.exidx.text.SystemCoreClockUpdate), (8 bytes).
    Removing system_tm4c123.o(.text.getOscClk), (56 bytes).
    Removing system_tm4c123.o(.ARM.exidx.text.getOscClk), (8 bytes).
    Removing system_tm4c123.o(.ARM.exidx.text.SystemInit), (8 bytes).
    Removing system_tm4c123.o(.data.SystemCoreClock), (4 bytes).
    Removing system_tm4c123.o(.rodata..Lswitch.table.getOscClk), (92 bytes).
    Removing adc.o(i.ADCBusy), (8 bytes).
    Removing adc.o(i.ADCClockConfigGet), (24 bytes).
    Removing adc.o(i.ADCClockConfigSet), (28 bytes).
    Removing adc.o(i.ADCComparatorConfigure), (10 bytes).
    Removing adc.o(i.ADCComparatorIntClear), (4 bytes).
    Removing adc.o(i.ADCComparatorIntDisable), (18 bytes).
    Removing adc.o(i.ADCComparatorIntEnable), (16 bytes).
    Removing adc.o(i.ADCComparatorIntStatus), (4 bytes).
    Removing adc.o(i.ADCComparatorRegionSet), (14 bytes).
    Removing adc.o(i.ADCComparatorReset), (40 bytes).
    Removing adc.o(i.ADCHardwareOversampleConfigure), (14 bytes).
    Removing adc.o(i.ADCIntClearEx), (8 bytes).
    Removing adc.o(i.ADCIntDisable), (16 bytes).
    Removing adc.o(i.ADCIntDisableEx), (10 bytes).
    Removing adc.o(i.ADCIntEnable), (16 bytes).
    Removing adc.o(i.ADCIntEnableEx), (8 bytes).
    Removing adc.o(i.ADCIntRegister), (92 bytes).
    Removing adc.o(i.ADCIntStatusEx), (22 bytes).
    Removing adc.o(i.ADCIntUnregister), (88 bytes).
    Removing adc.o(i.ADCPhaseDelayGet), (4 bytes).
    Removing adc.o(i.ADCPhaseDelaySet), (4 bytes).
    Removing adc.o(i.ADCReferenceGet), (8 bytes).
    Removing adc.o(i.ADCReferenceSet), (12 bytes).
    Removing adc.o(i.ADCSequenceConfigure), (78 bytes).
    Removing adc.o(i.ADCSequenceDMADisable), (18 bytes).
    Removing adc.o(i.ADCSequenceDMAEnable), (16 bytes).
    Removing adc.o(i.ADCSequenceDisable), (16 bytes).
    Removing adc.o(i.ADCSequenceOverflow), (12 bytes).
    Removing adc.o(i.ADCSequenceOverflowClear), (10 bytes).
    Removing adc.o(i.ADCSequenceUnderflow), (12 bytes).
    Removing adc.o(i.ADCSequenceUnderflowClear), (10 bytes).
    Removing adc.o(i.ADCSoftwareOversampleConfigure), (24 bytes).
    Removing adc.o(i.ADCSoftwareOversampleDataGet), (72 bytes).
    Removing adc.o(i.ADCSoftwareOversampleStepConfigure), (148 bytes).
    Removing adc.o(.data), (3 bytes).
    Removing gpio.o(i.GPIOADCTriggerDisable), (14 bytes).
    Removing gpio.o(i.GPIOADCTriggerEnable), (14 bytes).
    Removing gpio.o(i.GPIODMATriggerDisable), (14 bytes).
    Removing gpio.o(i.GPIODMATriggerEnable), (14 bytes).
    Removing gpio.o(i.GPIODirModeGet), (34 bytes).
    Removing gpio.o(i.GPIOIntClear), (6 bytes).
    Removing gpio.o(i.GPIOIntDisable), (14 bytes).
    Removing gpio.o(i.GPIOIntEnable), (14 bytes).
    Removing gpio.o(i.GPIOIntRegister), (88 bytes).
    Removing gpio.o(i.GPIOIntStatus), (14 bytes).
    Removing gpio.o(i.GPIOIntTypeGet), (68 bytes).
    Removing gpio.o(i.GPIOIntTypeSet), (80 bytes).
    Removing gpio.o(i.GPIOIntUnregister), (88 bytes).
    Removing gpio.o(i.GPIOPadConfigGet), (204 bytes).
    Removing gpio.o(i.GPIOPinRead), (6 bytes).
    Removing gpio.o(i.GPIOPinTypeADC), (28 bytes).
    Removing gpio.o(i.GPIOPinTypeCAN), (28 bytes).
    Removing gpio.o(i.GPIOPinTypeCIR), (28 bytes).
    Removing gpio.o(i.GPIOPinTypeComparator), (28 bytes).
    Removing gpio.o(i.GPIOPinTypeEPI), (28 bytes).
    Removing gpio.o(i.GPIOPinTypeEthernetLED), (28 bytes).
    Removing gpio.o(i.GPIOPinTypeEthernetMII), (28 bytes).
    Removing gpio.o(i.GPIOPinTypeGPIOInput), (28 bytes).
    Removing gpio.o(i.GPIOPinTypeGPIOOutput), (28 bytes).
    Removing gpio.o(i.GPIOPinTypeGPIOOutputOD), (28 bytes).
    Removing gpio.o(i.GPIOPinTypeI2C), (28 bytes).
    Removing gpio.o(i.GPIOPinTypeI2CSCL), (28 bytes).
    Removing gpio.o(i.GPIOPinTypeKBColumn), (28 bytes).
    Removing gpio.o(i.GPIOPinTypeKBRow), (28 bytes).
    Removing gpio.o(i.GPIOPinTypeLCD), (28 bytes).
    Removing gpio.o(i.GPIOPinTypeLEDSeq), (28 bytes).
    Removing gpio.o(i.GPIOPinTypeLPC), (28 bytes).
    Removing gpio.o(i.GPIOPinTypePECIRx), (28 bytes).
    Removing gpio.o(i.GPIOPinTypePECITx), (28 bytes).
    Removing gpio.o(i.GPIOPinTypePWM), (28 bytes).
    Removing gpio.o(i.GPIOPinTypeQEI), (28 bytes).
    Removing gpio.o(i.GPIOPinTypeSSI), (28 bytes).
    Removing gpio.o(i.GPIOPinTypeTimer), (28 bytes).
    Removing gpio.o(i.GPIOPinTypeUSBAnalog), (28 bytes).
    Removing gpio.o(i.GPIOPinTypeUSBDigital), (28 bytes).
    Removing gpio.o(i.GPIOPinTypeWakeHigh), (30 bytes).
    Removing gpio.o(i.GPIOPinTypeWakeLow), (30 bytes).
    Removing gpio.o(i.GPIOPinWakeStatus), (6 bytes).
    Removing gpio.o(i.GPIOPinWrite), (6 bytes).
    Removing sysctl.o(i.SysCtlAltClkConfig), (12 bytes).
    Removing sysctl.o(i.SysCtlClockFreqSet), (712 bytes).
    Removing sysctl.o(i.SysCtlClockOutConfig), (16 bytes).
    Removing sysctl.o(i.SysCtlClockSet), (288 bytes).
    Removing sysctl.o(i.SysCtlDeepSleep), (32 bytes).
    Removing sysctl.o(i.SysCtlDeepSleepClockConfigSet), (112 bytes).
    Removing sysctl.o(i.SysCtlDeepSleepClockSet), (12 bytes).
    Removing sysctl.o(i.SysCtlDeepSleepPowerSet), (12 bytes).
    Removing sysctl.o(i.SysCtlFlashSectorSizeGet), (56 bytes).
    Removing sysctl.o(i.SysCtlFlashSizeGet), (56 bytes).
    Removing sysctl.o(i.SysCtlGPIOAHBDisable), (28 bytes).
    Removing sysctl.o(i.SysCtlGPIOAHBEnable), (24 bytes).
    Removing sysctl.o(i.SysCtlIntClear), (12 bytes).
    Removing sysctl.o(i.SysCtlIntDisable), (16 bytes).
    Removing sysctl.o(i.SysCtlIntEnable), (16 bytes).
    Removing sysctl.o(i.SysCtlIntRegister), (20 bytes).
    Removing sysctl.o(i.SysCtlIntStatus), (16 bytes).
    Removing sysctl.o(i.SysCtlIntUnregister), (18 bytes).
    Removing sysctl.o(i.SysCtlLDODeepSleepGet), (12 bytes).
    Removing sysctl.o(i.SysCtlLDODeepSleepSet), (12 bytes).
    Removing sysctl.o(i.SysCtlLDOSleepGet), (12 bytes).
    Removing sysctl.o(i.SysCtlLDOSleepSet), (12 bytes).
    Removing sysctl.o(i.SysCtlMOSCConfigSet), (12 bytes).
    Removing sysctl.o(i.SysCtlNMIClear), (16 bytes).
    Removing sysctl.o(i.SysCtlNMIStatus), (12 bytes).
    Removing sysctl.o(i.SysCtlPIOSCCalibrate), (76 bytes).
    Removing sysctl.o(i.SysCtlPWMClockGet), (24 bytes).
    Removing sysctl.o(i.SysCtlPWMClockSet), (20 bytes).
    Removing sysctl.o(i.SysCtlPeripheralClockGating), (68 bytes).
    Removing sysctl.o(i.SysCtlPeripheralDeepSleepDisable), (40 bytes).
    Removing sysctl.o(i.SysCtlPeripheralDeepSleepEnable), (40 bytes).
    Removing sysctl.o(i.SysCtlPeripheralDisable), (40 bytes).
    Removing sysctl.o(i.SysCtlPeripheralPowerOff), (40 bytes).
    Removing sysctl.o(i.SysCtlPeripheralPowerOn), (40 bytes).
    Removing sysctl.o(i.SysCtlPeripheralPresent), (44 bytes).
    Removing sysctl.o(i.SysCtlPeripheralReset), (60 bytes).
    Removing sysctl.o(i.SysCtlPeripheralSleepDisable), (40 bytes).
    Removing sysctl.o(i.SysCtlPeripheralSleepEnable), (40 bytes).
    Removing sysctl.o(i.SysCtlReset), (16 bytes).
    Removing sysctl.o(i.SysCtlResetBehaviorGet), (12 bytes).
    Removing sysctl.o(i.SysCtlResetBehaviorSet), (12 bytes).
    Removing sysctl.o(i.SysCtlResetCauseClear), (16 bytes).
    Removing sysctl.o(i.SysCtlResetCauseGet), (12 bytes).
    Removing sysctl.o(i.SysCtlSRAMSizeGet), (16 bytes).
    Removing sysctl.o(i.SysCtlSleep), (4 bytes).
    Removing sysctl.o(i.SysCtlSleepPowerSet), (12 bytes).
    Removing sysctl.o(i.SysCtlUSBPLLDisable), (16 bytes).
    Removing sysctl.o(i.SysCtlUSBPLLEnable), (16 bytes).
    Removing sysctl.o(i.SysCtlVoltageEventClear), (16 bytes).
    Removing sysctl.o(i.SysCtlVoltageEventConfig), (12 bytes).
    Removing sysctl.o(i.SysCtlVoltageEventStatus), (12 bytes).
    Removing uart.o(i.UART9BitAddrSend), (38 bytes).
    Removing uart.o(i.UART9BitAddrSet), (10 bytes).
    Removing uart.o(i.UART9BitDisable), (14 bytes).
    Removing uart.o(i.UART9BitEnable), (14 bytes).
    Removing uart.o(i.UARTBreakCtl), (18 bytes).
    Removing uart.o(i.UARTBusy), (8 bytes).
    Removing uart.o(i.UARTCharGet), (12 bytes).
    Removing uart.o(i.UARTCharGetNonBlocking), (16 bytes).
    Removing uart.o(i.UARTCharPut), (12 bytes).
    Removing uart.o(i.UARTCharPutNonBlocking), (16 bytes).
    Removing uart.o(i.UARTCharsAvail), (10 bytes).
    Removing uart.o(i.UARTClockSourceGet), (6 bytes).
    Removing uart.o(i.UARTClockSourceSet), (6 bytes).
    Removing uart.o(i.UARTConfigGetExpClk), (46 bytes).
    Removing uart.o(i.UARTDMADisable), (10 bytes).
    Removing uart.o(i.UARTDMAEnable), (8 bytes).
    Removing uart.o(i.UARTDisable), (30 bytes).
    Removing uart.o(i.UARTDisableSIR), (10 bytes).
    Removing uart.o(i.UARTEnable), (20 bytes).
    Removing uart.o(i.UARTEnableSIR), (18 bytes).
    Removing uart.o(i.UARTFIFODisable), (10 bytes).
    Removing uart.o(i.UARTFIFOEnable), (10 bytes).
    Removing uart.o(i.UARTFIFOLevelGet), (16 bytes).
    Removing uart.o(i.UARTFIFOLevelSet), (6 bytes).
    Removing uart.o(i.UARTFlowControlGet), (8 bytes).
    Removing uart.o(i.UARTFlowControlSet), (12 bytes).
    Removing uart.o(i.UARTIntClear), (4 bytes).
    Removing uart.o(i.UARTIntDisable), (10 bytes).
    Removing uart.o(i.UARTIntEnable), (8 bytes).
    Removing uart.o(i.UARTIntRegister), (88 bytes).
    Removing uart.o(i.UARTIntStatus), (10 bytes).
    Removing uart.o(i.UARTIntUnregister), (88 bytes).
    Removing uart.o(i.UARTModemControlClear), (14 bytes).
    Removing uart.o(i.UARTModemControlGet), (8 bytes).
    Removing uart.o(i.UARTModemControlSet), (12 bytes).
    Removing uart.o(i.UARTModemStatusGet), (10 bytes).
    Removing uart.o(i.UARTParityModeGet), (8 bytes).
    Removing uart.o(i.UARTParityModeSet), (12 bytes).
    Removing uart.o(i.UARTRxErrorClear), (6 bytes).
    Removing uart.o(i.UARTRxErrorGet), (8 bytes).
    Removing uart.o(i.UARTSmartCardDisable), (10 bytes).
    Removing uart.o(i.UARTSmartCardEnable), (22 bytes).
    Removing uart.o(i.UARTSpaceAvail), (10 bytes).
    Removing uart.o(i.UARTTxIntModeGet), (8 bytes).
    Removing uart.o(i.UARTTxIntModeSet), (12 bytes).
    Removing uart.o(.constdata), (128 bytes).
    Removing cpu.o(.emb_text), (38 bytes).
    Removing interrupt.o(i.IntDisable), (100 bytes).
    Removing interrupt.o(i.IntEnable), (100 bytes).
    Removing interrupt.o(i.IntIsEnabled), (96 bytes).
    Removing interrupt.o(i.IntMasterDisable), (14 bytes).
    Removing interrupt.o(i.IntMasterEnable), (14 bytes).
    Removing interrupt.o(i.IntPendClear), (68 bytes).
    Removing interrupt.o(i.IntPendSet), (84 bytes).
    Removing interrupt.o(i.IntPriorityGet), (28 bytes).
    Removing interrupt.o(i.IntPriorityGroupingGet), (36 bytes).
    Removing interrupt.o(i.IntPriorityGroupingSet), (28 bytes).
    Removing interrupt.o(i.IntPriorityMaskGet), (4 bytes).
    Removing interrupt.o(i.IntPriorityMaskSet), (4 bytes).
    Removing interrupt.o(i.IntPrioritySet), (40 bytes).
    Removing interrupt.o(i.IntRegister), (52 bytes).
    Removing interrupt.o(i.IntTrigger), (12 bytes).
    Removing interrupt.o(i.IntUnregister), (20 bytes).
    Removing interrupt.o(i._IntDefaultHandler), (2 bytes).
    Removing interrupt.o(.constdata), (268 bytes).
    Removing interrupt.o(vtable), (620 bytes).

217 unused section(s) (total 7655 bytes) removed from the image.

==============================================================================

Image Symbol Table

    Local Symbols

    Symbol Name                              Value     Ov Type        Size  Object(Section)

    ../clib/angel/boardlib.s                 0x00000000   Number         0  boardinit1.o ABSOLUTE
    ../clib/angel/boardlib.s                 0x00000000   Number         0  boardinit2.o ABSOLUTE
    ../clib/angel/boardlib.s                 0x00000000   Number         0  boardinit3.o ABSOLUTE
    ../clib/angel/boardlib.s                 0x00000000   Number         0  boardshut.o ABSOLUTE
    ../clib/angel/handlers.s                 0x00000000   Number         0  __scatter_zi.o ABSOLUTE
    ../clib/angel/kernel.s                   0x00000000   Number         0  __rtentry.o ABSOLUTE
    ../clib/angel/kernel.s                   0x00000000   Number         0  __rtentry2.o ABSOLUTE
    ../clib/angel/kernel.s                   0x00000000   Number         0  __rtentry4.o ABSOLUTE
    ../clib/angel/kernel.s                   0x00000000   Number         0  rtexit.o ABSOLUTE
    ../clib/angel/kernel.s                   0x00000000   Number         0  rtexit2.o ABSOLUTE
    ../clib/angel/rt.s                       0x00000000   Number         0  rt_raise.o ABSOLUTE
    ../clib/angel/scatter.s                  0x00000000   Number         0  __scatter.o ABSOLUTE
    ../clib/angel/startup.s                  0x00000000   Number         0  __main.o ABSOLUTE
    ../clib/angel/sys.s                      0x00000000   Number         0  sys_stackheap_outer.o ABSOLUTE
    ../clib/angel/sys.s                      0x00000000   Number         0  libspace.o ABSOLUTE
    ../clib/angel/sys.s                      0x00000000   Number         0  use_no_semi.o ABSOLUTE
    ../clib/angel/sys.s                      0x00000000   Number         0  indicate_semi.o ABSOLUTE
    ../clib/angel/sysapp.c                   0x00000000   Number         0  sys_exit.o ABSOLUTE
    ../clib/angel/sysapp.c                   0x00000000   Number         0  sys_exit_hlt.o ABSOLUTE
    ../clib/angel/sysapp.c                   0x00000000   Number         0  sys_command.o ABSOLUTE
    ../clib/angel/sysapp.c                   0x00000000   Number         0  sys_command_hlt.o ABSOLUTE
    ../clib/angel/sysapp.c                   0x00000000   Number         0  sys_wrch.o ABSOLUTE
    ../clib/angel/sysapp.c                   0x00000000   Number         0  sys_wrch_hlt.o ABSOLUTE
    ../clib/armsys.c                         0x00000000   Number         0  argv_veneer.o ABSOLUTE
    ../clib/armsys.c                         0x00000000   Number         0  argv_veneer.o ABSOLUTE
    ../clib/armsys.c                         0x00000000   Number         0  _get_argv_nomalloc.o ABSOLUTE
    ../clib/armsys.c                         0x00000000   Number         0  no_argv.o ABSOLUTE
    ../clib/heapalloc.c                      0x00000000   Number         0  hrguard.o ABSOLUTE
    ../clib/heapaux.c                        0x00000000   Number         0  heapauxi.o ABSOLUTE
    ../clib/libinit.s                        0x00000000   Number         0  libinit.o ABSOLUTE
    ../clib/libinit.s                        0x00000000   Number         0  libinit2.o ABSOLUTE
    ../clib/libinit.s                        0x00000000   Number         0  libshutdown.o ABSOLUTE
    ../clib/libinit.s                        0x00000000   Number         0  libshutdown2.o ABSOLUTE
    ../clib/printf.c                         0x00000000   Number         0  __2sprintf.o ABSOLUTE
    ../clib/printf.c                         0x00000000   Number         0  noretval__2sprintf.o ABSOLUTE
    ../clib/printf.c                         0x00000000   Number         0  __printf.o ABSOLUTE
    ../clib/printf.c                         0x00000000   Number         0  _printf_dec.o ABSOLUTE
    ../clib/printf.c                         0x00000000   Number         0  __printf_flags.o ABSOLUTE
    ../clib/printf.c                         0x00000000   Number         0  __printf_ss.o ABSOLUTE
    ../clib/printf.c                         0x00000000   Number         0  __printf_flags_ss.o ABSOLUTE
    ../clib/printf.c                         0x00000000   Number         0  __printf_wp.o ABSOLUTE
    ../clib/printf.c                         0x00000000   Number         0  __printf_flags_wp.o ABSOLUTE
    ../clib/printf.c                         0x00000000   Number         0  __printf_ss_wp.o ABSOLUTE
    ../clib/printf.c                         0x00000000   Number         0  __printf_flags_ss_wp.o ABSOLUTE
    ../clib/printf.c                         0x00000000   Number         0  _printf_intcommon.o ABSOLUTE
    ../clib/printf.c                         0x00000000   Number         0  _printf_char_common.o ABSOLUTE
    ../clib/printf.c                         0x00000000   Number         0  _sputc.o ABSOLUTE
    ../clib/printf.c                         0x00000000   Number         0  __printf_nopercent.o ABSOLUTE
    ../clib/printf_percent.s                 0x00000000   Number         0  _printf_d.o ABSOLUTE
    ../clib/printf_percent.s                 0x00000000   Number         0  _printf_percent.o ABSOLUTE
    ../clib/printf_percent.s                 0x00000000   Number         0  _printf_percent_end.o ABSOLUTE
    ../clib/signal.c                         0x00000000   Number         0  defsig_rtmem_outer.o ABSOLUTE
    ../clib/signal.c                         0x00000000   Number         0  defsig_rtmem_formal.o ABSOLUTE
    ../clib/signal.c                         0x00000000   Number         0  defsig_exit.o ABSOLUTE
    ../clib/signal.c                         0x00000000   Number         0  defsig_rtmem_inner.o ABSOLUTE
    ../clib/signal.c                         0x00000000   Number         0  __raise.o ABSOLUTE
    ../clib/signal.c                         0x00000000   Number         0  defsig_general.o ABSOLUTE
    ../clib/signal.c                         0x00000000   Number         0  defsig_abrt_inner.o ABSOLUTE
    ../clib/signal.c                         0x00000000   Number         0  defsig_fpe_inner.o ABSOLUTE
    ../clib/signal.c                         0x00000000   Number         0  defsig_rtred_inner.o ABSOLUTE
    ../clib/signal.c                         0x00000000   Number         0  defsig_stak_inner.o ABSOLUTE
    ../clib/signal.c                         0x00000000   Number         0  defsig_pvfn_inner.o ABSOLUTE
    ../clib/signal.c                         0x00000000   Number         0  defsig_cppl_inner.o ABSOLUTE
    ../clib/signal.c                         0x00000000   Number         0  defsig_segv_inner.o ABSOLUTE
    ../clib/signal.c                         0x00000000   Number         0  defsig_other.o ABSOLUTE
    ../clib/signal.s                         0x00000000   Number         0  defsig.o ABSOLUTE
    ../clib/stdlib.c                         0x00000000   Number         0  exit.o ABSOLUTE
    ../fplib/fpinit.s                        0x00000000   Number         0  fpinit.o ABSOLUTE
    RTE/Device/TM4C123GH6PM/startup_TM4C123.s 0x00000000   Number         0  startup_tm4c123.o ABSOLUTE
    adc.c                                    0x00000000   Number         0  adc.o ABSOLUTE
    cpu.c                                    0x00000000   Number         0  cpu.o ABSOLUTE
    cpu.c                                    0x00000000   Number         0  cpu.o ABSOLUTE
    dc.s                                     0x00000000   Number         0  dc.o ABSOLUTE
    gpio.c                                   0x00000000   Number         0  gpio.o ABSOLUTE
    interrupt.c                              0x00000000   Number         0  interrupt.o ABSOLUTE
    project.c                                0x00000000   Number         0  project.o ABSOLUTE
    sysctl.c                                 0x00000000   Number         0  sysctl.o ABSOLUTE
    sysctl.c                                 0x00000000   Number         0  sysctl.o ABSOLUTE
    system_TM4C123.c                         0x00000000   Number         0  system_tm4c123.o ABSOLUTE
    uart.c                                   0x00000000   Number         0  uart.o ABSOLUTE
    RESET                                    0x00000000   Section      620  startup_tm4c123.o(RESET)
    !!!main                                  0x0000026c   Section        8  __main.o(!!!main)
    !!!scatter                               0x00000274   Section       52  __scatter.o(!!!scatter)
    !!handler_zi                             0x000002a8   Section       28  __scatter_zi.o(!!handler_zi)
    .ARM.Collect$$_printf_percent$$00000000  0x000002c4   Section        0  _printf_percent.o(.ARM.Collect$$_printf_percent$$00000000)
    .ARM.Collect$$_printf_percent$$00000009  0x000002c4   Section        6  _printf_d.o(.ARM.Collect$$_printf_percent$$00000009)
    .ARM.Collect$$_printf_percent$$00000017  0x000002ca   Section        4  _printf_percent_end.o(.ARM.Collect$$_printf_percent$$00000017)
    .ARM.Collect$$libinit$$00000000          0x000002ce   Section        2  libinit.o(.ARM.Collect$$libinit$$00000000)
    .ARM.Collect$$libinit$$00000001          0x000002d0   Section        4  libinit2.o(.ARM.Collect$$libinit$$00000001)
    .ARM.Collect$$libinit$$00000004          0x000002d4   Section        0  libinit2.o(.ARM.Collect$$libinit$$00000004)
    .ARM.Collect$$libinit$$0000000A          0x000002d4   Section        0  libinit2.o(.ARM.Collect$$libinit$$0000000A)
    .ARM.Collect$$libinit$$0000000C          0x000002d4   Section        0  libinit2.o(.ARM.Collect$$libinit$$0000000C)
    .ARM.Collect$$libinit$$0000000E          0x000002d4   Section        0  libinit2.o(.ARM.Collect$$libinit$$0000000E)
    .ARM.Collect$$libinit$$00000011          0x000002d4   Section        0  libinit2.o(.ARM.Collect$$libinit$$00000011)
    .ARM.Collect$$libinit$$00000013          0x000002d4   Section        0  libinit2.o(.ARM.Collect$$libinit$$00000013)
    .ARM.Collect$$libinit$$00000015          0x000002d4   Section        0  libinit2.o(.ARM.Collect$$libinit$$00000015)
    .ARM.Collect$$libinit$$00000017          0x000002d4   Section        0  libinit2.o(.ARM.Collect$$libinit$$00000017)
    .ARM.Collect$$libinit$$00000019          0x000002d4   Section        0  libinit2.o(.ARM.Collect$$libinit$$00000019)
    .ARM.Collect$$libinit$$0000001B          0x000002d4   Section        0  libinit2.o(.ARM.Collect$$libinit$$0000001B)
    .ARM.Collect$$libinit$$0000001D          0x000002d4   Section        0  libinit2.o(.ARM.Collect$$libinit$$0000001D)
    .ARM.Collect$$libinit$$0000001F          0x000002d4   Section        0  libinit2.o(.ARM.Collect$$libinit$$0000001F)
    .ARM.Collect$$libinit$$00000021          0x000002d4   Section        0  libinit2.o(.ARM.Collect$$libinit$$00000021)
    .ARM.Collect$$libinit$$00000023          0x000002d4   Section        0  libinit2.o(.ARM.Collect$$libinit$$00000023)
    .ARM.Collect$$libinit$$00000025          0x000002d4   Section        0  libinit2.o(.ARM.Collect$$libinit$$00000025)
    .ARM.Collect$$libinit$$0000002C          0x000002d4   Section        0  libinit2.o(.ARM.Collect$$libinit$$0000002C)
    .ARM.Collect$$libinit$$0000002E          0x000002d4   Section        0  libinit2.o(.ARM.Collect$$libinit$$0000002E)
    .ARM.Collect$$libinit$$00000030          0x000002d4   Section        0  libinit2.o(.ARM.Collect$$libinit$$00000030)
    .ARM.Collect$$libinit$$00000032          0x000002d4   Section        0  libinit2.o(.ARM.Collect$$libinit$$00000032)
    .ARM.Collect$$libinit$$00000033          0x000002d4   Section        2  libinit2.o(.ARM.Collect$$libinit$$00000033)
    .ARM.Collect$$libshutdown$$00000000      0x000002d6   Section        2  libshutdown.o(.ARM.Collect$$libshutdown$$00000000)
    .ARM.Collect$$libshutdown$$00000002      0x000002d8   Section        0  libshutdown2.o(.ARM.Collect$$libshutdown$$00000002)
    .ARM.Collect$$libshutdown$$00000004      0x000002d8   Section        0  libshutdown2.o(.ARM.Collect$$libshutdown$$00000004)
    .ARM.Collect$$libshutdown$$00000007      0x000002d8   Section        0  libshutdown2.o(.ARM.Collect$$libshutdown$$00000007)
    .ARM.Collect$$libshutdown$$0000000A      0x000002d8   Section        0  libshutdown2.o(.ARM.Collect$$libshutdown$$0000000A)
    .ARM.Collect$$libshutdown$$0000000C      0x000002d8   Section        0  libshutdown2.o(.ARM.Collect$$libshutdown$$0000000C)
    .ARM.Collect$$libshutdown$$0000000F      0x000002d8   Section        0  libshutdown2.o(.ARM.Collect$$libshutdown$$0000000F)
    .ARM.Collect$$libshutdown$$00000010      0x000002d8   Section        2  libshutdown2.o(.ARM.Collect$$libshutdown$$00000010)
    .ARM.Collect$$rtentry$$00000000          0x000002da   Section        0  __rtentry.o(.ARM.Collect$$rtentry$$00000000)
    .ARM.Collect$$rtentry$$00000002          0x000002da   Section        0  __rtentry2.o(.ARM.Collect$$rtentry$$00000002)
    .ARM.Collect$$rtentry$$00000004          0x000002da   Section        6  __rtentry4.o(.ARM.Collect$$rtentry$$00000004)
    .ARM.Collect$$rtentry$$00000009          0x000002e0   Section        0  __rtentry2.o(.ARM.Collect$$rtentry$$00000009)
    .ARM.Collect$$rtentry$$0000000A          0x000002e0   Section        4  __rtentry2.o(.ARM.Collect$$rtentry$$0000000A)
    .ARM.Collect$$rtentry$$0000000C          0x000002e4   Section        0  __rtentry2.o(.ARM.Collect$$rtentry$$0000000C)
    .ARM.Collect$$rtentry$$0000000D          0x000002e4   Section        8  __rtentry2.o(.ARM.Collect$$rtentry$$0000000D)
    .ARM.Collect$$rtexit$$00000000           0x000002ec   Section        2  rtexit.o(.ARM.Collect$$rtexit$$00000000)
    .ARM.Collect$$rtexit$$00000002           0x000002ee   Section        0  rtexit2.o(.ARM.Collect$$rtexit$$00000002)
    .ARM.Collect$$rtexit$$00000003           0x000002ee   Section        4  rtexit2.o(.ARM.Collect$$rtexit$$00000003)
    .ARM.Collect$$rtexit$$00000004           0x000002f2   Section        6  rtexit2.o(.ARM.Collect$$rtexit$$00000004)
    $v0                                      0x000002f8   Number         0  sysctl.o(.emb_text)
    .emb_text                                0x000002f8   Section        6  sysctl.o(.emb_text)
    $v0                                      0x00000300   Number         0  startup_tm4c123.o(.text)
    .text                                    0x00000300   Section      276  startup_tm4c123.o(.text)
    .text                                    0x00000414   Section        0  noretval__2sprintf.o(.text)
    .text                                    0x0000043c   Section        0  __printf.o(.text)
    .text                                    0x000004a4   Section        0  _printf_dec.o(.text)
    .text                                    0x0000051c   Section        0  heapauxi.o(.text)
    .text                                    0x00000522   Section        0  _printf_intcommon.o(.text)
    _printf_input_char                       0x000005d5   Thumb Code    10  _printf_char_common.o(.text)
    .text                                    0x000005d4   Section        0  _printf_char_common.o(.text)
    .text                                    0x00000604   Section        0  _sputc.o(.text)
    .text                                    0x0000060e   Section       74  sys_stackheap_outer.o(.text)
    .text                                    0x00000658   Section        0  exit.o(.text)
    .text                                    0x0000066c   Section        8  libspace.o(.text)
    .text                                    0x00000674   Section        0  sys_exit.o(.text)
    .text                                    0x00000680   Section        2  use_no_semi.o(.text)
    .text                                    0x00000682   Section        0  indicate_semi.o(.text)
    [Anonymous Symbol]                       0x00000684   Section        0  project.o(.text.ADCRead)
    [Anonymous Symbol]                       0x000006c4   Section        0  project.o(.text.InitADC)
    [Anonymous Symbol]                       0x00000710   Section        0  project.o(.text.PortF_Init)
    [Anonymous Symbol]                       0x00000774   Section        0  system_tm4c123.o(.text.SystemInit)
    [Anonymous Symbol]                       0x000007e4   Section        0  project.o(.text.UART3_Init)
    [Anonymous Symbol]                       0x00000858   Section        0  project.o(.text.UART3_OutChar)
    [Anonymous Symbol]                       0x0000086c   Section        0  project.o(.text.UART3_OutString)
    [Anonymous Symbol]                       0x00000888   Section        0  project.o(.text.main)
    i.ADCIntClear                            0x00000900   Section        0  adc.o(i.ADCIntClear)
    i.ADCIntStatus                           0x0000090a   Section        0  adc.o(i.ADCIntStatus)
    i.ADCProcessorTrigger                    0x0000093e   Section        0  adc.o(i.ADCProcessorTrigger)
    i.ADCSequenceDataGet                     0x00000958   Section        0  adc.o(i.ADCSequenceDataGet)
    i.ADCSequenceEnable                      0x0000097c   Section        0  adc.o(i.ADCSequenceEnable)
    i.ADCSequenceStepConfigure               0x0000098a   Section        0  adc.o(i.ADCSequenceStepConfigure)
    i.GPIODirModeSet                         0x00000a24   Section        0  gpio.o(i.GPIODirModeSet)
    i.GPIOPadConfigSet                       0x00000a4c   Section        0  gpio.o(i.GPIOPadConfigSet)
    i.GPIOPinConfigure                       0x00000b88   Section        0  gpio.o(i.GPIOPinConfigure)
    i.GPIOPinTypeUART                        0x00000bd0   Section        0  gpio.o(i.GPIOPinTypeUART)
    i.SysCtlClockGet                         0x00000bec   Section        0  sysctl.o(i.SysCtlClockGet)
    i.SysCtlPeripheralEnable                 0x00000d50   Section        0  sysctl.o(i.SysCtlPeripheralEnable)
    i.SysCtlPeripheralReady                  0x00000d78   Section        0  sysctl.o(i.SysCtlPeripheralReady)
    i.UARTConfigSetExpClk                    0x00000da4   Section        0  uart.o(i.UARTConfigSetExpClk)
    $v0                                      0x00000e12   Number         0  fpinit.o(x$fpl$fpinit)
    x$fpl$fpinit                             0x00000e12   Section       26  fpinit.o(x$fpl$fpinit)
    g_ppui32GPIOIntMapBlizzard               0x00000e2c   Data         192  gpio.o(.constdata)
    .constdata                               0x00000e2c   Section      528  gpio.o(.constdata)
    g_ppui32GPIOIntMapSnowflake              0x00000eec   Data         192  gpio.o(.constdata)
    g_pui32GPIOBaseAddrs                     0x00000fac   Data         144  gpio.o(.constdata)
    g_pui32VCOFrequencies                    0x0000103c   Data           8  sysctl.o(.constdata)
    .constdata                               0x0000103c   Section      452  sysctl.o(.constdata)
    g_pui32Xtals                             0x00001044   Data         108  sysctl.o(.constdata)
    g_pppui32XTALtoVCO                       0x000010b0   Data         288  sysctl.o(.constdata)
    g_sXTALtoMEMTIM                          0x000011d0   Data          48  sysctl.o(.constdata)
    .bss                                     0x20000000   Section       96  libspace.o(.bss)
    Heap_Mem                                 0x200000c8   Data           0  startup_tm4c123.o(HEAP)
    Stack_Mem                                0x200000c8   Data         512  startup_tm4c123.o(STACK)
    HEAP                                     0x200000c8   Section        0  startup_tm4c123.o(HEAP)
    STACK                                    0x200000c8   Section      512  startup_tm4c123.o(STACK)
    __initial_sp                             0x200002c8   Data           0  startup_tm4c123.o(STACK)

    Global Symbols

    Symbol Name                              Value     Ov Type        Size  Object(Section)

    BuildAttributes$$THM_ISAv4$E$P$D$K$B$S$7EM$VFPi3$EXTD16$VFPS$VFMA$PE$A:L22UL41UL21$X:L11$S22US41US21$IEEE1$IW$~IW$USESV6$~STKCKD$USESV7$~SHL$OTIME$ROPI$EBA8$UX$STANDARDLIB$REQ8$PRES8$EABIv2 0x00000000   Number         0  anon$$obj.o ABSOLUTE
    __Vectors                                0x00000000   Data           4  startup_tm4c123.o(RESET)
    __ARM_exceptions_init                     - Undefined Weak Reference
    __alloca_initialize                       - Undefined Weak Reference
    __arm_preinit_                            - Undefined Weak Reference
    __cpp_initialize__aeabi_                  - Undefined Weak Reference
    __cxa_finalize                            - Undefined Weak Reference
    __rt_locale                               - Undefined Weak Reference
    __sigvec_lookup                           - Undefined Weak Reference
    _atexit_init                              - Undefined Weak Reference
    _call_atexit_fns                          - Undefined Weak Reference
    _clock_init                               - Undefined Weak Reference
    _fp_trap_init                             - Undefined Weak Reference
    _fp_trap_shutdown                         - Undefined Weak Reference
    _get_lc_collate                           - Undefined Weak Reference
    _get_lc_ctype                             - Undefined Weak Reference
    _get_lc_monetary                          - Undefined Weak Reference
    _get_lc_numeric                           - Undefined Weak Reference
    _get_lc_time                              - Undefined Weak Reference
    _getenv_init                              - Undefined Weak Reference
    _handle_redirection                       - Undefined Weak Reference
    _init_alloc                               - Undefined Weak Reference
    _init_user_alloc                          - Undefined Weak Reference
    _initio                                   - Undefined Weak Reference
    _printf_post_padding                      - Undefined Weak Reference
    _printf_pre_padding                       - Undefined Weak Reference
    _printf_truncate_signed                   - Undefined Weak Reference
    _printf_truncate_unsigned                 - Undefined Weak Reference
    _rand_init                                - Undefined Weak Reference
    _signal_finish                            - Undefined Weak Reference
    _signal_init                              - Undefined Weak Reference
    _terminate_alloc                          - Undefined Weak Reference
    _terminate_user_alloc                     - Undefined Weak Reference
    _terminateio                              - Undefined Weak Reference
    __Vectors_End                            0x0000026c   Data           0  startup_tm4c123.o(RESET)
    __Vectors_Size                           0x0000026c   Number         0  startup_tm4c123.o ABSOLUTE
    __main                                   0x0000026d   Thumb Code     8  __main.o(!!!main)
    __scatterload                            0x00000275   Thumb Code     0  __scatter.o(!!!scatter)
    __scatterload_rt2                        0x00000275   Thumb Code    44  __scatter.o(!!!scatter)
    __scatterload_rt2_thumb_only             0x00000275   Thumb Code     0  __scatter.o(!!!scatter)
    __scatterload_null                       0x00000283   Thumb Code     0  __scatter.o(!!!scatter)
    __scatterload_zeroinit                   0x000002a9   Thumb Code    28  __scatter_zi.o(!!handler_zi)
    _printf_d                                0x000002c5   Thumb Code     0  _printf_d.o(.ARM.Collect$$_printf_percent$$00000009)
    _printf_percent                          0x000002c5   Thumb Code     0  _printf_percent.o(.ARM.Collect$$_printf_percent$$00000000)
    _printf_percent_end                      0x000002cb   Thumb Code     0  _printf_percent_end.o(.ARM.Collect$$_printf_percent$$00000017)
    __rt_lib_init                            0x000002cf   Thumb Code     0  libinit.o(.ARM.Collect$$libinit$$00000000)
    __rt_lib_init_fp_1                       0x000002d1   Thumb Code     0  libinit2.o(.ARM.Collect$$libinit$$00000001)
    __rt_lib_init_alloca_1                   0x000002d5   Thumb Code     0  libinit2.o(.ARM.Collect$$libinit$$0000002E)
    __rt_lib_init_argv_1                     0x000002d5   Thumb Code     0  libinit2.o(.ARM.Collect$$libinit$$0000002C)
    __rt_lib_init_atexit_1                   0x000002d5   Thumb Code     0  libinit2.o(.ARM.Collect$$libinit$$0000001B)
    __rt_lib_init_clock_1                    0x000002d5   Thumb Code     0  libinit2.o(.ARM.Collect$$libinit$$00000021)
    __rt_lib_init_cpp_1                      0x000002d5   Thumb Code     0  libinit2.o(.ARM.Collect$$libinit$$00000032)
    __rt_lib_init_exceptions_1               0x000002d5   Thumb Code     0  libinit2.o(.ARM.Collect$$libinit$$00000030)
    __rt_lib_init_fp_trap_1                  0x000002d5   Thumb Code     0  libinit2.o(.ARM.Collect$$libinit$$0000001F)
    __rt_lib_init_getenv_1                   0x000002d5   Thumb Code     0  libinit2.o(.ARM.Collect$$libinit$$00000023)
    __rt_lib_init_heap_1                     0x000002d5   Thumb Code     0  libinit2.o(.ARM.Collect$$libinit$$0000000A)
    __rt_lib_init_lc_collate_1               0x000002d5   Thumb Code     0  libinit2.o(.ARM.Collect$$libinit$$00000011)
    __rt_lib_init_lc_ctype_1                 0x000002d5   Thumb Code     0  libinit2.o(.ARM.Collect$$libinit$$00000013)
    __rt_lib_init_lc_monetary_1              0x000002d5   Thumb Code     0  libinit2.o(.ARM.Collect$$libinit$$00000015)
    __rt_lib_init_lc_numeric_1               0x000002d5   Thumb Code     0  libinit2.o(.ARM.Collect$$libinit$$00000017)
    __rt_lib_init_lc_time_1                  0x000002d5   Thumb Code     0  libinit2.o(.ARM.Collect$$libinit$$00000019)
    __rt_lib_init_preinit_1                  0x000002d5   Thumb Code     0  libinit2.o(.ARM.Collect$$libinit$$00000004)
    __rt_lib_init_rand_1                     0x000002d5   Thumb Code     0  libinit2.o(.ARM.Collect$$libinit$$0000000E)
    __rt_lib_init_return                     0x000002d5   Thumb Code     0  libinit2.o(.ARM.Collect$$libinit$$00000033)
    __rt_lib_init_signal_1                   0x000002d5   Thumb Code     0  libinit2.o(.ARM.Collect$$libinit$$0000001D)
    __rt_lib_init_stdio_1                    0x000002d5   Thumb Code     0  libinit2.o(.ARM.Collect$$libinit$$00000025)
    __rt_lib_init_user_alloc_1               0x000002d5   Thumb Code     0  libinit2.o(.ARM.Collect$$libinit$$0000000C)
    __rt_lib_shutdown                        0x000002d7   Thumb Code     0  libshutdown.o(.ARM.Collect$$libshutdown$$00000000)
    __rt_lib_shutdown_cpp_1                  0x000002d9   Thumb Code     0  libshutdown2.o(.ARM.Collect$$libshutdown$$00000002)
    __rt_lib_shutdown_fp_trap_1              0x000002d9   Thumb Code     0  libshutdown2.o(.ARM.Collect$$libshutdown$$00000007)
    __rt_lib_shutdown_heap_1                 0x000002d9   Thumb Code     0  libshutdown2.o(.ARM.Collect$$libshutdown$$0000000F)
    __rt_lib_shutdown_return                 0x000002d9   Thumb Code     0  libshutdown2.o(.ARM.Collect$$libshutdown$$00000010)
    __rt_lib_shutdown_signal_1               0x000002d9   Thumb Code     0  libshutdown2.o(.ARM.Collect$$libshutdown$$0000000A)
    __rt_lib_shutdown_stdio_1                0x000002d9   Thumb Code     0  libshutdown2.o(.ARM.Collect$$libshutdown$$00000004)
    __rt_lib_shutdown_user_alloc_1           0x000002d9   Thumb Code     0  libshutdown2.o(.ARM.Collect$$libshutdown$$0000000C)
    __rt_entry                               0x000002db   Thumb Code     0  __rtentry.o(.ARM.Collect$$rtentry$$00000000)
    __rt_entry_presh_1                       0x000002db   Thumb Code     0  __rtentry2.o(.ARM.Collect$$rtentry$$00000002)
    __rt_entry_sh                            0x000002db   Thumb Code     0  __rtentry4.o(.ARM.Collect$$rtentry$$00000004)
    __rt_entry_li                            0x000002e1   Thumb Code     0  __rtentry2.o(.ARM.Collect$$rtentry$$0000000A)
    __rt_entry_postsh_1                      0x000002e1   Thumb Code     0  __rtentry2.o(.ARM.Collect$$rtentry$$00000009)
    __rt_entry_main                          0x000002e5   Thumb Code     0  __rtentry2.o(.ARM.Collect$$rtentry$$0000000D)
    __rt_entry_postli_1                      0x000002e5   Thumb Code     0  __rtentry2.o(.ARM.Collect$$rtentry$$0000000C)
    __rt_exit                                0x000002ed   Thumb Code     0  rtexit.o(.ARM.Collect$$rtexit$$00000000)
    __rt_exit_ls                             0x000002ef   Thumb Code     0  rtexit2.o(.ARM.Collect$$rtexit$$00000003)
    __rt_exit_prels_1                        0x000002ef   Thumb Code     0  rtexit2.o(.ARM.Collect$$rtexit$$00000002)
    __rt_exit_exit                           0x000002f3   Thumb Code     0  rtexit2.o(.ARM.Collect$$rtexit$$00000004)
    SysCtlDelay                              0x000002f9   Thumb Code     6  sysctl.o(.emb_text)
    Reset_Handler                            0x00000301   Thumb Code     8  startup_tm4c123.o(.text)
    NMI_Handler                              0x00000309   Thumb Code     2  startup_tm4c123.o(.text)
    HardFault_Handler                        0x0000030b   Thumb Code     2  startup_tm4c123.o(.text)
    MemManage_Handler                        0x0000030d   Thumb Code     2  startup_tm4c123.o(.text)
    BusFault_Handler                         0x0000030f   Thumb Code     2  startup_tm4c123.o(.text)
    UsageFault_Handler                       0x00000311   Thumb Code     2  startup_tm4c123.o(.text)
    SVC_Handler                              0x00000313   Thumb Code     2  startup_tm4c123.o(.text)
    DebugMon_Handler                         0x00000315   Thumb Code     2  startup_tm4c123.o(.text)
    PendSV_Handler                           0x00000317   Thumb Code     2  startup_tm4c123.o(.text)
    SysTick_Handler                          0x00000319   Thumb Code     2  startup_tm4c123.o(.text)
    GPIOA_Handler                            0x0000031b   Thumb Code     2  startup_tm4c123.o(.text)
    GPIOB_Handler                            0x0000031d   Thumb Code     2  startup_tm4c123.o(.text)
    GPIOC_Handler                            0x0000031f   Thumb Code     2  startup_tm4c123.o(.text)
    GPIOD_Handler                            0x00000321   Thumb Code     2  startup_tm4c123.o(.text)
    GPIOE_Handler                            0x00000323   Thumb Code     2  startup_tm4c123.o(.text)
    UART0_Handler                            0x00000325   Thumb Code     2  startup_tm4c123.o(.text)
    UART1_Handler                            0x00000327   Thumb Code     2  startup_tm4c123.o(.text)
    SSI0_Handler                             0x00000329   Thumb Code     2  startup_tm4c123.o(.text)
    I2C0_Handler                             0x0000032b   Thumb Code     2  startup_tm4c123.o(.text)
    PMW0_FAULT_Handler                       0x0000032d   Thumb Code     2  startup_tm4c123.o(.text)
    PWM0_0_Handler                           0x0000032f   Thumb Code     2  startup_tm4c123.o(.text)
    PWM0_1_Handler                           0x00000331   Thumb Code     2  startup_tm4c123.o(.text)
    PWM0_2_Handler                           0x00000333   Thumb Code     2  startup_tm4c123.o(.text)
    QEI0_Handler                             0x00000335   Thumb Code     2  startup_tm4c123.o(.text)
    ADC0SS0_Handler                          0x00000337   Thumb Code     2  startup_tm4c123.o(.text)
    ADC0SS1_Handler                          0x00000339   Thumb Code     2  startup_tm4c123.o(.text)
    ADC0SS2_Handler                          0x0000033b   Thumb Code     2  startup_tm4c123.o(.text)
    ADC0SS3_Handler                          0x0000033d   Thumb Code     2  startup_tm4c123.o(.text)
    WDT0_Handler                             0x0000033f   Thumb Code     2  startup_tm4c123.o(.text)
    TIMER0A_Handler                          0x00000341   Thumb Code     2  startup_tm4c123.o(.text)
    TIMER0B_Handler                          0x00000343   Thumb Code     2  startup_tm4c123.o(.text)
    TIMER1A_Handler                          0x00000345   Thumb Code     2  startup_tm4c123.o(.text)
    TIMER1B_Handler                          0x00000347   Thumb Code     2  startup_tm4c123.o(.text)
    TIMER2A_Handler                          0x00000349   Thumb Code     2  startup_tm4c123.o(.text)
    TIMER2B_Handler                          0x0000034b   Thumb Code     2  startup_tm4c123.o(.text)
    COMP0_Handler                            0x0000034d   Thumb Code     2  startup_tm4c123.o(.text)
    COMP1_Handler                            0x0000034f   Thumb Code     2  startup_tm4c123.o(.text)
    COMP2_Handler                            0x00000351   Thumb Code     2  startup_tm4c123.o(.text)
    SYSCTL_Handler                           0x00000353   Thumb Code     2  startup_tm4c123.o(.text)
    FLASH_Handler                            0x00000355   Thumb Code     2  startup_tm4c123.o(.text)
    GPIOF_Handler                            0x00000357   Thumb Code     2  startup_tm4c123.o(.text)
    GPIOG_Handler                            0x00000359   Thumb Code     2  startup_tm4c123.o(.text)
    GPIOH_Handler                            0x0000035b   Thumb Code     2  startup_tm4c123.o(.text)
    UART2_Handler                            0x0000035d   Thumb Code     2  startup_tm4c123.o(.text)
    SSI1_Handler                             0x0000035f   Thumb Code     2  startup_tm4c123.o(.text)
    TIMER3A_Handler                          0x00000361   Thumb Code     2  startup_tm4c123.o(.text)
    TIMER3B_Handler                          0x00000363   Thumb Code     2  startup_tm4c123.o(.text)
    I2C1_Handler                             0x00000365   Thumb Code     2  startup_tm4c123.o(.text)
    QEI1_Handler                             0x00000367   Thumb Code     2  startup_tm4c123.o(.text)
    CAN0_Handler                             0x00000369   Thumb Code     2  startup_tm4c123.o(.text)
    CAN1_Handler                             0x0000036b   Thumb Code     2  startup_tm4c123.o(.text)
    CAN2_Handler                             0x0000036d   Thumb Code     2  startup_tm4c123.o(.text)
    HIB_Handler                              0x0000036f   Thumb Code     2  startup_tm4c123.o(.text)
    USB0_Handler                             0x00000371   Thumb Code     2  startup_tm4c123.o(.text)
    PWM0_3_Handler                           0x00000373   Thumb Code     2  startup_tm4c123.o(.text)
    UDMA_Handler                             0x00000375   Thumb Code     2  startup_tm4c123.o(.text)
    UDMAERR_Handler                          0x00000377   Thumb Code     2  startup_tm4c123.o(.text)
    ADC1SS0_Handler                          0x00000379   Thumb Code     2  startup_tm4c123.o(.text)
    ADC1SS1_Handler                          0x0000037b   Thumb Code     2  startup_tm4c123.o(.text)
    ADC1SS2_Handler                          0x0000037d   Thumb Code     2  startup_tm4c123.o(.text)
    ADC1SS3_Handler                          0x0000037f   Thumb Code     2  startup_tm4c123.o(.text)
    GPIOJ_Handler                            0x00000381   Thumb Code     2  startup_tm4c123.o(.text)
    GPIOK_Handler                            0x00000383   Thumb Code     2  startup_tm4c123.o(.text)
    GPIOL_Handler                            0x00000385   Thumb Code     2  startup_tm4c123.o(.text)
    SSI2_Handler                             0x00000387   Thumb Code     2  startup_tm4c123.o(.text)
    SSI3_Handler                             0x00000389   Thumb Code     2  startup_tm4c123.o(.text)
    UART3_Handler                            0x0000038b   Thumb Code     2  startup_tm4c123.o(.text)
    UART4_Handler                            0x0000038d   Thumb Code     2  startup_tm4c123.o(.text)
    UART5_Handler                            0x0000038f   Thumb Code     2  startup_tm4c123.o(.text)
    UART6_Handler                            0x00000391   Thumb Code     2  startup_tm4c123.o(.text)
    UART7_Handler                            0x00000393   Thumb Code     2  startup_tm4c123.o(.text)
    I2C2_Handler                             0x00000395   Thumb Code     2  startup_tm4c123.o(.text)
    I2C3_Handler                             0x00000397   Thumb Code     2  startup_tm4c123.o(.text)
    TIMER4A_Handler                          0x00000399   Thumb Code     2  startup_tm4c123.o(.text)
    TIMER4B_Handler                          0x0000039b   Thumb Code     2  startup_tm4c123.o(.text)
    TIMER5A_Handler                          0x0000039d   Thumb Code     2  startup_tm4c123.o(.text)
    TIMER5B_Handler                          0x0000039f   Thumb Code     2  startup_tm4c123.o(.text)
    WTIMER0A_Handler                         0x000003a1   Thumb Code     2  startup_tm4c123.o(.text)
    WTIMER0B_Handler                         0x000003a3   Thumb Code     2  startup_tm4c123.o(.text)
    WTIMER1A_Handler                         0x000003a5   Thumb Code     2  startup_tm4c123.o(.text)
    WTIMER1B_Handler                         0x000003a7   Thumb Code     2  startup_tm4c123.o(.text)
    WTIMER2A_Handler                         0x000003a9   Thumb Code     2  startup_tm4c123.o(.text)
    WTIMER2B_Handler                         0x000003ab   Thumb Code     2  startup_tm4c123.o(.text)
    WTIMER3A_Handler                         0x000003ad   Thumb Code     2  startup_tm4c123.o(.text)
    WTIMER3B_Handler                         0x000003af   Thumb Code     2  startup_tm4c123.o(.text)
    WTIMER4A_Handler                         0x000003b1   Thumb Code     2  startup_tm4c123.o(.text)
    WTIMER4B_Handler                         0x000003b3   Thumb Code     2  startup_tm4c123.o(.text)
    WTIMER5A_Handler                         0x000003b5   Thumb Code     2  startup_tm4c123.o(.text)
    WTIMER5B_Handler                         0x000003b7   Thumb Code     2  startup_tm4c123.o(.text)
    FPU_Handler                              0x000003b9   Thumb Code     2  startup_tm4c123.o(.text)
    I2C4_Handler                             0x000003bb   Thumb Code     2  startup_tm4c123.o(.text)
    I2C5_Handler                             0x000003bd   Thumb Code     2  startup_tm4c123.o(.text)
    GPIOM_Handler                            0x000003bf   Thumb Code     2  startup_tm4c123.o(.text)
    GPION_Handler                            0x000003c1   Thumb Code     2  startup_tm4c123.o(.text)
    QEI2_Handler                             0x000003c3   Thumb Code     2  startup_tm4c123.o(.text)
    GPIOP0_Handler                           0x000003c5   Thumb Code     2  startup_tm4c123.o(.text)
    GPIOP1_Handler                           0x000003c7   Thumb Code     2  startup_tm4c123.o(.text)
    GPIOP2_Handler                           0x000003c9   Thumb Code     2  startup_tm4c123.o(.text)
    GPIOP3_Handler                           0x000003cb   Thumb Code     2  startup_tm4c123.o(.text)
    GPIOP4_Handler                           0x000003cd   Thumb Code     2  startup_tm4c123.o(.text)
    GPIOP5_Handler                           0x000003cf   Thumb Code     2  startup_tm4c123.o(.text)
    GPIOP6_Handler                           0x000003d1   Thumb Code     2  startup_tm4c123.o(.text)
    GPIOP7_Handler                           0x000003d3   Thumb Code     2  startup_tm4c123.o(.text)
    GPIOQ0_Handler                           0x000003d5   Thumb Code     2  startup_tm4c123.o(.text)
    GPIOQ1_Handler                           0x000003d7   Thumb Code     2  startup_tm4c123.o(.text)
    GPIOQ2_Handler                           0x000003d9   Thumb Code     2  startup_tm4c123.o(.text)
    GPIOQ3_Handler                           0x000003db   Thumb Code     2  startup_tm4c123.o(.text)
    GPIOQ4_Handler                           0x000003dd   Thumb Code     2  startup_tm4c123.o(.text)
    GPIOQ5_Handler                           0x000003df   Thumb Code     2  startup_tm4c123.o(.text)
    GPIOQ6_Handler                           0x000003e1   Thumb Code     2  startup_tm4c123.o(.text)
    GPIOQ7_Handler                           0x000003e3   Thumb Code     2  startup_tm4c123.o(.text)
    GPIOR_Handler                            0x000003e5   Thumb Code     2  startup_tm4c123.o(.text)
    GPIOS_Handler                            0x000003e7   Thumb Code     2  startup_tm4c123.o(.text)
    PMW1_0_Handler                           0x000003e9   Thumb Code     2  startup_tm4c123.o(.text)
    PWM1_1_Handler                           0x000003eb   Thumb Code     2  startup_tm4c123.o(.text)
    PWM1_2_Handler                           0x000003ed   Thumb Code     2  startup_tm4c123.o(.text)
    PWM1_3_Handler                           0x000003ef   Thumb Code     2  startup_tm4c123.o(.text)
    PWM1_FAULT_Handler                       0x000003f1   Thumb Code     2  startup_tm4c123.o(.text)
    __user_initial_stackheap                 0x000003f5   Thumb Code     0  startup_tm4c123.o(.text)
    __2sprintf                               0x00000415   Thumb Code    34  noretval__2sprintf.o(.text)
    __printf                                 0x0000043d   Thumb Code   104  __printf.o(.text)
    _printf_int_dec                          0x000004a5   Thumb Code   104  _printf_dec.o(.text)
    __use_two_region_memory                  0x0000051d   Thumb Code     2  heapauxi.o(.text)
    __rt_heap_escrow$2region                 0x0000051f   Thumb Code     2  heapauxi.o(.text)
    __rt_heap_expand$2region                 0x00000521   Thumb Code     2  heapauxi.o(.text)
    _printf_int_common                       0x00000523   Thumb Code   178  _printf_intcommon.o(.text)
    _printf_char_common                      0x000005df   Thumb Code    32  _printf_char_common.o(.text)
    _sputc                                   0x00000605   Thumb Code    10  _sputc.o(.text)
    __user_setup_stackheap                   0x0000060f   Thumb Code    74  sys_stackheap_outer.o(.text)
    exit                                     0x00000659   Thumb Code    18  exit.o(.text)
    __user_libspace                          0x0000066d   Thumb Code     8  libspace.o(.text)
    __user_perproc_libspace                  0x0000066d   Thumb Code     0  libspace.o(.text)
    __user_perthread_libspace                0x0000066d   Thumb Code     0  libspace.o(.text)
    _sys_exit                                0x00000675   Thumb Code     8  sys_exit.o(.text)
    __I$use$semihosting                      0x00000681   Thumb Code     0  use_no_semi.o(.text)
    __use_no_semihosting_swi                 0x00000681   Thumb Code     2  use_no_semi.o(.text)
    __semihosting_library_function           0x00000683   Thumb Code     0  indicate_semi.o(.text)
    ADCRead                                  0x00000685   Thumb Code    62  project.o(.text.ADCRead)
    InitADC                                  0x000006c5   Thumb Code    76  project.o(.text.InitADC)
    PortF_Init                               0x00000711   Thumb Code    98  project.o(.text.PortF_Init)
    SystemInit                               0x00000775   Thumb Code   112  system_tm4c123.o(.text.SystemInit)
    UART3_Init                               0x000007e5   Thumb Code   114  project.o(.text.UART3_Init)
    UART3_OutChar                            0x00000859   Thumb Code    18  project.o(.text.UART3_OutChar)
    UART3_OutString                          0x0000086d   Thumb Code    28  project.o(.text.UART3_OutString)
    main                                     0x00000889   Thumb Code   120  project.o(.text.main)
    ADCIntClear                              0x00000901   Thumb Code    10  adc.o(i.ADCIntClear)
    ADCIntStatus                             0x0000090b   Thumb Code    52  adc.o(i.ADCIntStatus)
    ADCProcessorTrigger                      0x0000093f   Thumb Code    26  adc.o(i.ADCProcessorTrigger)
    ADCSequenceDataGet                       0x00000959   Thumb Code    36  adc.o(i.ADCSequenceDataGet)
    ADCSequenceEnable                        0x0000097d   Thumb Code    14  adc.o(i.ADCSequenceEnable)
    ADCSequenceStepConfigure                 0x0000098b   Thumb Code   154  adc.o(i.ADCSequenceStepConfigure)
    GPIODirModeSet                           0x00000a25   Thumb Code    40  gpio.o(i.GPIODirModeSet)
    GPIOPadConfigSet                         0x00000a4d   Thumb Code   314  gpio.o(i.GPIOPadConfigSet)
    GPIOPinConfigure                         0x00000b89   Thumb Code    64  gpio.o(i.GPIOPinConfigure)
    GPIOPinTypeUART                          0x00000bd1   Thumb Code    28  gpio.o(i.GPIOPinTypeUART)
    SysCtlClockGet                           0x00000bed   Thumb Code   314  sysctl.o(i.SysCtlClockGet)
    SysCtlPeripheralEnable                   0x00000d51   Thumb Code    36  sysctl.o(i.SysCtlPeripheralEnable)
    SysCtlPeripheralReady                    0x00000d79   Thumb Code    40  sysctl.o(i.SysCtlPeripheralReady)
    UARTConfigSetExpClk                      0x00000da5   Thumb Code   110  uart.o(i.UARTConfigSetExpClk)
    _fp_init                                 0x00000e13   Thumb Code    26  fpinit.o(x$fpl$fpinit)
    __fplib_config_fpu_vfp                   0x00000e2b   Thumb Code     0  fpinit.o(x$fpl$fpinit)
    __fplib_config_pureend_doubles           0x00000e2b   Thumb Code     0  fpinit.o(x$fpl$fpinit)
    Region$$Table$$Base                      0x00001200   Number         0  anon$$obj.o(Region$$Table)
    Region$$Table$$Limit                     0x00001210   Number         0  anon$$obj.o(Region$$Table)
    __libspace_start                         0x20000000   Data          96  libspace.o(.bss)
    __temporary_stack_top$libspace           0x20000060   Data           0  libspace.o(.bss)
    buffer                                   0x20000060   Data         100  project.o(.bss.buffer)



==============================================================================

Memory Map of the image

  Image Entry point : 0x00000301

  Load Region LR_1 (Base: 0x00000000, Size: 0x00001210, Max: 0xffffffff, ABSOLUTE)

    Execution Region ER_RO (Exec base: 0x00000000, Load base: 0x00000000, Size: 0x00001210, Max: 0xffffffff, ABSOLUTE)

    Exec Addr    Load Addr    Size         Type   Attr      Idx    E Section Name        Object

    0x00000000   0x00000000   0x0000026c   Data   RO           31    RESET               startup_tm4c123.o
    0x0000026c   0x0000026c   0x00000008   Code   RO         1426  * !!!main             c_w.l(__main.o)
    0x00000274   0x00000274   0x00000034   Code   RO         1598    !!!scatter          c_w.l(__scatter.o)
    0x000002a8   0x000002a8   0x0000001c   Code   RO         1600    !!handler_zi        c_w.l(__scatter_zi.o)
    0x000002c4   0x000002c4   0x00000000   Code   RO         1423    .ARM.Collect$$_printf_percent$$00000000  c_w.l(_printf_percent.o)
    0x000002c4   0x000002c4   0x00000006   Code   RO         1422    .ARM.Collect$$_printf_percent$$00000009  c_w.l(_printf_d.o)
    0x000002ca   0x000002ca   0x00000004   Code   RO         1435    .ARM.Collect$$_printf_percent$$00000017  c_w.l(_printf_percent_end.o)
    0x000002ce   0x000002ce   0x00000002   Code   RO         1462    .ARM.Collect$$libinit$$00000000  c_w.l(libinit.o)
    0x000002d0   0x000002d0   0x00000004   Code   RO         1468    .ARM.Collect$$libinit$$00000001  c_w.l(libinit2.o)
    0x000002d4   0x000002d4   0x00000000   Code   RO         1471    .ARM.Collect$$libinit$$00000004  c_w.l(libinit2.o)
    0x000002d4   0x000002d4   0x00000000   Code   RO         1474    .ARM.Collect$$libinit$$0000000A  c_w.l(libinit2.o)
    0x000002d4   0x000002d4   0x00000000   Code   RO         1476    .ARM.Collect$$libinit$$0000000C  c_w.l(libinit2.o)
    0x000002d4   0x000002d4   0x00000000   Code   RO         1478    .ARM.Collect$$libinit$$0000000E  c_w.l(libinit2.o)
    0x000002d4   0x000002d4   0x00000000   Code   RO         1481    .ARM.Collect$$libinit$$00000011  c_w.l(libinit2.o)
    0x000002d4   0x000002d4   0x00000000   Code   RO         1483    .ARM.Collect$$libinit$$00000013  c_w.l(libinit2.o)
    0x000002d4   0x000002d4   0x00000000   Code   RO         1485    .ARM.Collect$$libinit$$00000015  c_w.l(libinit2.o)
    0x000002d4   0x000002d4   0x00000000   Code   RO         1487    .ARM.Collect$$libinit$$00000017  c_w.l(libinit2.o)
    0x000002d4   0x000002d4   0x00000000   Code   RO         1489    .ARM.Collect$$libinit$$00000019  c_w.l(libinit2.o)
    0x000002d4   0x000002d4   0x00000000   Code   RO         1491    .ARM.Collect$$libinit$$0000001B  c_w.l(libinit2.o)
    0x000002d4   0x000002d4   0x00000000   Code   RO         1493    .ARM.Collect$$libinit$$0000001D  c_w.l(libinit2.o)
    0x000002d4   0x000002d4   0x00000000   Code   RO         1495    .ARM.Collect$$libinit$$0000001F  c_w.l(libinit2.o)
    0x000002d4   0x000002d4   0x00000000   Code   RO         1497    .ARM.Collect$$libinit$$00000021  c_w.l(libinit2.o)
    0x000002d4   0x000002d4   0x00000000   Code   RO         1499    .ARM.Collect$$libinit$$00000023  c_w.l(libinit2.o)
    0x000002d4   0x000002d4   0x00000000   Code   RO         1501    .ARM.Collect$$libinit$$00000025  c_w.l(libinit2.o)
    0x000002d4   0x000002d4   0x00000000   Code   RO         1505    .ARM.Collect$$libinit$$0000002C  c_w.l(libinit2.o)
    0x000002d4   0x000002d4   0x00000000   Code   RO         1507    .ARM.Collect$$libinit$$0000002E  c_w.l(libinit2.o)
    0x000002d4   0x000002d4   0x00000000   Code   RO         1509    .ARM.Collect$$libinit$$00000030  c_w.l(libinit2.o)
    0x000002d4   0x000002d4   0x00000000   Code   RO         1511    .ARM.Collect$$libinit$$00000032  c_w.l(libinit2.o)
    0x000002d4   0x000002d4   0x00000002   Code   RO         1512    .ARM.Collect$$libinit$$00000033  c_w.l(libinit2.o)
    0x000002d6   0x000002d6   0x00000002   Code   RO         1534    .ARM.Collect$$libshutdown$$00000000  c_w.l(libshutdown.o)
    0x000002d8   0x000002d8   0x00000000   Code   RO         1549    .ARM.Collect$$libshutdown$$00000002  c_w.l(libshutdown2.o)
    0x000002d8   0x000002d8   0x00000000   Code   RO         1551    .ARM.Collect$$libshutdown$$00000004  c_w.l(libshutdown2.o)
    0x000002d8   0x000002d8   0x00000000   Code   RO         1554    .ARM.Collect$$libshutdown$$00000007  c_w.l(libshutdown2.o)
    0x000002d8   0x000002d8   0x00000000   Code   RO         1557    .ARM.Collect$$libshutdown$$0000000A  c_w.l(libshutdown2.o)
    0x000002d8   0x000002d8   0x00000000   Code   RO         1559    .ARM.Collect$$libshutdown$$0000000C  c_w.l(libshutdown2.o)
    0x000002d8   0x000002d8   0x00000000   Code   RO         1562    .ARM.Collect$$libshutdown$$0000000F  c_w.l(libshutdown2.o)
    0x000002d8   0x000002d8   0x00000002   Code   RO         1563    .ARM.Collect$$libshutdown$$00000010  c_w.l(libshutdown2.o)
    0x000002da   0x000002da   0x00000000   Code   RO         1428    .ARM.Collect$$rtentry$$00000000  c_w.l(__rtentry.o)
    0x000002da   0x000002da   0x00000000   Code   RO         1437    .ARM.Collect$$rtentry$$00000002  c_w.l(__rtentry2.o)
    0x000002da   0x000002da   0x00000006   Code   RO         1449    .ARM.Collect$$rtentry$$00000004  c_w.l(__rtentry4.o)
    0x000002e0   0x000002e0   0x00000000   Code   RO         1439    .ARM.Collect$$rtentry$$00000009  c_w.l(__rtentry2.o)
    0x000002e0   0x000002e0   0x00000004   Code   RO         1440    .ARM.Collect$$rtentry$$0000000A  c_w.l(__rtentry2.o)
    0x000002e4   0x000002e4   0x00000000   Code   RO         1442    .ARM.Collect$$rtentry$$0000000C  c_w.l(__rtentry2.o)
    0x000002e4   0x000002e4   0x00000008   Code   RO         1443    .ARM.Collect$$rtentry$$0000000D  c_w.l(__rtentry2.o)
    0x000002ec   0x000002ec   0x00000002   Code   RO         1466    .ARM.Collect$$rtexit$$00000000  c_w.l(rtexit.o)
    0x000002ee   0x000002ee   0x00000000   Code   RO         1514    .ARM.Collect$$rtexit$$00000002  c_w.l(rtexit2.o)
    0x000002ee   0x000002ee   0x00000004   Code   RO         1515    .ARM.Collect$$rtexit$$00000003  c_w.l(rtexit2.o)
    0x000002f2   0x000002f2   0x00000006   Code   RO         1516    .ARM.Collect$$rtexit$$00000004  c_w.l(rtexit2.o)
    0x000002f8   0x000002f8   0x00000006   Code   RO          635    .emb_text           driverlib.lib(sysctl.o)
    0x000002fe   0x000002fe   0x00000002   PAD
    0x00000300   0x00000300   0x00000114   Code   RO           32  * .text               startup_tm4c123.o
    0x00000414   0x00000414   0x00000028   Code   RO         1396    .text               c_w.l(noretval__2sprintf.o)
    0x0000043c   0x0000043c   0x00000068   Code   RO         1398    .text               c_w.l(__printf.o)
    0x000004a4   0x000004a4   0x00000078   Code   RO         1400    .text               c_w.l(_printf_dec.o)
    0x0000051c   0x0000051c   0x00000006   Code   RO         1424    .text               c_w.l(heapauxi.o)
    0x00000522   0x00000522   0x000000b2   Code   RO         1429    .text               c_w.l(_printf_intcommon.o)
    0x000005d4   0x000005d4   0x00000030   Code   RO         1431    .text               c_w.l(_printf_char_common.o)
    0x00000604   0x00000604   0x0000000a   Code   RO         1433    .text               c_w.l(_sputc.o)
    0x0000060e   0x0000060e   0x0000004a   Code   RO         1453    .text               c_w.l(sys_stackheap_outer.o)
    0x00000658   0x00000658   0x00000012   Code   RO         1455    .text               c_w.l(exit.o)
    0x0000066a   0x0000066a   0x00000002   PAD
    0x0000066c   0x0000066c   0x00000008   Code   RO         1463    .text               c_w.l(libspace.o)
    0x00000674   0x00000674   0x0000000c   Code   RO         1524    .text               c_w.l(sys_exit.o)
    0x00000680   0x00000680   0x00000002   Code   RO         1539    .text               c_w.l(use_no_semi.o)
    0x00000682   0x00000682   0x00000000   Code   RO         1541    .text               c_w.l(indicate_semi.o)
    0x00000682   0x00000682   0x00000002   PAD
    0x00000684   0x00000684   0x0000003e   Code   RO           16    .text.ADCRead       project.o
    0x000006c2   0x000006c2   0x00000002   PAD
    0x000006c4   0x000006c4   0x0000004c   Code   RO           14    .text.InitADC       project.o
    0x00000710   0x00000710   0x00000062   Code   RO            8    .text.PortF_Init    project.o
    0x00000772   0x00000772   0x00000002   PAD
    0x00000774   0x00000774   0x00000070   Code   RO           43    .text.SystemInit    system_tm4c123.o
    0x000007e4   0x000007e4   0x00000072   Code   RO            2    .text.UART3_Init    project.o
    0x00000856   0x00000856   0x00000002   PAD
    0x00000858   0x00000858   0x00000012   Code   RO            4    .text.UART3_OutChar  project.o
    0x0000086a   0x0000086a   0x00000002   PAD
    0x0000086c   0x0000086c   0x0000001c   Code   RO            6    .text.UART3_OutString  project.o
    0x00000888   0x00000888   0x00000078   Code   RO           18    .text.main          project.o
    0x00000900   0x00000900   0x0000000a   Code   RO           65    i.ADCIntClear       driverlib.lib(adc.o)
    0x0000090a   0x0000090a   0x00000034   Code   RO           72    i.ADCIntStatus      driverlib.lib(adc.o)
    0x0000093e   0x0000093e   0x0000001a   Code   RO           77    i.ADCProcessorTrigger  driverlib.lib(adc.o)
    0x00000958   0x00000958   0x00000024   Code   RO           83    i.ADCSequenceDataGet  driverlib.lib(adc.o)
    0x0000097c   0x0000097c   0x0000000e   Code   RO           85    i.ADCSequenceEnable  driverlib.lib(adc.o)
    0x0000098a   0x0000098a   0x0000009a   Code   RO           88    i.ADCSequenceStepConfigure  driverlib.lib(adc.o)
    0x00000a24   0x00000a24   0x00000028   Code   RO          338    i.GPIODirModeSet    driverlib.lib(gpio.o)
    0x00000a4c   0x00000a4c   0x0000013a   Code   RO          348    i.GPIOPadConfigSet  driverlib.lib(gpio.o)
    0x00000b86   0x00000b86   0x00000002   PAD
    0x00000b88   0x00000b88   0x00000048   Code   RO          349    i.GPIOPinConfigure  driverlib.lib(gpio.o)
    0x00000bd0   0x00000bd0   0x0000001c   Code   RO          374    i.GPIOPinTypeUART   driverlib.lib(gpio.o)
    0x00000bec   0x00000bec   0x00000164   Code   RO          638    i.SysCtlClockGet    driverlib.lib(sysctl.o)
    0x00000d50   0x00000d50   0x00000028   Code   RO          669    i.SysCtlPeripheralEnable  driverlib.lib(sysctl.o)
    0x00000d78   0x00000d78   0x0000002c   Code   RO          673    i.SysCtlPeripheralReady  driverlib.lib(sysctl.o)
    0x00000da4   0x00000da4   0x0000006e   Code   RO          997    i.UARTConfigSetExpClk  driverlib.lib(uart.o)
    0x00000e12   0x00000e12   0x0000001a   Code   RO         1522    x$fpl$fpinit        fz_wm.l(fpinit.o)
    0x00000e2c   0x00000e2c   0x00000210   Data   RO          381    .constdata          driverlib.lib(gpio.o)
    0x0000103c   0x0000103c   0x000001c4   Data   RO          690    .constdata          driverlib.lib(sysctl.o)
    0x00001200   0x00001200   0x00000010   Data   RO         1597    Region$$Table       anon$$obj.o


    Execution Region ER_RW (Exec base: 0x20000000, Load base: 0x00001210, Size: 0x00000000, Max: 0xffffffff, ABSOLUTE)

    **** No section assigned to this execution region ****


    Execution Region ER_ZI (Exec base: 0x20000000, Load base: 0x00001210, Size: 0x000002c8, Max: 0xffffffff, ABSOLUTE)

    Exec Addr    Load Addr    Size         Type   Attr      Idx    E Section Name        Object

    0x20000000        -       0x00000060   Zero   RW         1464    .bss                c_w.l(libspace.o)
    0x20000060        -       0x00000064   Zero   RW           20    .bss.buffer         project.o
    0x200000c4   0x00001210   0x00000004   PAD
    0x200000c8        -       0x00000000   Zero   RW           30    HEAP                startup_tm4c123.o
    0x200000c8        -       0x00000200   Zero   RW           29    STACK               startup_tm4c123.o


==============================================================================

Image component sizes


      Code (inc. data)   RO Data    RW Data    ZI Data      Debug   Object Name

       516          8          0          0        100       1877   project.o
       276         24        620          0        512       5448   startup_tm4c123.o
       112          0          0          0          0       6564   system_tm4c123.o

    ----------------------------------------------------------------------
       912         32        636          0        616      13889   Object Totals
         0          0         16          0          0          0   (incl. Generated)
         8          0          0          0          4          0   (incl. Padding)

    ----------------------------------------------------------------------

      Code (inc. data)   RO Data    RW Data    ZI Data      Debug   Library Member Name

         8          0          0          0          0         68   __main.o
       104          0          0          0          0         84   __printf.o
         0          0          0          0          0          0   __rtentry.o
        12          0          0          0          0          0   __rtentry2.o
         6          0          0          0          0          0   __rtentry4.o
        52          8          0          0          0          0   __scatter.o
        28          0          0          0          0          0   __scatter_zi.o
        48          6          0          0          0         96   _printf_char_common.o
         6          0          0          0          0          0   _printf_d.o
       120         16          0          0          0         92   _printf_dec.o
       178          0          0          0          0         88   _printf_intcommon.o
         0          0          0          0          0          0   _printf_percent.o
         4          0          0          0          0          0   _printf_percent_end.o
        10          0          0          0          0         68   _sputc.o
        18          0          0          0          0         80   exit.o
         6          0          0          0          0        152   heapauxi.o
         0          0          0          0          0          0   indicate_semi.o
         2          0          0          0          0          0   libinit.o
         6          0          0          0          0          0   libinit2.o
         2          0          0          0          0          0   libshutdown.o
         2          0          0          0          0          0   libshutdown2.o
         8          4          0          0         96         68   libspace.o
        40          6          0          0          0         84   noretval__2sprintf.o
         2          0          0          0          0          0   rtexit.o
        10          0          0          0          0          0   rtexit2.o
        12          4          0          0          0         68   sys_exit.o
        74          0          0          0          0         80   sys_stackheap_outer.o
         2          0          0          0          0         68   use_no_semi.o
       292          0          0          0          0       8227   adc.o
       454          8        528          0          0       3161   gpio.o
       446         50        452          0          0       3602   sysctl.o
       110          0          0          0          0       1447   uart.o
        26          0          0          0          0        116   fpinit.o

    ----------------------------------------------------------------------
      2096        102        980          0         96      17649   Library Totals
         8          0          0          0          0          0   (incl. Padding)

    ----------------------------------------------------------------------

      Code (inc. data)   RO Data    RW Data    ZI Data      Debug   Library Name

       760         44          0          0         96       1096   c_w.l
      1302         58        980          0          0      16437   driverlib.lib
        26          0          0          0          0        116   fz_wm.l

    ----------------------------------------------------------------------
      2096        102        980          0         96      17649   Library Totals

    ----------------------------------------------------------------------

==============================================================================


      Code (inc. data)   RO Data    RW Data    ZI Data      Debug   

      3008        134       1616          0        712      29786   Grand Totals
      3008        134       1616          0        712      29786   ELF Image Totals
      3008        134       1616          0          0          0   ROM Totals

==============================================================================

    Total RO  Size (Code + RO Data)                 4624 (   4.52kB)
    Total RW  Size (RW Data + ZI Data)               712 (   0.70kB)
    Total ROM Size (Code + RO Data + RW Data)       4624 (   4.52kB)

==============================================================================

